2026-09-19 02:30:25 | INFO | Fetching NIFTY 500 stocks from NSE API
2026-09-19 02:30:25 | INFO | Fetching NIFTY 500 stocks list from NSE archives CSV: https://archives.nseindia.com/content/indices/ind_nifty500list.csv
2026-09-19 02:30:27 | INFO | NSE fetch success for NIFTY 500 from archives CSV: 501 symbols
2026-09-19 02:30:27 | INFO | NIFTY 500 source: NSE live list (501 stocks)
2026-09-19 02:30:29 | INFO | 🟡 WAIT       | 360ONE          | ₹   1073.10 | EMAs converging, no breakout yet
2026-09-19 02:30:32 | INFO | 🟡 WAIT       | 3MINDIA         | ₹  34095.00 | EMAs converging, no breakout yet
2026-09-19 02:30:34 | INFO | 🟣 FADING     | ABB             | ₹   7270.50 | Below 10W EMA - momentum fading
2026-09-19 02:30:36 | INFO | 🔴 EXIT       | ACC             | ₹   1259.70 | Below 40W EMA
2026-09-19 02:30:38 | INFO | 🟢 HOLD_ADD   | ACMESOLAR       | ₹    435.25 | Above all weekly EMAs
2026-09-19 02:30:40 | INFO | 🔴 EXIT       | AIAENG          | ₹   3973.30 | Below 40W EMA
2026-09-19 02:30:42 | INFO | 🟢 HOLD_ADD   | APLAPOLLO       | ₹   2270.10 | Above all weekly EMAs
2026-09-19 02:30:45 | INFO | 🟣 FADING     | AUBANK          | ₹   1058.60 | Below 10W EMA - momentum fading
2026-09-19 02:30:47 | INFO | 🔴 EXIT       | AWL             | ₹    186.98 | Below 40W EMA
2026-09-19 02:30:49 | INFO | 🟡 WAIT       | AADHARHFC       | ₹    461.65 | EMAs converging, no breakout yet
2026-09-19 02:30:51 | INFO | 🟣 FADING     | AARTIIND        | ₹    491.15 | Below 10W EMA - momentum fading
2026-09-19 02:30:53 | INFO | 🔴 EXIT       | AAVAS           | ₹   1284.60 | Below 40W EMA
2026-09-19 02:30:56 | INFO | 🟡 WAIT       | ABBOTINDIA      | ₹  27270.00 | EMAs converging, no breakout yet
2026-09-19 02:30:58 | INFO | 🟢 HOLD_ADD   | ACE             | ₹   1229.20 | Above all weekly EMAs
2026-09-19 02:31:00 | INFO | 🟢 HOLD_ADD   | ACUTAAS         | ₹   3440.30 | Above all weekly EMAs
2026-09-19 02:31:02 | INFO | 🟠 CAUTIOUS   | ADANIENSOL      | ₹   1436.10 | Below 20W EMA
2026-09-19 02:31:04 | INFO | 🟢 HOLD_ADD   | ADANIENT        | ₹   3020.00 | Above all weekly EMAs
2026-09-19 02:31:06 | INFO | 🟣 FADING     | ADANIGREEN      | ₹   1334.50 | Below 10W EMA - momentum fading
2026-09-19 02:31:09 | INFO | 🟢 HOLD_ADD   | ADANIPORTS      | ₹   1824.00 | Above all weekly EMAs
2026-09-19 02:31:11 | INFO | 🟠 CAUTIOUS   | ADANIPOWER      | ₹    206.60 | Below 20W EMA
2026-09-19 02:31:13 | INFO | 🟡 WAIT       | ATGL            | ₹    660.70 | EMAs converging, no breakout yet
2026-09-19 02:31:15 | INFO | 🟢 HOLD_ADD   | ABCAPITAL       | ₹    410.05 | Above all weekly EMAs
2026-09-19 02:31:18 | INFO | 🔴 EXIT       | ABFRL           | ₹     50.16 | Below 40W EMA
2026-09-19 02:31:20 | INFO | 🔴 EXIT       | ABLBL           | ₹     81.17 | Below 40W EMA
2026-09-19 02:31:22 | INFO | 🔴 EXIT       | ABREL           | ₹   1266.20 | Below 40W EMA
2026-09-19 02:31:24 | INFO | 🟢 HOLD_ADD   | ABSLAMC         | ₹   1060.40 | Above all weekly EMAs
2026-09-19 02:31:26 | INFO | 🟣 FADING     | CPPLUS          | ₹   3355.10 | Below 10W EMA - momentum fading
2026-09-19 02:31:28 | INFO | 🟢 HOLD_ADD   | AEGISLOG        | ₹   1415.40 | Above all weekly EMAs
2026-09-19 02:31:31 | INFO | 🟢 HOLD_ADD   | AEGISVOPAK      | ₹    314.95 | Above all weekly EMAs
2026-09-19 02:31:33 | INFO | 🔴 EXIT       | AFCONS          | ₹    263.40 | Below 40W EMA
2026-09-19 02:31:35 | INFO | 🟡 WAIT       | AFFLE           | ₹   1603.50 | EMAs converging, no breakout yet
2026-09-19 02:31:37 | INFO | 🟢 HOLD_ADD   | AJANTPHARM      | ₹   3563.60 | Above all weekly EMAs
2026-09-19 02:31:39 | INFO | 🟡 WAIT       | ALKEM           | ₹   5466.50 | EMAs converging, no breakout yet
2026-09-19 02:31:41 | INFO | 🟢 HOLD_ADD   | ABDL            | ₹    647.60 | Above all weekly EMAs
2026-09-19 02:31:44 | INFO | 🟡 WAIT       | ARE&M           | ₹    796.00 | EMAs converging, no breakout yet
2026-09-19 02:31:46 | INFO | 🟡 WAIT       | AMBER           | ₹   7125.00 | EMAs converging, no breakout yet
2026-09-19 02:31:48 | INFO | 🔴 EXIT       | AMBUJACEM       | ₹    388.30 | Below 40W EMA
2026-09-19 02:31:50 | INFO | 🟢 HOLD_ADD   | ANANDRATHI      | ₹   2229.40 | Above all weekly EMAs
2026-09-19 02:31:53 | INFO | 🟢 HOLD_ADD   | ANANTRAJ        | ₹    606.15 | Above all weekly EMAs
2026-09-19 02:31:55 | INFO | 🟠 CAUTIOUS   | ANGELONE        | ₹    299.10 | Below 20W EMA
2026-09-19 02:31:57 | INFO | 🟢 HOLD_ADD   | ANTHEM          | ₹    928.50 | Above all weekly EMAs
2026-09-19 02:31:59 | INFO | 🟡 WAIT       | ANURAS          | ₹   1207.70 | EMAs converging, no breakout yet
2026-09-19 02:32:01 | INFO | 🟢 HOLD_ADD   | APARINDS        | ₹  18858.00 | Above all weekly EMAs
2026-09-19 02:32:03 | INFO | 🟢 HOLD_ADD   | APOLLOHOSP      | ₹   8944.50 | Above all weekly EMAs
2026-09-19 02:32:05 | INFO | 🟡 WAIT       | APOLLOTYRE      | ₹    409.30 | EMAs converging, no breakout yet
2026-09-19 02:32:08 | INFO | 🔴 EXIT       | APTUS           | ₹    237.68 | Below 40W EMA
2026-09-19 02:32:10 | INFO | 🟢 HOLD_ADD   | ASAHIINDIA      | ₹    961.05 | Above all weekly EMAs
2026-09-19 02:32:12 | INFO | 🟡 WAIT       | ASHOKLEY        | ₹    163.00 | EMAs converging, no breakout yet
2026-09-19 02:32:14 | INFO | 🟡 WAIT       | ASIANPAINT      | ₹   2451.30 | EMAs converging, no breakout yet
2026-09-19 02:32:16 | INFO | 🟠 CAUTIOUS   | ASTERDM         | ₹    755.05 | Below 20W EMA
2026-09-19 02:32:18 | INFO | 🟡 WAIT       | ASTRAL          | ₹   1427.70 | EMAs converging, no breakout yet
2026-09-19 02:32:21 | INFO | 🟢 HOLD_ADD   | ATHERENERG      | ₹   1640.00 | Above all weekly EMAs
2026-09-19 02:32:23 | INFO | 🟡 WAIT       | ATUL            | ₹   6170.50 | EMAs converging, no breakout yet
2026-09-19 02:32:25 | INFO | 🟢 HOLD_ADD   | AUROPHARMA      | ₹   1734.00 | Above all weekly EMAs
2026-09-19 02:32:27 | INFO | 🟢 HOLD_ADD   | AIIL            | ₹    559.00 | Above all weekly EMAs
2026-09-19 02:32:29 | INFO | 🔴 EXIT       | DMART           | ₹   3749.90 | Below 40W EMA
2026-09-19 02:32:32 | INFO | 🟡 WAIT       | AXISBANK        | ₹   1257.00 | EMAs converging, no breakout yet
2026-09-19 02:32:34 | INFO | 🟢 HOLD_ADD   | BEML            | ₹   2135.00 | Above all weekly EMAs
2026-09-19 02:32:36 | INFO | 🔴 EXIT       | BLS             | ₹    226.50 | Below 40W EMA
2026-09-19 02:32:38 | INFO | 🔴 EXIT       | BSE             | ₹   3266.40 | Below 40W EMA
2026-09-19 02:32:40 | INFO | 🟢 HOLD_ADD   | BAJAJ-AUTO      | ₹  11414.00 | Above all weekly EMAs
2026-09-19 02:32:43 | INFO | 🟣 FADING     | BAJFINANCE      | ₹   1040.30 | Below 10W EMA - momentum fading
2026-09-19 02:32:45 | INFO | 🟡 WAIT       | BAJAJFINSV      | ₹   1852.50 | EMAs converging, no breakout yet
2026-09-19 02:32:47 | INFO | 🟡 WAIT       | BAJAJHLDNG      | ₹  11282.00 | EMAs converging, no breakout yet
2026-09-19 02:32:49 | INFO | 🔴 EXIT       | BAJAJHFL        | ₹     85.58 | Below 40W EMA
2026-09-19 02:32:51 | INFO | 🟡 WAIT       | BALKRISIND      | ₹   2265.30 | EMAs converging, no breakout yet
2026-09-19 02:32:54 | INFO | 🟢 HOLD_ADD   | BALRAMCHIN      | ₹    672.60 | Above all weekly EMAs
2026-09-19 02:32:56 | INFO | 🟡 WAIT       | BANDHANBNK      | ₹    175.00 | EMAs converging, no breakout yet
2026-09-19 02:32:58 | INFO | 🔴 EXIT       | BANKBARODA      | ₹    234.94 | Below 40W EMA
2026-09-19 02:33:00 | INFO | 🟡 WAIT       | BANKINDIA       | ₹    140.00 | EMAs converging, no breakout yet
2026-09-19 02:33:02 | INFO | 🟢 HOLD_ADD   | MAHABANK        | ₹     83.54 | Above all weekly EMAs
2026-09-19 02:33:05 | INFO | 🔴 EXIT       | BATAINDIA       | ₹    638.30 | Below 40W EMA
2026-09-19 02:33:07 | INFO | 🔴 EXIT       | BAYERCROP       | ₹   3779.50 | Below 40W EMA
2026-09-19 02:33:09 | INFO | 🟢 HOLD_ADD   | BELRISE         | ₹    240.18 | Above all weekly EMAs
2026-09-19 02:33:11 | INFO | 🟡 WAIT       | BERGEPAINT      | ₹    458.65 | EMAs converging, no breakout yet
2026-09-19 02:33:14 | INFO | 🔴 EXIT       | BDL             | ₹   1196.60 | Below 40W EMA
2026-09-19 02:33:16 | INFO | 🟡 WAIT       | BEL             | ₹    393.30 | EMAs converging, no breakout yet
2026-09-19 02:33:18 | INFO | 🟠 CAUTIOUS   | BHARATFORG      | ₹   1962.10 | Below 20W EMA
2026-09-19 02:33:20 | INFO | 🟢 HOLD_ADD   | BHEL            | ₹    439.90 | Above all weekly EMAs
2026-09-19 02:33:22 | INFO | 🟡 WAIT       | BPCL            | ₹    314.00 | EMAs converging, no breakout yet
2026-09-19 02:33:24 | INFO | 🟡 WAIT       | BHARTIARTL      | ₹   1893.30 | EMAs converging, no breakout yet
2026-09-19 02:33:27 | INFO | 🟡 WAIT       | BHARTIHEXA      | ₹   1540.10 | EMAs converging, no breakout yet
2026-09-19 02:33:29 | INFO | 🔴 EXIT       | BIKAJI          | ₹    580.25 | Below 40W EMA
2026-09-19 02:33:31 | WARNING | GROWW: Insufficient data for analysis
2026-09-19 02:33:33 | INFO | 🟡 WAIT       | BIOCON          | ₹    385.00 | EMAs converging, no breakout yet
2026-09-19 02:33:35 | INFO | 🔴 EXIT       | BSOFT           | ₹    280.40 | Below 40W EMA
2026-09-19 02:33:38 | INFO | 🔴 EXIT       | BLUEDART        | ₹   4821.00 | Below 40W EMA
2026-09-19 02:33:40 | INFO | 🟢 HOLD_ADD   | BLUEJET         | ₹    575.25 | Above all weekly EMAs
2026-09-19 02:33:42 | INFO | 🔴 EXIT       | BLUESTARCO      | ₹   1531.80 | Below 40W EMA
2026-09-19 02:33:44 | INFO | 🔴 EXIT       | BBTC            | ₹   1512.10 | Below 40W EMA
2026-09-19 02:33:47 | INFO | 🟢 HOLD_ADD   | BOSCHLTD        | ₹  47000.00 | Above all weekly EMAs
2026-09-19 02:33:49 | INFO | 🔴 EXIT       | FIRSTCRY        | ₹    172.15 | Below 40W EMA
2026-09-19 02:33:51 | INFO | 🟢 HOLD_ADD   | BRIGADE         | ₹    621.70 | Above all weekly EMAs
2026-09-19 02:33:53 | INFO | 🔴 EXIT       | BRITANNIA       | ₹   4998.00 | Below 40W EMA
2026-09-19 02:33:55 | INFO | 🔴 EXIT       | MAPMYINDIA      | ₹    899.40 | Below 40W EMA
2026-09-19 02:33:57 | INFO | 🟠 CAUTIOUS   | CCL             | ₹   1065.60 | Below 20W EMA
2026-09-19 02:33:59 | INFO | 🔴 EXIT       | CESC            | ₹    141.53 | Below 40W EMA
2026-09-19 02:34:02 | INFO | 🟢 HOLD_ADD   | CGPOWER         | ₹    892.00 | Above all weekly EMAs
2026-09-19 02:34:04 | INFO | 🔴 EXIT       | CIEINDIA        | ₹    387.15 | Below 40W EMA
2026-09-19 02:34:06 | INFO | 🟡 WAIT       | CRISIL          | ₹   4577.50 | EMAs converging, no breakout yet
2026-09-19 02:34:08 | INFO | 🔴 EXIT       | CANFINHOME      | ₹    778.50 | Broke support with EMAs converging
2026-09-19 02:34:10 | INFO | 🟡 WAIT       | CANBK           | ₹    123.78 | EMAs converging, no breakout yet
2026-09-19 02:34:13 | WARNING | CANHLIFE: Insufficient data for analysis
2026-09-19 02:34:15 | INFO | 🟢 HOLD_ADD   | CAPLIPOINT      | ₹   2748.60 | Above all weekly EMAs
2026-09-19 02:34:17 | INFO | 🟢 HOLD_ADD   | CGCL            | ₹    270.65 | Above all weekly EMAs
2026-09-19 02:34:19 | INFO | 🟢 HOLD_ADD   | CARBORUNIV      | ₹   1124.40 | Above all weekly EMAs
2026-09-19 02:34:21 | INFO | 🟢 HOLD_ADD   | CARTRADE        | ₹   2988.90 | Above all weekly EMAs
2026-09-19 02:34:24 | INFO | ✅ BULLISH    | CASTROLIND      | ₹    197.14 | Resistance breakout with EMAs converging
2026-09-19 02:34:26 | INFO | 🟡 WAIT       | CEATLTD         | ₹   3468.90 | EMAs converging, no breakout yet
2026-09-19 02:34:28 | INFO | 🟣 FADING     | CEMPRO          | ₹   1263.50 | Below 10W EMA - momentum fading
2026-09-19 02:34:30 | INFO | 🔴 EXIT       | CENTRALBK       | ₹     31.73 | Below 40W EMA
2026-09-19 02:34:33 | INFO | 🟡 WAIT       | CDSL            | ₹   1390.00 | EMAs converging, no breakout yet
2026-09-19 02:34:35 | INFO | 🟡 WAIT       | CHALET          | ₹    865.65 | EMAs converging, no breakout yet
2026-09-19 02:34:37 | INFO | 🔴 EXIT       | CHAMBLFERT      | ₹    414.90 | Below 40W EMA
2026-09-19 02:34:39 | INFO | 🟢 HOLD_ADD   | CHENNPETRO      | ₹   1416.60 | Above all weekly EMAs
2026-09-19 02:34:41 | INFO | 🟠 CAUTIOUS   | CHOICEIN        | ₹    763.85 | Below 20W EMA
2026-09-19 02:34:44 | INFO | 🔴 EXIT       | CHOLAHLDNG      | ₹   1507.70 | Below 40W EMA
2026-09-19 02:34:46 | INFO | 🟣 FADING     | CHOLAFIN        | ₹   1800.00 | Below 10W EMA - momentum fading
2026-09-19 02:34:48 | INFO | 🟡 WAIT       | CIPLA           | ₹   1394.50 | EMAs converging, no breakout yet
2026-09-19 02:34:50 | INFO | 🟢 HOLD_ADD   | CUB             | ₹    235.79 | Above all weekly EMAs
2026-09-19 02:34:53 | INFO | 🟢 HOLD_ADD   | CLEAN           | ₹    851.90 | Above all weekly EMAs
2026-09-19 02:34:55 | INFO | 🟡 WAIT       | COALINDIA       | ₹    409.90 | EMAs converging, no breakout yet
2026-09-19 02:34:57 | INFO | 🔴 EXIT       | COCHINSHIP      | ₹   1398.00 | Below 40W EMA
2026-09-19 02:34:59 | INFO | 🟢 HOLD_ADD   | COFORGE         | ₹   1841.00 | Above all weekly EMAs
2026-09-19 02:35:01 | INFO | 🔴 EXIT       | COHANCE         | ₹    438.00 | Below 40W EMA
2026-09-19 02:35:03 | INFO | 🔴 EXIT       | COLPAL          | ₹   1917.80 | Below 40W EMA
2026-09-19 02:35:06 | INFO | 🟡 WAIT       | CAMS            | ₹    708.05 | EMAs converging, no breakout yet
2026-09-19 02:35:08 | INFO | 🟢 HOLD_ADD   | CONCORDBIO      | ₹   1494.40 | Above all weekly EMAs
2026-09-19 02:35:10 | INFO | 🟡 WAIT       | CONCOR          | ₹    504.55 | EMAs converging, no breakout yet
2026-09-19 02:35:12 | INFO | 🟡 WAIT       | COROMANDEL      | ₹   1999.50 | EMAs converging, no breakout yet
2026-09-19 02:35:14 | INFO | 🟢 HOLD_ADD   | CRAFTSMAN       | ₹  11138.00 | Above all weekly EMAs
2026-09-19 02:35:17 | INFO | 🟠 CAUTIOUS   | CREDITACC       | ₹   1387.60 | Below 20W EMA
2026-09-19 02:35:19 | INFO | 🔴 EXIT       | CROMPTON        | ₹    227.12 | Below 40W EMA
2026-09-19 02:35:21 | INFO | 🟠 CAUTIOUS   | CUMMINSIND      | ₹   5099.50 | Below 20W EMA
2026-09-19 02:35:23 | INFO | 🟢 HOLD_ADD   | CYIENT          | ₹   1073.30 | Above all weekly EMAs
2026-09-19 02:35:26 | INFO | 🔴 EXIT       | DCMSHRIRAM      | ₹    995.00 | Below 40W EMA
2026-09-19 02:35:28 | INFO | 🟡 WAIT       | DLF             | ₹    644.35 | EMAs converging, no breakout yet
2026-09-19 02:35:30 | INFO | 🔴 EXIT       | DOMS            | ₹   2105.30 | Below 40W EMA
2026-09-19 02:35:32 | INFO | 🔴 EXIT       | DABUR           | ₹    395.25 | Below 40W EMA
2026-09-19 02:35:34 | INFO | 🔴 EXIT       | DALBHARAT       | ₹   1761.40 | Below 40W EMA
2026-09-19 02:35:37 | INFO | 🟣 FADING     | DATAPATTNS      | ₹   4513.30 | Below 10W EMA - momentum fading
2026-09-19 02:35:39 | INFO | 🔴 EXIT       | DEEPAKFERT      | ₹   1343.20 | Below 40W EMA
2026-09-19 02:35:41 | INFO | 🟡 WAIT       | DEEPAKNTR       | ₹   1586.30 | EMAs converging, no breakout yet
2026-09-19 02:35:43 | INFO | 🔴 EXIT       | DELHIVERY       | ₹    428.00 | Broke support with EMAs converging
2026-09-19 02:35:45 | INFO | 🟢 HOLD_ADD   | DEVYANI         | ₹    140.62 | Above all weekly EMAs
2026-09-19 02:35:48 | INFO | 🟢 HOLD_ADD   | DIVISLAB        | ₹   9375.00 | Above all weekly EMAs
2026-09-19 02:35:50 | INFO | 🔴 EXIT       | DIXON           | ₹  13005.00 | Below 40W EMA
2026-09-19 02:35:52 | INFO | 🟢 HOLD_ADD   | LALPATHLAB      | ₹   1896.90 | Above all weekly EMAs
2026-09-19 02:35:54 | INFO | 🔴 EXIT       | DRREDDY         | ₹   1185.00 | Below 40W EMA
2026-09-19 02:35:55 | ERROR | HTTP Error 404: {"quoteSummary":{"result":null,"error":{"code":"Not Found","description":"Quote not found for symbol: DUMMYHEG.NS"}}}
2026-09-19 02:35:55 | ERROR | $DUMMYHEG.NS: possibly delisted; no timezone found
2026-09-19 02:35:57 | WARNING | No data returned for DUMMYHEG
2026-09-19 02:35:59 | INFO | 🔴 EXIT       | EIDPARRY        | ₹    700.70 | Below 40W EMA
2026-09-19 02:36:01 | INFO | 🔴 EXIT       | EIHOTEL         | ₹    317.90 | Below 40W EMA
2026-09-19 02:36:03 | INFO | 🟠 CAUTIOUS   | EICHERMOT       | ₹   7516.00 | Below 20W EMA
2026-09-19 02:36:06 | INFO | 🔴 EXIT       | ELECON          | ₹    421.20 | Below 40W EMA
2026-09-19 02:36:08 | INFO | 🟢 HOLD_ADD   | ELGIEQUIP       | ₹    609.55 | Above all weekly EMAs
2026-09-19 02:36:10 | INFO | 🔴 EXIT       | EMAMILTD        | ₹    368.45 | Below 40W EMA
2026-09-19 02:36:12 | INFO | 🟢 HOLD_ADD   | EMCURE          | ₹   2003.80 | Above all weekly EMAs
2026-09-19 02:36:14 | WARNING | EMMVEE: Insufficient data for analysis
2026-09-19 02:36:16 | INFO | 🟣 FADING     | ENDURANCE       | ₹   2732.00 | Below 10W EMA - momentum fading
2026-09-19 02:36:19 | INFO | 🟢 HOLD_ADD   | ENGINERSIN      | ₹    266.35 | Above all weekly EMAs
2026-09-19 02:36:21 | INFO | 🔴 EXIT       | ERIS            | ₹   1321.30 | Below 40W EMA
2026-09-19 02:36:23 | INFO | 🔴 EXIT       | ESCORTS         | ₹   2798.20 | Below 40W EMA
2026-09-19 02:36:25 | INFO | 🟢 HOLD_ADD   | ETERNAL         | ₹    326.85 | Above all weekly EMAs
2026-09-19 02:36:27 | INFO | 🟢 HOLD_ADD   | EXIDEIND        | ₹    435.85 | Above all weekly EMAs
2026-09-19 02:36:29 | INFO | 🟢 HOLD_ADD   | NYKAA           | ₹    332.15 | Above all weekly EMAs
2026-09-19 02:36:32 | INFO | 🟣 FADING     | FEDERALBNK      | ₹    332.75 | Below 10W EMA - momentum fading
2026-09-19 02:36:34 | INFO | 🔴 EXIT       | FACT            | ₹    764.20 | Below 40W EMA
2026-09-19 02:36:36 | INFO | 🟢 HOLD_ADD   | FINCABLES       | ₹   1411.20 | Above all weekly EMAs
2026-09-19 02:36:38 | INFO | 🟡 WAIT       | FSL             | ₹    273.45 | EMAs converging, no breakout yet
2026-09-19 02:36:40 | INFO | 🟢 HOLD_ADD   | FIVESTAR        | ₹    538.45 | Above all weekly EMAs
2026-09-19 02:36:42 | INFO | 🔴 EXIT       | FORCEMOT        | ₹  17488.00 | Below 40W EMA
2026-09-19 02:36:45 | INFO | 🟡 WAIT       | FORTIS          | ₹    886.00 | EMAs converging, no breakout yet
2026-09-19 02:36:47 | INFO | 🟡 WAIT       | GAIL            | ₹    173.90 | EMAs converging, no breakout yet
2026-09-19 02:36:49 | INFO | 🟣 FADING     | GVT&D           | ₹   4385.00 | Below 10W EMA - momentum fading
2026-09-19 02:36:51 | INFO | 🟡 WAIT       | GMRAIRPORT      | ₹     99.30 | EMAs converging, no breakout yet
2026-09-19 02:36:54 | INFO | 🟣 FADING     | GABRIEL         | ₹   1321.80 | Below 10W EMA - momentum fading
2026-09-19 02:36:56 | INFO | 🔴 EXIT       | GALLANTT        | ₹    547.15 | Below 40W EMA
2026-09-19 02:36:58 | INFO | 🟡 WAIT       | GRSE            | ₹   2411.80 | EMAs converging, no breakout yet
2026-09-19 02:37:00 | INFO | 🟡 WAIT       | GICRE           | ₹    351.00 | EMAs converging, no breakout yet
2026-09-19 02:37:02 | INFO | 🔴 EXIT       | GILLETTE        | ₹   7073.00 | Below 40W EMA
2026-09-19 02:37:04 | INFO | 🟢 HOLD_ADD   | GLAND           | ₹   2961.90 | Above all weekly EMAs
2026-09-19 02:37:07 | INFO | 🟢 HOLD_ADD   | GLAXO           | ₹   2838.80 | Above all weekly EMAs
2026-09-19 02:37:09 | INFO | 🟢 HOLD_ADD   | GLENMARK        | ₹   2447.40 | Above all weekly EMAs
2026-09-19 02:37:11 | INFO | 🟢 HOLD_ADD   | MEDANTA         | ₹   1499.40 | Above all weekly EMAs
2026-09-19 02:37:13 | INFO | 🔴 EXIT       | GODIGIT         | ₹    239.00 | Below 40W EMA
2026-09-19 02:37:15 | INFO | 🔴 EXIT       | GPIL            | ₹    233.47 | Below 40W EMA
2026-09-19 02:37:17 | INFO | 🔴 EXIT       | GODFRYPHLP      | ₹   2018.00 | Below 40W EMA
2026-09-19 02:37:20 | INFO | 🔴 EXIT       | GODREJCP        | ₹    880.00 | Below 40W EMA
2026-09-19 02:37:22 | INFO | 🔴 EXIT       | GODREJIND       | ₹   1107.40 | Below 40W EMA
2026-09-19 02:37:24 | INFO | 🟡 WAIT       | GODREJPROP      | ₹   1691.10 | EMAs converging, no breakout yet
2026-09-19 02:37:26 | INFO | 🟢 HOLD_ADD   | GRANULES        | ₹    875.50 | Above all weekly EMAs
2026-09-19 02:37:28 | INFO | 🟢 HOLD_ADD   | GRAPHITE        | ₹    830.85 | Above all weekly EMAs
2026-09-19 02:37:31 | INFO | 🟣 FADING     | GRASIM          | ₹   3209.20 | Below 10W EMA - momentum fading
2026-09-19 02:37:33 | INFO | 🟡 WAIT       | GRAVITA         | ₹   1598.40 | EMAs converging, no breakout yet
2026-09-19 02:37:35 | INFO | 🟢 HOLD_ADD   | GESHIP          | ₹   1432.10 | Above all weekly EMAs
2026-09-19 02:37:37 | INFO | 🟢 HOLD_ADD   | FLUOROCHEM      | ₹   4586.70 | Above all weekly EMAs
2026-09-19 02:37:39 | INFO | 🟡 WAIT       | GMDCLTD         | ₹    556.45 | EMAs converging, no breakout yet
2026-09-19 02:37:42 | INFO | 🟡 WAIT       | HBLENGINE       | ₹    760.00 | EMAs converging, no breakout yet
2026-09-19 02:37:44 | INFO | 🔴 EXIT       | HCLTECH         | ₹   1249.30 | Below 40W EMA
2026-09-19 02:37:46 | INFO | 🟡 WAIT       | HDBFS           | ₹    698.40 | EMAs converging, no breakout yet
2026-09-19 02:37:48 | INFO | 🟡 WAIT       | HDFCAMC         | ₹   2425.00 | EMAs converging, no breakout yet
2026-09-19 02:37:50 | INFO | 🔴 EXIT       | HDFCBANK        | ₹    731.00 | Below 40W EMA
2026-09-19 02:37:52 | INFO | 🔴 EXIT       | HDFCLIFE        | ₹    550.95 | Below 40W EMA
2026-09-19 02:37:55 | INFO | 🔴 EXIT       | HEG             | ₹    237.05 | Below 40W EMA
2026-09-19 02:37:57 | INFO | 🟣 FADING     | HFCL            | ₹    215.71 | Below 10W EMA - momentum fading
2026-09-19 02:37:59 | INFO | 🔴 EXIT       | HAVELLS         | ₹   1132.40 | Below 40W EMA
2026-09-19 02:38:01 | INFO | 🟡 WAIT       | HEROMOTOCO      | ₹   5285.50 | EMAs converging, no breakout yet
2026-09-19 02:38:03 | INFO | 🔴 EXIT       | HEXT            | ₹    524.55 | Below 40W EMA
2026-09-19 02:38:06 | INFO | 🟣 FADING     | HSCL            | ₹    675.35 | Below 10W EMA - momentum fading
2026-09-19 02:38:08 | INFO | 🟠 CAUTIOUS   | HINDALCO        | ₹    986.50 | Below 20W EMA
2026-09-19 02:38:10 | INFO | 🟢 HOLD_ADD   | HAL             | ₹   4800.30 | Above all weekly EMAs
2026-09-19 02:38:12 | INFO | 🟠 CAUTIOUS   | HINDCOPPER      | ₹    497.40 | Below 20W EMA
2026-09-19 02:38:15 | INFO | 🟡 WAIT       | HINDPETRO       | ₹    359.00 | EMAs converging, no breakout yet
2026-09-19 02:38:17 | INFO | 🔴 EXIT       | HINDUNILVR      | ₹   1932.00 | Below 40W EMA
2026-09-19 02:38:19 | INFO | 🟢 HOLD_ADD   | HINDZINC        | ₹    596.00 | Above all weekly EMAs
2026-09-19 02:38:21 | INFO | 🟣 FADING     | POWERINDIA      | ₹  32700.00 | Below 10W EMA - momentum fading
2026-09-19 02:38:24 | INFO | 🟢 HOLD_ADD   | HOMEFIRST       | ₹   1241.30 | Above all weekly EMAs
2026-09-19 02:38:26 | INFO | 🟢 HOLD_ADD   | HONASA          | ₹    479.55 | Above all weekly EMAs
2026-09-19 02:38:28 | INFO | 🟡 WAIT       | HONAUT          | ₹  35445.00 | EMAs converging, no breakout yet
2026-09-19 02:38:30 | INFO | 🔴 EXIT       | HUDCO           | ₹    174.92 | Below 40W EMA
2026-09-19 02:38:32 | INFO | 🟢 HOLD_ADD   | HYUNDAI         | ₹   2208.80 | Above all weekly EMAs
2026-09-19 02:38:34 | INFO | 🟡 WAIT       | ICICIBANK       | ₹   1338.90 | EMAs converging, no breakout yet
2026-09-19 02:38:37 | INFO | 🔴 EXIT       | ICICIGI         | ₹   1458.10 | Below 40W EMA
2026-09-19 02:38:39 | WARNING | ICICIAMC: Insufficient data for analysis
2026-09-19 02:38:41 | INFO | 🔴 EXIT       | ICICIPRULI      | ₹    492.00 | Below 40W EMA
2026-09-19 02:38:43 | INFO | 🟡 WAIT       | IDBI            | ₹     83.06 | EMAs converging, no breakout yet
2026-09-19 02:38:45 | INFO | 🟢 HOLD_ADD   | IDFCFIRSTB      | ₹     85.92 | Above all weekly EMAs
2026-09-19 02:38:48 | INFO | 🟠 CAUTIOUS   | IFCI            | ₹     76.51 | Below 20W EMA
2026-09-19 02:38:50 | INFO | 🟣 FADING     | IIFL            | ₹    600.20 | Below 10W EMA - momentum fading
2026-09-19 02:38:52 | INFO | 🔴 EXIT       | IRB             | ₹     18.48 | Below 40W EMA
2026-09-19 02:38:54 | INFO | 🔴 EXIT       | IRCON           | ₹    109.85 | Below 40W EMA
2026-09-19 02:38:56 | INFO | 🔴 EXIT       | ITCHOTELS       | ₹    158.80 | Below 40W EMA
2026-09-19 02:38:58 | INFO | 🔴 EXIT       | ITC             | ₹    262.30 | Below 40W EMA
2026-09-19 02:39:01 | INFO | 🔴 EXIT       | ITI             | ₹    256.30 | Below 40W EMA
2026-09-19 02:39:03 | INFO | 🟢 HOLD_ADD   | INDGN           | ₹    600.10 | Above all weekly EMAs
2026-09-19 02:39:05 | INFO | 🔴 EXIT       | INDIACEM        | ₹    344.80 | Below 40W EMA
2026-09-19 02:39:07 | INFO | 🔴 EXIT       | INDIAMART       | ₹   1646.30 | Below 40W EMA
2026-09-19 02:39:09 | INFO | 🟠 CAUTIOUS   | INDIANB         | ₹    839.80 | Below 20W EMA
2026-09-19 02:39:12 | INFO | 🔴 EXIT       | IEX             | ₹    115.46 | Below 40W EMA
2026-09-19 02:39:14 | INFO | 🟡 WAIT       | INDHOTEL        | ₹    732.75 | EMAs converging, no breakout yet
2026-09-19 02:39:16 | INFO | 🔴 EXIT       | IOC             | ₹    137.00 | Below 40W EMA
2026-09-19 02:39:18 | INFO | 🔴 EXIT       | IOB             | ₹     32.17 | Below 40W EMA
2026-09-19 02:39:20 | INFO | 🔴 EXIT       | IRCTC           | ₹    476.75 | Below 40W EMA
2026-09-19 02:39:23 | INFO | 🔴 EXIT       | IRFC            | ₹     81.50 | Below 40W EMA
2026-09-19 02:39:25 | INFO | 🔴 EXIT       | IREDA           | ₹    114.32 | Below 40W EMA
2026-09-19 02:39:27 | INFO | 🔴 EXIT       | IGL             | ₹    148.56 | Below 40W EMA
2026-09-19 02:39:29 | INFO | 🟡 WAIT       | INDUSTOWER      | ₹    375.90 | EMAs converging, no breakout yet
2026-09-19 02:39:31 | INFO | 🟣 FADING     | INDUSINDBK      | ₹    966.30 | Below 10W EMA - momentum fading
2026-09-19 02:39:33 | INFO | 🟢 HOLD_ADD   | NAUKRI          | ₹   1251.20 | Above all weekly EMAs
2026-09-19 02:39:36 | INFO | 🔴 EXIT       | INFY            | ₹   1051.40 | Below 40W EMA
2026-09-19 02:39:38 | INFO | 🔴 EXIT       | INOXWIND        | ₹     76.80 | Below 40W EMA
2026-09-19 02:39:40 | INFO | 🔴 EXIT       | INTELLECT       | ₹    647.45 | Below 40W EMA
2026-09-19 02:39:42 | INFO | 🟡 WAIT       | INDIGO          | ₹   4920.00 | EMAs converging, no breakout yet
2026-09-19 02:39:44 | INFO | 🟡 WAIT       | IGIL            | ₹    330.95 | EMAs converging, no breakout yet
2026-09-19 02:39:47 | INFO | 🟢 HOLD_ADD   | IKS             | ₹   1779.90 | Above all weekly EMAs
2026-09-19 02:39:49 | INFO | 🟢 HOLD_ADD   | IPCALAB         | ₹   2009.60 | Above all weekly EMAs
2026-09-19 02:39:51 | INFO | 🔴 EXIT       | JKCEMENT        | ₹   5064.50 | Below 40W EMA
2026-09-19 02:39:53 | INFO | 🔴 EXIT       | JBMA            | ₹    599.10 | Broke support with EMAs converging
2026-09-19 02:39:55 | INFO | 🔴 EXIT       | JKTYRE          | ₹    349.35 | Below 40W EMA
2026-09-19 02:39:58 | INFO | 🟡 WAIT       | JMFINANCIL      | ₹    126.30 | EMAs converging, no breakout yet
2026-09-19 02:40:00 | INFO | 🟡 WAIT       | JSWCEMENT       | ₹    117.44 | EMAs converging, no breakout yet
2026-09-19 02:40:02 | INFO | 🟡 WAIT       | JSWDULUX        | ₹   3188.80 | EMAs converging, no breakout yet
2026-09-19 02:40:04 | INFO | 🟡 WAIT       | JSWENERGY       | ₹    526.00 | EMAs converging, no breakout yet
2026-09-19 02:40:07 | INFO | 🟢 HOLD_ADD   | JSWINFRA        | ₹    348.25 | Above all weekly EMAs
2026-09-19 02:40:09 | INFO | 🟣 FADING     | JSWSTEEL        | ₹   1275.60 | Below 10W EMA - momentum fading
2026-09-19 02:40:11 | INFO | 🔴 EXIT       | JAINREC         | ₹    276.25 | Below 40W EMA
2026-09-19 02:40:13 | INFO | 🔴 EXIT       | JPPOWER         | ₹     15.37 | Below 40W EMA
2026-09-19 02:40:15 | INFO | 🟠 CAUTIOUS   | J&KBANK         | ₹    146.58 | Below 20W EMA
2026-09-19 02:40:18 | INFO | 🟢 HOLD_ADD   | JINDALSAW       | ₹    289.50 | Above all weekly EMAs
2026-09-19 02:40:20 | INFO | 🟡 WAIT       | JSL             | ₹    750.95 | EMAs converging, no breakout yet
2026-09-19 02:40:22 | INFO | 🟡 WAIT       | JINDALSTEL      | ₹   1119.50 | EMAs converging, no breakout yet
2026-09-19 02:40:24 | INFO | 🔴 EXIT       | JIOFIN          | ₹    229.89 | Below 40W EMA
2026-09-19 02:40:26 | INFO | 🟢 HOLD_ADD   | JUBLFOOD        | ₹    500.00 | Above all weekly EMAs
2026-09-19 02:40:28 | INFO | 🟡 WAIT       | JUBLINGREA      | ₹    624.90 | EMAs converging, no breakout yet
2026-09-19 02:40:31 | INFO | ✅ BULLISH    | JUBLPHARMA      | ₹   1065.40 | Resistance breakout with EMAs converging
2026-09-19 02:40:33 | INFO | 🔴 EXIT       | JWL             | ₹    230.13 | Below 40W EMA
2026-09-19 02:40:35 | INFO | 🟢 HOLD_ADD   | JYOTICNC        | ₹   1049.70 | Above all weekly EMAs
2026-09-19 02:40:37 | INFO | 🟢 HOLD_ADD   | KPRMILL         | ₹   1141.40 | Above all weekly EMAs
2026-09-19 02:40:39 | INFO | 🔴 EXIT       | KEI             | ₹   4650.00 | Below 40W EMA
2026-09-19 02:40:42 | INFO | 🔴 EXIT       | KPITTECH        | ₹    532.00 | Below 40W EMA
2026-09-19 02:40:44 | INFO | 🟣 FADING     | KAJARIACER      | ₹   1202.70 | Below 10W EMA - momentum fading
2026-09-19 02:40:46 | INFO | 🟢 HOLD_ADD   | KPIL            | ₹   1445.50 | Above all weekly EMAs
2026-09-19 02:40:48 | INFO | 🟢 HOLD_ADD   | KALYANKJIL      | ₹    581.85 | Above all weekly EMAs
2026-09-19 02:40:51 | INFO | 🟢 HOLD_ADD   | KARURVYSYA      | ₹    332.15 | Above all weekly EMAs
2026-09-19 02:40:53 | INFO | 🔴 EXIT       | KAYNES          | ₹   3515.00 | Below 40W EMA
2026-09-19 02:40:55 | INFO | 🔴 EXIT       | KEC             | ₹    404.25 | Below 40W EMA
2026-09-19 02:40:57 | INFO | 🟡 WAIT       | KFINTECH        | ₹    930.00 | EMAs converging, no breakout yet
2026-09-19 02:41:00 | INFO | 🟢 HOLD_ADD   | KIRLOSENG       | ₹   2160.10 | Above all weekly EMAs
2026-09-19 02:41:02 | INFO | 🟡 WAIT       | KOTAKBANK       | ₹    412.50 | EMAs converging, no breakout yet
2026-09-19 02:41:04 | INFO | 🟢 HOLD_ADD   | KIMS            | ₹    809.85 | Above all weekly EMAs
2026-09-19 02:41:06 | INFO | 🟢 HOLD_ADD   | LTF             | ₹    312.80 | Above all weekly EMAs
2026-09-19 02:41:08 | INFO | 🔴 EXIT       | LTTS            | ₹   3347.50 | Below 40W EMA
2026-09-19 02:41:10 | WARNING | LGEINDIA: Insufficient data for analysis
2026-09-19 02:41:13 | INFO | 🟡 WAIT       | LICHSGFIN       | ₹    548.15 | EMAs converging, no breakout yet
2026-09-19 02:41:15 | INFO | 🟢 HOLD_ADD   | LTFOODS         | ₹    423.20 | Above all weekly EMAs
2026-09-19 02:41:17 | INFO | 🔴 EXIT       | LTM             | ₹   4275.10 | Below 40W EMA
2026-09-19 02:41:19 | INFO | 🟡 WAIT       | LT              | ₹   3885.00 | EMAs converging, no breakout yet
2026-09-19 02:41:21 | INFO | 🔴 EXIT       | LATENTVIEW      | ₹    255.35 | Below 40W EMA
2026-09-19 02:41:23 | INFO | 🟢 HOLD_ADD   | LAURUSLABS      | ₹   1954.00 | Above all weekly EMAs
2026-09-19 02:41:26 | INFO | 🟢 HOLD_ADD   | THELEELA        | ₹    540.55 | Above all weekly EMAs
2026-09-19 02:41:28 | INFO | 🔴 EXIT       | LEMONTREE       | ₹    106.47 | Below 40W EMA
2026-09-19 02:41:30 | WARNING | LENSKART: Insufficient data for analysis
2026-09-19 02:41:32 | INFO | 🟡 WAIT       | LICI            | ₹    407.70 | EMAs converging, no breakout yet
2026-09-19 02:41:34 | INFO | 🔴 EXIT       | LINDEINDIA      | ₹   6241.50 | Broke support with EMAs converging
2026-09-19 02:41:36 | INFO | 🟣 FADING     | LLOYDSME        | ₹   1826.70 | Below 10W EMA - momentum fading
2026-09-19 02:41:38 | INFO | 🟣 FADING     | LODHA           | ₹   1144.70 | Below 10W EMA - momentum fading
2026-09-19 02:41:41 | INFO | 🔴 EXIT       | LUPIN           | ₹   2083.00 | Broke support with EMAs converging
2026-09-19 02:41:43 | INFO | 🟡 WAIT       | MMTC            | ₹     60.27 | EMAs converging, no breakout yet
2026-09-19 02:41:45 | INFO | 🟡 WAIT       | MRF             | ₹ 125670.00 | EMAs converging, no breakout yet
2026-09-19 02:41:47 | INFO | 🟡 WAIT       | MGL             | ₹   1081.70 | EMAs converging, no breakout yet
2026-09-19 02:41:49 | INFO | 🟣 FADING     | M&MFIN          | ₹    353.30 | Below 10W EMA - momentum fading
2026-09-19 02:41:52 | INFO | 🟡 WAIT       | M&M             | ₹   3052.00 | EMAs converging, no breakout yet
2026-09-19 02:41:54 | INFO | 🟠 CAUTIOUS   | MANAPPURAM      | ₹    319.15 | Below 20W EMA
2026-09-19 02:41:56 | INFO | 🟠 CAUTIOUS   | MRPL            | ₹    165.38 | Below 20W EMA
2026-09-19 02:41:58 | INFO | 🟡 WAIT       | MANKIND         | ₹   2300.70 | EMAs converging, no breakout yet
2026-09-19 02:42:00 | INFO | 🟠 CAUTIOUS   | MARICO          | ₹    803.90 | Below 20W EMA
2026-09-19 02:42:03 | INFO | 🔴 EXIT       | MARUTI          | ₹  12103.00 | Below 40W EMA
2026-09-19 02:42:05 | INFO | 🟡 WAIT       | MFSL            | ₹   1559.00 | EMAs converging, no breakout yet
2026-09-19 02:42:07 | INFO | 🟡 WAIT       | MAXHEALTH       | ₹   1049.30 | EMAs converging, no breakout yet
2026-09-19 02:42:09 | INFO | 🟡 WAIT       | MAZDOCK         | ₹   2280.00 | EMAs converging, no breakout yet
2026-09-19 02:42:11 | WARNING | MEESHO: Insufficient data for analysis
2026-09-19 02:42:13 | INFO | 🟣 FADING     | MINDACORP       | ₹    691.45 | Below 10W EMA - momentum fading
2026-09-19 02:42:16 | INFO | 🔴 EXIT       | MSUMI           | ₹     35.67 | Below 40W EMA
2026-09-19 02:42:18 | INFO | 🟢 HOLD_ADD   | MOTILALOFS      | ₹   1010.00 | Above all weekly EMAs
2026-09-19 02:42:20 | INFO | 🟡 WAIT       | MPHASIS         | ₹   2300.40 | EMAs converging, no breakout yet
2026-09-19 02:42:22 | INFO | 🟢 HOLD_ADD   | MCX             | ₹   3260.00 | Above all weekly EMAs
2026-09-19 02:42:24 | INFO | 🔴 EXIT       | MUTHOOTFIN      | ₹   2841.10 | Below 40W EMA
2026-09-19 02:42:26 | INFO | 🔴 EXIT       | NATCOPHARM      | ₹    813.40 | Below 40W EMA
2026-09-19 02:42:29 | INFO | 🔴 EXIT       | NBCC            | ₹     82.40 | Below 40W EMA
2026-09-19 02:42:31 | INFO | 🔴 EXIT       | NCC             | ₹    137.13 | Below 40W EMA
2026-09-19 02:42:33 | INFO | 🟡 WAIT       | NHPC            | ₹     76.95 | EMAs converging, no breakout yet
2026-09-19 02:42:35 | INFO | 🟡 WAIT       | NLCINDIA        | ₹    268.80 | EMAs converging, no breakout yet
2026-09-19 02:42:38 | INFO | 🟡 WAIT       | NMDC            | ₹     79.15 | EMAs converging, no breakout yet
2026-09-19 02:42:40 | INFO | 🟡 WAIT       | NSLNISP         | ₹     42.60 | EMAs converging, no breakout yet
2026-09-19 02:42:42 | INFO | 🔴 EXIT       | NTPCGREEN       | ₹     88.55 | Below 40W EMA
2026-09-19 02:42:44 | INFO | 🔴 EXIT       | NTPC            | ₹    323.65 | Below 40W EMA
2026-09-19 02:42:46 | INFO | 🟡 WAIT       | NH              | ₹   1928.50 | EMAs converging, no breakout yet
2026-09-19 02:42:48 | INFO | 🟠 CAUTIOUS   | NATIONALUM      | ₹    350.50 | Below 20W EMA
2026-09-19 02:42:51 | INFO | 🟡 WAIT       | NAVA            | ₹    562.30 | EMAs converging, no breakout yet
2026-09-19 02:42:53 | INFO | 🟢 HOLD_ADD   | NAVINFLUOR      | ₹   8590.00 | Above all weekly EMAs
2026-09-19 02:42:55 | INFO | 🟠 CAUTIOUS   | NESTLEIND       | ₹   1372.40 | Below 20W EMA
2026-09-19 02:42:57 | INFO | 🟣 FADING     | NETWEB          | ₹   4664.50 | Below 10W EMA - momentum fading
2026-09-19 02:42:59 | INFO | 🟢 HOLD_ADD   | NEULANDLAB      | ₹  22840.00 | Above all weekly EMAs
2026-09-19 02:43:02 | INFO | 🔴 EXIT       | NEWGEN          | ₹    497.30 | Below 40W EMA
2026-09-19 02:43:04 | INFO | 🟣 FADING     | NAM-INDIA       | ₹   1155.00 | Below 10W EMA - momentum fading
2026-09-19 02:43:06 | INFO | 🟡 WAIT       | NIVABUPA        | ₹     79.59 | EMAs converging, no breakout yet
2026-09-19 02:43:08 | INFO | 🟣 FADING     | NUVAMA          | ₹   1713.70 | Below 10W EMA - momentum fading
2026-09-19 02:43:10 | INFO | 🟡 WAIT       | NUVOCO          | ₹    328.60 | EMAs converging, no breakout yet
2026-09-19 02:43:12 | INFO | 🟣 FADING     | OBEROIRLTY      | ₹   1785.00 | Below 10W EMA - momentum fading
2026-09-19 02:43:15 | INFO | 🔴 EXIT       | ONGC            | ₹    232.80 | Below 40W EMA
2026-09-19 02:43:17 | INFO | 🟢 HOLD_ADD   | OIL             | ₹    475.70 | Above all weekly EMAs
2026-09-19 02:43:19 | INFO | 🟡 WAIT       | OLAELEC         | ₹     36.39 | EMAs converging, no breakout yet
2026-09-19 02:43:21 | INFO | 🟡 WAIT       | OLECTRA         | ₹   1198.80 | EMAs converging, no breakout yet
2026-09-19 02:43:24 | INFO | 🟢 HOLD_ADD   | PAYTM           | ₹   1849.90 | Above all weekly EMAs
2026-09-19 02:43:26 | INFO | 🟡 WAIT       | ONESOURCE       | ₹   1594.90 | EMAs converging, no breakout yet
2026-09-19 02:43:28 | INFO | 🟢 HOLD_ADD   | OFSS            | ₹  11896.00 | Above all weekly EMAs
2026-09-19 02:43:30 | INFO | 🟢 HOLD_ADD   | POLICYBZR       | ₹   1743.00 | Above all weekly EMAs
2026-09-19 02:43:32 | INFO | 🟡 WAIT       | PCBL            | ₹    336.70 | EMAs converging, no breakout yet
2026-09-19 02:43:35 | INFO | 🟡 WAIT       | PGEL            | ₹    529.15 | EMAs converging, no breakout yet
2026-09-19 02:43:37 | INFO | 🔴 EXIT       | PIIND           | ₹   2366.80 | Below 40W EMA
2026-09-19 02:43:39 | INFO | 🟢 HOLD_ADD   | PNBHOUSING      | ₹   1133.10 | Above all weekly EMAs
2026-09-19 02:43:41 | INFO | 🟢 HOLD_ADD   | PTCIL           | ₹  22805.00 | Above all weekly EMAs
2026-09-19 02:43:43 | INFO | 🟢 HOLD_ADD   | PVRINOX         | ₹   1324.70 | Above all weekly EMAs
2026-09-19 02:43:45 | INFO | 🟡 WAIT       | PAGEIND         | ₹  36400.00 | EMAs converging, no breakout yet
2026-09-19 02:43:48 | INFO | 🟢 HOLD_ADD   | PARADEEP        | ₹    155.62 | Above all weekly EMAs
2026-09-19 02:43:50 | INFO | 🔴 EXIT       | PATANJALI       | ₹    367.00 | Below 40W EMA
2026-09-19 02:43:52 | INFO | 🟡 WAIT       | PERSISTENT      | ₹   5416.00 | EMAs converging, no breakout yet
2026-09-19 02:43:54 | INFO | 🟡 WAIT       | PETRONET        | ₹    292.60 | EMAs converging, no breakout yet
2026-09-19 02:43:56 | INFO | 🔴 EXIT       | PFIZER          | ₹   4002.40 | Below 40W EMA
2026-09-19 02:43:59 | INFO | 🟠 CAUTIOUS   | PHOENIXLTD      | ₹   1877.90 | Below 20W EMA
2026-09-19 02:44:01 | WARNING | PWL: Insufficient data for analysis
2026-09-19 02:44:03 | INFO | 🟣 FADING     | PIDILITIND      | ₹   1572.10 | Below 10W EMA - momentum fading
2026-09-19 02:44:05 | WARNING | PINELABS: Insufficient data for analysis
2026-09-19 02:44:07 | WARNING | PIRAMALFIN: Insufficient data for analysis
2026-09-19 02:44:10 | INFO | 🟢 HOLD_ADD   | PPLPHARMA       | ₹    208.16 | Above all weekly EMAs
2026-09-19 02:44:12 | INFO | 🟡 WAIT       | POLYMED         | ₹   1726.00 | EMAs converging, no breakout yet
2026-09-19 02:44:14 | INFO | 🔴 EXIT       | POLYCAB         | ₹   8400.00 | Below 40W EMA
2026-09-19 02:44:16 | INFO | 🟢 HOLD_ADD   | POONAWALLA      | ₹    479.40 | Above all weekly EMAs
2026-09-19 02:44:18 | INFO | 🔴 EXIT       | PFC             | ₹    342.55 | Below 40W EMA
2026-09-19 02:44:20 | INFO | 🔴 EXIT       | POWERGRID       | ₹    270.30 | Below 40W EMA
2026-09-19 02:44:23 | INFO | 🔴 EXIT       | PREMIERENE      | ₹    902.00 | Broke support with EMAs converging
2026-09-19 02:44:25 | INFO | 🟡 WAIT       | PRESTIGE        | ₹   1435.10 | EMAs converging, no breakout yet
2026-09-19 02:44:27 | INFO | 🟢 HOLD_ADD   | PFOCUS          | ₹    344.35 | Above all weekly EMAs
2026-09-19 02:44:29 | INFO | 🟢 HOLD_ADD   | PNB             | ₹    117.27 | Above all weekly EMAs
2026-09-19 02:44:31 | INFO | 🟣 FADING     | RRKABEL         | ₹   2450.80 | Below 10W EMA - momentum fading
2026-09-19 02:44:33 | INFO | 🟢 HOLD_ADD   | RBLBANK         | ₹    415.90 | Above all weekly EMAs
2026-09-19 02:44:36 | INFO | 🔴 EXIT       | RECLTD          | ₹    312.00 | Below 40W EMA
2026-09-19 02:44:38 | INFO | 🔴 EXIT       | RHIM            | ₹    368.70 | Below 40W EMA
2026-09-19 02:44:40 | INFO | 🟡 WAIT       | RITES           | ₹    207.23 | EMAs converging, no breakout yet
2026-09-19 02:44:42 | INFO | 🟢 HOLD_ADD   | RADICO          | ₹   4535.40 | Above all weekly EMAs
2026-09-19 02:44:44 | INFO | 🔴 EXIT       | RVNL            | ₹    214.29 | Below 40W EMA
2026-09-19 02:44:46 | INFO | 🔴 EXIT       | RAILTEL         | ₹    265.00 | Below 40W EMA
2026-09-19 02:44:49 | INFO | 🟢 HOLD_ADD   | RAINBOW         | ₹   1454.70 | Above all weekly EMAs
2026-09-19 02:44:51 | INFO | 🟢 HOLD_ADD   | RKFORGE         | ₹    724.10 | Above all weekly EMAs
2026-09-19 02:44:53 | INFO | 🟢 HOLD_ADD   | REDINGTON       | ₹    399.85 | Above all weekly EMAs
2026-09-19 02:44:55 | INFO | 🔴 EXIT       | RELIANCE        | ₹   1226.40 | Below 40W EMA
2026-09-19 02:44:58 | INFO | 🔴 EXIT       | RPOWER          | ₹     21.13 | Below 40W EMA
2026-09-19 02:45:00 | INFO | 🟡 WAIT       | SBFC            | ₹     92.36 | EMAs converging, no breakout yet
2026-09-19 02:45:02 | INFO | 🔴 EXIT       | SBICARD         | ₹    651.15 | Below 40W EMA
2026-09-19 02:45:04 | INFO | 🔴 EXIT       | SBILIFE         | ₹   1731.00 | Below 40W EMA
2026-09-19 02:45:06 | INFO | 🔴 EXIT       | SJVN            | ₹     63.95 | Below 40W EMA
2026-09-19 02:45:08 | INFO | 🔴 EXIT       | SRF             | ₹   2512.00 | Below 40W EMA
2026-09-19 02:45:11 | INFO | 🟡 WAIT       | SAGILITY        | ₹     45.66 | EMAs converging, no breakout yet
2026-09-19 02:45:13 | INFO | 🟢 HOLD_ADD   | SAILIFE         | ₹   1600.50 | Above all weekly EMAs
2026-09-19 02:45:15 | INFO | 🟡 WAIT       | SAMMAANCAP      | ₹    143.92 | EMAs converging, no breakout yet
2026-09-19 02:45:17 | INFO | 🟢 HOLD_ADD   | MOTHERSON       | ₹    162.57 | Above all weekly EMAs
2026-09-19 02:45:19 | INFO | 🟢 HOLD_ADD   | SAPPHIRE        | ₹    230.11 | Above all weekly EMAs
2026-09-19 02:45:21 | INFO | 🟡 WAIT       | SARDAEN         | ₹    505.95 | EMAs converging, no breakout yet
2026-09-19 02:45:24 | INFO | 🟢 HOLD_ADD   | SAREGAMA        | ₹    499.90 | Above all weekly EMAs
2026-09-19 02:45:26 | INFO | 🟡 WAIT       | SCHAEFFLER      | ₹   4217.60 | EMAs converging, no breakout yet
2026-09-19 02:45:28 | INFO | 🟠 CAUTIOUS   | SCHNEIDER       | ₹   1213.50 | Below 20W EMA
2026-09-19 02:45:30 | INFO | 🟠 CAUTIOUS   | SCI             | ₹    277.05 | Below 20W EMA
2026-09-19 02:45:32 | INFO | 🔴 EXIT       | SHREECEM        | ₹  22600.00 | Below 40W EMA
2026-09-19 02:45:34 | INFO | 🟠 CAUTIOUS   | SHRIRAMFIN      | ₹   1010.00 | Below 20W EMA
2026-09-19 02:45:37 | INFO | 🟢 HOLD_ADD   | SHYAMMETL       | ₹   1100.00 | Above all weekly EMAs
2026-09-19 02:45:39 | INFO | 🟠 CAUTIOUS   | ENRIN           | ₹   3228.00 | Below 20W EMA
2026-09-19 02:45:41 | INFO | 🟢 HOLD_ADD   | SIEMENS         | ₹   3913.90 | Above all weekly EMAs
2026-09-19 02:45:43 | INFO | 🔴 EXIT       | SIGNATURE       | ₹    756.95 | Below 40W EMA
2026-09-19 02:45:45 | INFO | 🔴 EXIT       | SOBHA           | ₹   1215.20 | Below 40W EMA
2026-09-19 02:45:48 | INFO | 🟠 CAUTIOUS   | SOLARINDS       | ₹  18555.00 | Below 20W EMA
2026-09-19 02:45:50 | INFO | 🟢 HOLD_ADD   | SONACOMS        | ₹    808.00 | Above all weekly EMAs
2026-09-19 02:45:52 | INFO | 🔴 EXIT       | SONATSOFTW      | ₹    274.00 | Below 40W EMA
2026-09-19 02:45:54 | INFO | 🟠 CAUTIOUS   | STARHEALTH      | ₹    547.05 | Below 20W EMA
2026-09-19 02:45:56 | INFO | 🟡 WAIT       | SBIN            | ₹    996.20 | EMAs converging, no breakout yet
2026-09-19 02:45:59 | INFO | 🟣 FADING     | SAIL            | ₹    177.33 | Below 10W EMA - momentum fading
2026-09-19 02:46:01 | INFO | 🔴 EXIT       | SUMICHEM        | ₹    460.85 | Below 40W EMA
2026-09-19 02:46:03 | INFO | 🟠 CAUTIOUS   | SUNPHARMA       | ₹   1837.30 | Below 20W EMA
2026-09-19 02:46:05 | INFO | 🔴 EXIT       | SUNTV           | ₹    451.70 | Below 40W EMA
2026-09-19 02:46:07 | INFO | 🟡 WAIT       | SUNDARMFIN      | ₹   4730.60 | EMAs converging, no breakout yet
2026-09-19 02:46:09 | INFO | 🟡 WAIT       | SUPREMEIND      | ₹   3580.30 | EMAs converging, no breakout yet
2026-09-19 02:46:12 | INFO | 🟢 HOLD_ADD   | SPLPETRO        | ₹    865.70 | Above all weekly EMAs
2026-09-19 02:46:14 | INFO | 🔴 EXIT       | SUZLON          | ₹     43.14 | Below 40W EMA
2026-09-19 02:46:16 | INFO | 🔴 EXIT       | SWANCORP        | ₹    294.95 | Below 40W EMA
2026-09-19 02:46:18 | INFO | 🔴 EXIT       | SWIGGY          | ₹    273.05 | Below 40W EMA
2026-09-19 02:46:20 | INFO | 🔴 EXIT       | SYNGENE         | ₹    369.05 | Below 40W EMA
2026-09-19 02:46:23 | INFO | 🟢 HOLD_ADD   | SYRMA           | ₹   1728.90 | Above all weekly EMAs
2026-09-19 02:46:25 | INFO | 🟢 HOLD_ADD   | TBOTEK          | ₹   1710.60 | Above all weekly EMAs
2026-09-19 02:46:27 | INFO | 🟢 HOLD_ADD   | TVSMOTOR        | ₹   4171.30 | Above all weekly EMAs
2026-09-19 02:46:29 | WARNING | TATACAP: Insufficient data for analysis
2026-09-19 02:46:31 | INFO | 🔴 EXIT       | TATACHEM        | ₹    693.25 | Below 40W EMA
2026-09-19 02:46:33 | INFO | 🟡 WAIT       | TATACOMM        | ₹   1780.10 | EMAs converging, no breakout yet
2026-09-19 02:46:36 | INFO | 🔴 EXIT       | TCS             | ₹   2105.00 | Below 40W EMA
2026-09-19 02:46:38 | INFO | 🔴 EXIT       | TATACONSUM      | ₹    996.00 | Below 40W EMA
2026-09-19 02:46:40 | INFO | 🔴 EXIT       | TATAELXSI       | ₹   3266.70 | Below 40W EMA
2026-09-19 02:46:42 | INFO | 🟡 WAIT       | TATAINVEST      | ₹    702.35 | EMAs converging, no breakout yet
2026-09-19 02:46:44 | WARNING | TMCV: Insufficient data for analysis
2026-09-19 02:46:46 | INFO | 🔴 EXIT       | TMPV            | ₹    303.80 | Below 40W EMA
2026-09-19 02:46:49 | INFO | 🟡 WAIT       | TATAPOWER       | ₹    374.80 | EMAs converging, no breakout yet
2026-09-19 02:46:51 | INFO | 🟡 WAIT       | TATASTEEL       | ₹    185.54 | EMAs converging, no breakout yet
2026-09-19 02:46:53 | INFO | 🟠 CAUTIOUS   | TATATECH        | ₹    722.45 | Below 20W EMA
2026-09-19 02:46:55 | INFO | 🔴 EXIT       | TTML            | ₹     35.73 | Below 40W EMA
2026-09-19 02:46:57 | INFO | 🟣 FADING     | TECHM           | ₹   1537.10 | Below 10W EMA - momentum fading
2026-09-19 02:47:00 | INFO | 🔴 EXIT       | TECHNOE         | ₹   1030.45 | Below 40W EMA
2026-09-19 02:47:02 | INFO | ✅ BULLISH    | TEGA            | ₹   1943.00 | Resistance breakout with EMAs converging
2026-09-19 02:47:04 | INFO | 🟡 WAIT       | TEJASNET        | ₹    518.30 | EMAs converging, no breakout yet
2026-09-19 02:47:06 | WARNING | TENNIND: Insufficient data for analysis
2026-09-19 02:47:08 | INFO | 🟣 FADING     | NIACL           | ₹    187.66 | Below 10W EMA - momentum fading
2026-09-19 02:47:10 | INFO | 🔴 EXIT       | RAMCOCEM        | ₹    869.75 | Below 40W EMA
2026-09-19 02:47:13 | INFO | 🔴 EXIT       | THERMAX         | ₹   3551.90 | Below 40W EMA
2026-09-19 02:47:15 | INFO | 🟡 WAIT       | TIMKEN          | ₹   3124.20 | EMAs converging, no breakout yet
2026-09-19 02:47:17 | INFO | 🟡 WAIT       | TITAGARH        | ₹    837.65 | EMAs converging, no breakout yet
2026-09-19 02:47:19 | INFO | 🟣 FADING     | TITAN           | ₹   4798.50 | Below 10W EMA - momentum fading
2026-09-19 02:47:21 | INFO | 🟣 FADING     | TORNTPHARM      | ₹   4840.00 | Below 10W EMA - momentum fading
2026-09-19 02:47:23 | INFO | 🔴 EXIT       | TORNTPOWER      | ₹   1258.80 | Below 40W EMA
2026-09-19 02:47:26 | INFO | 🔴 EXIT       | TARIL           | ₹    279.85 | Below 40W EMA
2026-09-19 02:47:28 | INFO | 🟡 WAIT       | TRAVELFOOD      | ₹   1256.10 | EMAs converging, no breakout yet
2026-09-19 02:47:30 | INFO | 🔴 EXIT       | TRENT           | ₹   2824.00 | Below 40W EMA
2026-09-19 02:47:32 | INFO | 🔴 EXIT       | TRIDENT         | ₹     23.22 | Below 40W EMA
2026-09-19 02:47:34 | INFO | 🟡 WAIT       | TRITURBINE      | ₹    567.80 | EMAs converging, no breakout yet
2026-09-19 02:47:36 | INFO | 🟡 WAIT       | TIINDIA         | ₹   2600.00 | EMAs converging, no breakout yet
2026-09-19 02:47:39 | INFO | 🔴 EXIT       | UCOBANK         | ₹     23.75 | Below 40W EMA
2026-09-19 02:47:41 | INFO | 🟢 HOLD_ADD   | UNOMINDA        | ₹   1284.00 | Above all weekly EMAs
2026-09-19 02:47:43 | INFO | 🔴 EXIT       | UPL             | ₹    580.00 | Below 40W EMA
2026-09-19 02:47:45 | INFO | 🔴 EXIT       | UTIAMC          | ₹    895.00 | Below 40W EMA
2026-09-19 02:47:47 | INFO | 🟡 WAIT       | ULTRACEMCO      | ₹  11014.00 | EMAs converging, no breakout yet
2026-09-19 02:47:49 | INFO | 🟣 FADING     | UNIONBANK       | ₹    176.56 | Below 10W EMA - momentum fading
2026-09-19 02:47:52 | INFO | 🔴 EXIT       | UBL             | ₹   1251.50 | Below 40W EMA
2026-09-19 02:47:54 | INFO | 🔴 EXIT       | UNITDSPR        | ₹   1371.00 | Below 40W EMA
2026-09-19 02:47:56 | INFO | 🟢 HOLD_ADD   | URBANCO         | ₹    169.11 | Above all weekly EMAs
2026-09-19 02:47:58 | INFO | 🟢 HOLD_ADD   | USHAMART        | ₹    507.20 | Above all weekly EMAs
2026-09-19 02:48:00 | INFO | 🟠 CAUTIOUS   | VTL             | ₹    578.05 | Below 20W EMA
2026-09-19 02:48:03 | INFO | 🔴 EXIT       | VBL             | ₹    421.95 | Below 40W EMA
2026-09-19 02:48:05 | INFO | 🔴 EXIT       | VEDL            | ₹    267.60 | Below 40W EMA
2026-09-19 02:48:07 | INFO | 🟢 HOLD_ADD   | VIJAYA          | ₹   1558.90 | Above all weekly EMAs
2026-09-19 02:48:09 | INFO | 🔴 EXIT       | VMM             | ₹    102.65 | Below 40W EMA
2026-09-19 02:48:11 | INFO | 🟣 FADING     | IDEA            | ₹     13.92 | Below 10W EMA - momentum fading
2026-09-19 02:48:13 | INFO | 🔴 EXIT       | VOLTAS          | ₹   1110.90 | Below 40W EMA
2026-09-19 02:48:16 | INFO | 🔴 EXIT       | WAAREEENER      | ₹   2560.70 | Below 40W EMA
2026-09-19 02:48:18 | INFO | 🟢 HOLD_ADD   | WELCORP         | ₹   2660.10 | Above all weekly EMAs
2026-09-19 02:48:20 | INFO | 🟢 HOLD_ADD   | WELSPUNLIV      | ₹    214.66 | Above all weekly EMAs
2026-09-19 02:48:22 | INFO | 🔴 EXIT       | WHIRLPOOL       | ₹    717.70 | Below 40W EMA
2026-09-19 02:48:24 | INFO | 🔴 EXIT       | WIPRO           | ₹    166.83 | Below 40W EMA
2026-09-19 02:48:27 | INFO | 🟢 HOLD_ADD   | WOCKPHARMA      | ₹   2086.10 | Above all weekly EMAs
2026-09-19 02:48:29 | INFO | 🟣 FADING     | YESBANK         | ₹     22.72 | Below 10W EMA - momentum fading
2026-09-19 02:48:31 | INFO | 🟡 WAIT       | ZFCVINDIA       | ₹   2387.00 | EMAs converging, no breakout yet
2026-09-19 02:48:33 | INFO | 🟡 WAIT       | ZEEL            | ₹     78.62 | EMAs converging, no breakout yet
2026-09-19 02:48:35 | INFO | 🟠 CAUTIOUS   | ZENTEC          | ₹   1687.40 | Below 20W EMA
2026-09-19 02:48:38 | INFO | 🔴 EXIT       | ZENSARTECH      | ₹    436.45 | Below 40W EMA
2026-09-19 02:48:40 | INFO | 🟢 HOLD_ADD   | ZYDUSLIFE       | ₹   1160.00 | Above all weekly EMAs
2026-09-19 02:48:42 | INFO | 🟠 CAUTIOUS   | ZYDUSWELL       | ₹    522.25 | Below 20W EMA
2026-09-19 02:48:44 | INFO | 🟢 HOLD_ADD   | ECLERX          | ₹   1915.60 | Above all weekly EMAs
2026-09-19 02:48:44 | INFO | ==================================================
2026-09-19 02:48:44 | INFO | SCAN COMPLETE
2026-09-19 02:48:44 | INFO | Total: 487 | Errors: 14
2026-09-19 02:48:44 | INFO | EXIT: 166
2026-09-19 02:48:44 | INFO | BULLISH: 3
2026-09-19 02:48:44 | INFO | WAIT: 121
2026-09-19 02:48:44 | INFO | CAUTIOUS: 32
2026-09-19 02:48:44 | INFO | FADING: 39
2026-09-19 02:48:44 | INFO | HOLD_ADD: 126
2026-09-19 02:48:44 | INFO | 
Checking for previous log to generate Actionable Report...
2026-09-19 02:48:44 | INFO | Comparing current run against previous run: 2026-09-12_INDIA.log
2026-09-19 02:48:44 | INFO | Action report generated at: /home/runner/work/ema-tracker/ema-tracker/actions/2026-09-19_INDIA-ACTIONS.csv
