2026-10-10 03:58:07 | INFO | Fetching S&P 500 stocks from Wikipedia
2026-10-10 03:58:08 | INFO | S&P 500 source: Wikipedia live list (503 stocks)
2026-10-10 03:58:10 | INFO | 🔴 EXIT       | MMM             | $    159.96 | Below 40W EMA
2026-10-10 03:58:13 | INFO | 🔴 EXIT       | AOS             | $     56.38 | Below 40W EMA
2026-10-10 03:58:15 | INFO | 🟡 WAIT       | ABT             | $     99.60 | EMAs converging, no breakout yet
2026-10-10 03:58:17 | INFO | 🟢 HOLD_ADD   | ABBV            | $    276.47 | Above all weekly EMAs
2026-10-10 03:58:19 | INFO | 🟢 HOLD_ADD   | ACN             | $    209.06 | Above all weekly EMAs
2026-10-10 03:58:22 | INFO | 🔴 EXIT       | ADBE            | $    242.27 | Below 40W EMA
2026-10-10 03:58:24 | INFO | 🟢 HOLD_ADD   | AMD             | $    608.10 | Above all weekly EMAs
2026-10-10 03:58:26 | INFO | ✅ BULLISH    | AES             | $     14.94 | Resistance breakout with EMAs converging
2026-10-10 03:58:28 | INFO | 🟡 WAIT       | AFL             | $    114.54 | EMAs converging, no breakout yet
2026-10-10 03:58:30 | INFO | 🟢 HOLD_ADD   | A               | $    170.54 | Above all weekly EMAs
2026-10-10 03:58:33 | INFO | 🟡 WAIT       | APD             | $    281.26 | EMAs converging, no breakout yet
2026-10-10 03:58:35 | INFO | 🟣 FADING     | ABNB            | $    165.87 | Below 10W EMA - momentum fading
2026-10-10 03:58:37 | INFO | 🟡 WAIT       | AKAM            | $    106.95 | EMAs converging, no breakout yet
2026-10-10 03:58:39 | INFO | 🔴 EXIT       | ALB             | $    101.27 | Below 40W EMA
2026-10-10 03:58:41 | INFO | 🔴 EXIT       | ARE             | $     45.51 | Below 40W EMA
2026-10-10 03:58:44 | INFO | 🔴 EXIT       | ALGN            | $    142.71 | Below 40W EMA
2026-10-10 03:58:46 | INFO | 🟡 WAIT       | ALLE            | $    150.48 | EMAs converging, no breakout yet
2026-10-10 03:58:48 | INFO | 🟡 WAIT       | LNT             | $     65.85 | EMAs converging, no breakout yet
2026-10-10 03:58:50 | INFO | 🟠 CAUTIOUS   | ALL             | $    229.43 | Below 20W EMA
2026-10-10 03:58:53 | INFO | 🟢 HOLD_ADD   | GOOGL           | $    351.66 | Above all weekly EMAs
2026-10-10 03:58:55 | INFO | 🟢 HOLD_ADD   | GOOG            | $    347.86 | Above all weekly EMAs
2026-10-10 03:58:57 | INFO | 🟢 HOLD_ADD   | MO              | $     71.68 | Above all weekly EMAs
2026-10-10 03:58:59 | INFO | 🟢 HOLD_ADD   | AMZN            | $    262.43 | Above all weekly EMAs
2026-10-10 03:59:01 | INFO | 🟡 WAIT       | AMCR            | $     41.72 | EMAs converging, no breakout yet
2026-10-10 03:59:04 | INFO | 🟡 WAIT       | AEE             | $    102.19 | EMAs converging, no breakout yet
2026-10-10 03:59:06 | INFO | 🟡 WAIT       | AEP             | $    122.81 | EMAs converging, no breakout yet
2026-10-10 03:59:08 | INFO | 🟡 WAIT       | AXP             | $    308.17 | EMAs converging, no breakout yet
2026-10-10 03:59:10 | INFO | 🟡 WAIT       | AIG             | $     77.04 | EMAs converging, no breakout yet
2026-10-10 03:59:13 | INFO | 🟡 WAIT       | AMT             | $    182.24 | EMAs converging, no breakout yet
2026-10-10 03:59:15 | INFO | 🟡 WAIT       | AWK             | $    128.88 | EMAs converging, no breakout yet
2026-10-10 03:59:17 | INFO | 🔴 EXIT       | AMP             | $    500.51 | Below 40W EMA
2026-10-10 03:59:19 | INFO | 🟢 HOLD_ADD   | AME             | $    248.58 | Above all weekly EMAs
2026-10-10 03:59:22 | INFO | 🟢 HOLD_ADD   | AMGN            | $    414.87 | Above all weekly EMAs
2026-10-10 03:59:24 | INFO | 🟢 HOLD_ADD   | APH             | $     87.24 | Above all weekly EMAs
2026-10-10 03:59:26 | INFO | 🟢 HOLD_ADD   | ADI             | $    406.19 | Above all weekly EMAs
2026-10-10 03:59:28 | INFO | 🔴 EXIT       | AON             | $    273.47 | Below 40W EMA
2026-10-10 03:59:31 | INFO | 🟢 HOLD_ADD   | APA             | $     45.88 | Above all weekly EMAs
2026-10-10 03:59:33 | INFO | 🟡 WAIT       | APO             | $    118.65 | EMAs converging, no breakout yet
2026-10-10 03:59:35 | INFO | 🟢 HOLD_ADD   | AAPL            | $    336.64 | Above all weekly EMAs
2026-10-10 03:59:37 | INFO | 🟢 HOLD_ADD   | AMAT            | $    507.03 | Above all weekly EMAs
2026-10-10 03:59:39 | INFO | 🔴 EXIT       | APP             | $    277.04 | Below 40W EMA
2026-10-10 03:59:42 | INFO | 🔴 EXIT       | APTV            | $     43.80 | Below 40W EMA
2026-10-10 03:59:44 | INFO | 🟡 WAIT       | ACGL            | $     95.57 | EMAs converging, no breakout yet
2026-10-10 03:59:46 | INFO | 🟣 FADING     | ADM             | $     79.89 | Below 10W EMA - momentum fading
2026-10-10 03:59:48 | INFO | 🟡 WAIT       | ARES            | $    117.22 | EMAs converging, no breakout yet
2026-10-10 03:59:50 | INFO | 🟢 HOLD_ADD   | ANET            | $    216.74 | Above all weekly EMAs
2026-10-10 03:59:53 | INFO | 🟡 WAIT       | AJG             | $    232.70 | EMAs converging, no breakout yet
2026-10-10 03:59:55 | INFO | 🟠 CAUTIOUS   | AIZ             | $    266.49 | Below 20W EMA
2026-10-10 03:59:57 | INFO | 🟡 WAIT       | T               | $     22.18 | EMAs converging, no breakout yet
2026-10-10 03:59:59 | INFO | 🔴 EXIT       | ATO             | $    161.66 | Below 40W EMA
2026-10-10 04:00:02 | INFO | 🔴 EXIT       | ADSK            | $    235.35 | Below 40W EMA
2026-10-10 04:00:04 | INFO | 🟢 HOLD_ADD   | ADP             | $    270.88 | Above all weekly EMAs
2026-10-10 04:00:06 | INFO | 🔴 EXIT       | AZO             | $   2939.85 | Below 40W EMA
2026-10-10 04:00:08 | INFO | 🟡 WAIT       | AVY             | $    167.82 | EMAs converging, no breakout yet
2026-10-10 04:00:10 | INFO | 🔴 EXIT       | AXON            | $    422.89 | Below 40W EMA
2026-10-10 04:00:13 | INFO | 🟡 WAIT       | BKR             | $     56.70 | EMAs converging, no breakout yet
2026-10-10 04:00:15 | INFO | 🟡 WAIT       | BALL            | $     58.46 | EMAs converging, no breakout yet
2026-10-10 04:00:17 | INFO | 🔴 EXIT       | BAC             | $     54.32 | Below 40W EMA
2026-10-10 04:00:19 | INFO | 🟢 HOLD_ADD   | BAX             | $     24.35 | Above all weekly EMAs
2026-10-10 04:00:22 | INFO | 🟢 HOLD_ADD   | BDX             | $    183.75 | Above all weekly EMAs
2026-10-10 04:00:24 | INFO | 🟡 WAIT       | BRK-B           | $    515.62 | EMAs converging, no breakout yet
2026-10-10 04:00:26 | INFO | 🟢 HOLD_ADD   | BBY             | $     87.01 | Above all weekly EMAs
2026-10-10 04:00:29 | INFO | 🟢 HOLD_ADD   | TECH            | $     72.46 | Above all weekly EMAs
2026-10-10 04:00:31 | INFO | 🟢 HOLD_ADD   | BIIB            | $    225.71 | Above all weekly EMAs
2026-10-10 04:00:33 | INFO | 🟡 WAIT       | BLK             | $   1082.39 | EMAs converging, no breakout yet
2026-10-10 04:00:35 | INFO | 🔴 EXIT       | BX              | $    114.29 | Below 40W EMA
2026-10-10 04:00:37 | INFO | 🟣 FADING     | XYZ             | $     77.24 | Below 10W EMA - momentum fading
2026-10-10 04:00:39 | INFO | 🟢 HOLD_ADD   | BE              | $    280.50 | Above all weekly EMAs
2026-10-10 04:00:42 | INFO | 🟠 CAUTIOUS   | BNY             | $    142.71 | Below 20W EMA
2026-10-10 04:00:44 | INFO | 🔴 EXIT       | BA              | $    190.37 | Below 40W EMA
2026-10-10 04:00:46 | INFO | 🔴 EXIT       | BKNG            | $    160.34 | Below 40W EMA
2026-10-10 04:00:48 | INFO | 🔴 EXIT       | BSX             | $     42.73 | Below 40W EMA
2026-10-10 04:00:50 | INFO | 🟠 CAUTIOUS   | BMY             | $     59.12 | Below 20W EMA
2026-10-10 04:00:53 | INFO | 🟡 WAIT       | AVGO            | $    361.54 | EMAs converging, no breakout yet
2026-10-10 04:00:55 | INFO | 🔴 EXIT       | BR              | $    165.45 | Below 40W EMA
2026-10-10 04:00:57 | INFO | 🔴 EXIT       | BRO             | $     62.88 | Below 40W EMA
2026-10-10 04:00:59 | INFO | 🟡 WAIT       | BF-B            | $     26.39 | EMAs converging, no breakout yet
2026-10-10 04:01:02 | INFO | 🟡 WAIT       | BG              | $    102.73 | EMAs converging, no breakout yet
2026-10-10 04:01:04 | INFO | 🟡 WAIT       | BXP             | $     59.05 | EMAs converging, no breakout yet
2026-10-10 04:01:06 | INFO | 🔴 EXIT       | CHRW            | $    142.31 | Below 40W EMA
2026-10-10 04:01:08 | INFO | 🟡 WAIT       | CDNS            | $    352.84 | EMAs converging, no breakout yet
2026-10-10 04:01:10 | INFO | 🔴 EXIT       | CPT             | $     97.58 | Broke support with EMAs converging
2026-10-10 04:01:13 | INFO | 🟡 WAIT       | COF             | $    199.26 | EMAs converging, no breakout yet
2026-10-10 04:01:15 | INFO | 🟢 HOLD_ADD   | CAH             | $    237.57 | Above all weekly EMAs
2026-10-10 04:01:17 | INFO | 🔴 EXIT       | CCL             | $     26.35 | Below 40W EMA
2026-10-10 04:01:19 | INFO | 🔴 EXIT       | CARR            | $     55.56 | Below 40W EMA
2026-10-10 04:01:22 | INFO | 🟡 WAIT       | CVNA            | $     63.73 | EMAs converging, no breakout yet
2026-10-10 04:01:24 | INFO | 🔴 EXIT       | CASY            | $    646.27 | Below 40W EMA
2026-10-10 04:01:26 | INFO | 🟠 CAUTIOUS   | CAT             | $    800.47 | Below 20W EMA
2026-10-10 04:01:28 | INFO | 🟡 WAIT       | CBOE            | $    304.16 | EMAs converging, no breakout yet
2026-10-10 04:01:31 | INFO | 🟡 WAIT       | CBRE            | $    130.80 | EMAs converging, no breakout yet
2026-10-10 04:01:33 | INFO | 🟡 WAIT       | CDW             | $    142.17 | EMAs converging, no breakout yet
2026-10-10 04:01:35 | INFO | 🟡 WAIT       | COR             | $    323.85 | EMAs converging, no breakout yet
2026-10-10 04:01:37 | INFO | 🟢 HOLD_ADD   | CNC             | $     65.36 | Above all weekly EMAs
2026-10-10 04:01:39 | INFO | 🟡 WAIT       | CNP             | $     38.60 | EMAs converging, no breakout yet
2026-10-10 04:01:42 | INFO | 🔴 EXIT       | CF              | $    111.54 | Below 40W EMA
2026-10-10 04:01:44 | INFO | 🟢 HOLD_ADD   | CRL             | $    301.79 | Above all weekly EMAs
2026-10-10 04:01:46 | INFO | 🔴 EXIT       | SCHW            | $     96.70 | Below 40W EMA
2026-10-10 04:01:48 | INFO | 🔴 EXIT       | CHTR            | $    103.38 | Below 40W EMA
2026-10-10 04:01:50 | INFO | 🟢 HOLD_ADD   | CVX             | $    211.98 | Above all weekly EMAs
2026-10-10 04:01:53 | INFO | 🔴 EXIT       | CMG             | $     31.59 | Below 40W EMA
2026-10-10 04:01:55 | INFO | 🟢 HOLD_ADD   | CB              | $    341.20 | Above all weekly EMAs
2026-10-10 04:01:57 | INFO | 🟡 WAIT       | CHD             | $     98.11 | EMAs converging, no breakout yet
2026-10-10 04:01:59 | INFO | 🟢 HOLD_ADD   | CIEN            | $    449.77 | Above all weekly EMAs
2026-10-10 04:02:02 | INFO | 🟡 WAIT       | CI              | $    282.43 | EMAs converging, no breakout yet
2026-10-10 04:02:04 | INFO | 🟡 WAIT       | CINF            | $    163.39 | EMAs converging, no breakout yet
2026-10-10 04:02:06 | INFO | 🟢 HOLD_ADD   | CTAS            | $    202.41 | Above all weekly EMAs
2026-10-10 04:02:08 | INFO | 🟢 HOLD_ADD   | CSCO            | $    118.39 | Above all weekly EMAs
2026-10-10 04:02:11 | INFO | 🟠 CAUTIOUS   | C               | $    129.64 | Below 20W EMA
2026-10-10 04:02:13 | INFO | 🔴 EXIT       | CFG             | $     63.57 | Below 40W EMA
2026-10-10 04:02:15 | INFO | 🔴 EXIT       | CLX             | $     83.80 | Below 40W EMA
2026-10-10 04:02:17 | INFO | 🟡 WAIT       | CME             | $    280.56 | EMAs converging, no breakout yet
2026-10-10 04:02:20 | INFO | 🔴 EXIT       | CMS             | $     65.49 | Below 40W EMA
2026-10-10 04:02:22 | INFO | 🟢 HOLD_ADD   | KO              | $     88.05 | Above all weekly EMAs
2026-10-10 04:02:24 | INFO | 🟢 HOLD_ADD   | CTSH            | $     59.20 | Above all weekly EMAs
2026-10-10 04:02:26 | INFO | 🟢 HOLD_ADD   | COHR            | $    312.62 | Above all weekly EMAs
2026-10-10 04:02:28 | INFO | 🔴 EXIT       | COIN            | $    179.39 | Below 40W EMA
2026-10-10 04:02:31 | INFO | 🟡 WAIT       | CL              | $     88.27 | EMAs converging, no breakout yet
2026-10-10 04:02:33 | INFO | 🔴 EXIT       | CMCSA           | $     20.66 | Below 40W EMA
2026-10-10 04:02:35 | INFO | 🟢 HOLD_ADD   | FIX             | $   1715.69 | Above all weekly EMAs
2026-10-10 04:02:37 | INFO | 🟢 HOLD_ADD   | COP             | $    134.10 | Above all weekly EMAs
2026-10-10 04:02:40 | INFO | 🟡 WAIT       | ED              | $    106.10 | EMAs converging, no breakout yet
2026-10-10 04:02:42 | INFO | 🔴 EXIT       | STZ             | $    122.64 | Below 40W EMA
2026-10-10 04:02:44 | INFO | 🟢 HOLD_ADD   | CEG             | $    298.07 | Above all weekly EMAs
2026-10-10 04:02:46 | INFO | 🔴 EXIT       | COO             | $     54.37 | Below 40W EMA
2026-10-10 04:02:49 | INFO | 🔴 EXIT       | CPRT            | $     27.32 | Below 40W EMA
2026-10-10 04:02:51 | INFO | 🟠 CAUTIOUS   | GLW             | $    156.68 | Below 20W EMA
2026-10-10 04:02:53 | INFO | 🟢 HOLD_ADD   | CPAY            | $    397.92 | Above all weekly EMAs
2026-10-10 04:02:55 | INFO | 🔴 EXIT       | CSGP            | $     29.67 | Below 40W EMA
2026-10-10 04:02:57 | INFO | 🟡 WAIT       | COST            | $    946.92 | EMAs converging, no breakout yet
2026-10-10 04:03:00 | INFO | 🔴 EXIT       | CRH             | $     81.54 | Below 40W EMA
2026-10-10 04:03:02 | INFO | 🟢 HOLD_ADD   | CRWD            | $    275.04 | Above all weekly EMAs
2026-10-10 04:03:04 | INFO | 🔴 EXIT       | CCI             | $     79.64 | Below 40W EMA
2026-10-10 04:03:06 | INFO | 🟠 CAUTIOUS   | CSX             | $     47.26 | Below 20W EMA
2026-10-10 04:03:09 | INFO | 🔴 EXIT       | CMI             | $    523.39 | Below 40W EMA
2026-10-10 04:03:11 | INFO | 🔴 EXIT       | CVS             | $     86.16 | Below 40W EMA
2026-10-10 04:03:13 | INFO | 🟢 HOLD_ADD   | DHR             | $    219.81 | Above all weekly EMAs
2026-10-10 04:03:15 | INFO | 🟡 WAIT       | DRI             | $    197.66 | EMAs converging, no breakout yet
2026-10-10 04:03:18 | INFO | 🟢 HOLD_ADD   | DDOG            | $    293.26 | Above all weekly EMAs
2026-10-10 04:03:20 | INFO | 🟠 CAUTIOUS   | DVA             | $    179.25 | Below 20W EMA
2026-10-10 04:03:22 | INFO | 🔴 EXIT       | DECK            | $     82.89 | Below 40W EMA
2026-10-10 04:03:24 | INFO | 🟠 CAUTIOUS   | DE              | $    620.93 | Below 20W EMA
2026-10-10 04:03:26 | INFO | 🟢 HOLD_ADD   | DELL            | $    586.06 | Above all weekly EMAs
2026-10-10 04:03:29 | INFO | 🟣 FADING     | DAL             | $     82.17 | Below 10W EMA - momentum fading
2026-10-10 04:03:31 | INFO | 🟢 HOLD_ADD   | DVN             | $     48.26 | Above all weekly EMAs
2026-10-10 04:03:33 | INFO | 🟣 FADING     | DXCM            | $     84.11 | Below 10W EMA - momentum fading
2026-10-10 04:03:35 | INFO | 🟣 FADING     | FANG            | $    192.13 | Below 10W EMA - momentum fading
2026-10-10 04:03:37 | INFO | 🟡 WAIT       | DLR             | $    178.76 | EMAs converging, no breakout yet
2026-10-10 04:03:40 | INFO | 🟡 WAIT       | DG              | $    127.23 | EMAs converging, no breakout yet
2026-10-10 04:03:42 | INFO | 🟡 WAIT       | DLTR            | $    118.64 | EMAs converging, no breakout yet
2026-10-10 04:03:44 | INFO | 🟡 WAIT       | D               | $     61.64 | EMAs converging, no breakout yet
2026-10-10 04:03:46 | INFO | 🔴 EXIT       | DPZ             | $    309.36 | Below 40W EMA
2026-10-10 04:03:48 | INFO | 🟡 WAIT       | DASH            | $    196.50 | EMAs converging, no breakout yet
2026-10-10 04:03:51 | INFO | 🔴 EXIT       | DOV             | $    188.83 | Below 40W EMA
2026-10-10 04:03:53 | INFO | 🔴 EXIT       | DOW             | $     28.42 | Below 40W EMA
2026-10-10 04:03:55 | INFO | 🔴 EXIT       | DHI             | $    134.88 | Below 40W EMA
2026-10-10 04:03:57 | INFO | 🔴 EXIT       | DTE             | $    126.90 | Below 40W EMA
2026-10-10 04:04:00 | INFO | 🟡 WAIT       | DUK             | $    116.65 | EMAs converging, no breakout yet
2026-10-10 04:04:02 | INFO | 🟡 WAIT       | DD              | $    130.00 | EMAs converging, no breakout yet
2026-10-10 04:04:04 | INFO | 🟢 HOLD_ADD   | ETN             | $    429.65 | Above all weekly EMAs
2026-10-10 04:04:07 | INFO | 🟢 HOLD_ADD   | EBAY            | $    112.19 | Above all weekly EMAs
2026-10-10 04:04:09 | INFO | 🔴 EXIT       | ECHO            | $     94.84 | Below 40W EMA
2026-10-10 04:04:11 | INFO | 🟡 WAIT       | ECL             | $    281.83 | EMAs converging, no breakout yet
2026-10-10 04:04:13 | INFO | 🔴 EXIT       | EIX             | $     55.30 | Below 40W EMA
2026-10-10 04:04:15 | INFO | 🟡 WAIT       | EW              | $     85.21 | EMAs converging, no breakout yet
2026-10-10 04:04:18 | INFO | 🟢 HOLD_ADD   | ELV             | $    412.70 | Above all weekly EMAs
2026-10-10 04:04:20 | INFO | 🟡 WAIT       | EME             | $    789.45 | EMAs converging, no breakout yet
2026-10-10 04:04:22 | INFO | 🟢 HOLD_ADD   | EMR             | $    161.83 | Above all weekly EMAs
2026-10-10 04:04:24 | INFO | 🟡 WAIT       | ETR             | $    102.80 | EMAs converging, no breakout yet
2026-10-10 04:04:27 | INFO | 🟢 HOLD_ADD   | EOG             | $    148.16 | Above all weekly EMAs
2026-10-10 04:04:29 | INFO | 🟡 WAIT       | EQT             | $     52.83 | EMAs converging, no breakout yet
2026-10-10 04:04:31 | INFO | 🔴 EXIT       | EFX             | $    145.78 | Below 40W EMA
2026-10-10 04:04:33 | INFO | 🟠 CAUTIOUS   | EQIX            | $   1026.06 | Below 20W EMA
2026-10-10 04:04:35 | INFO | 🔴 EXIT       | ERIE            | $    222.04 | Below 40W EMA
2026-10-10 04:04:38 | INFO | 🟡 WAIT       | ESS             | $    271.57 | EMAs converging, no breakout yet
2026-10-10 04:04:40 | INFO | 🟢 HOLD_ADD   | EL              | $     98.05 | Above all weekly EMAs
2026-10-10 04:04:42 | INFO | 🟣 FADING     | EG              | $    368.37 | Below 10W EMA - momentum fading
2026-10-10 04:04:44 | INFO | 🟡 WAIT       | EVRG            | $     80.96 | EMAs converging, no breakout yet
2026-10-10 04:04:47 | INFO | 🟢 HOLD_ADD   | P               | $    154.49 | Above all weekly EMAs
2026-10-10 04:04:49 | INFO | 🟡 WAIT       | ES              | $     65.73 | EMAs converging, no breakout yet
2026-10-10 04:04:51 | INFO | 🔴 EXIT       | EXC             | $     41.76 | Below 40W EMA
2026-10-10 04:04:53 | INFO | 🔴 EXIT       | EXE             | $     88.22 | Below 40W EMA
2026-10-10 04:04:56 | INFO | 🟠 CAUTIOUS   | EXPE            | $    274.22 | Below 20W EMA
2026-10-10 04:04:58 | INFO | 🟢 HOLD_ADD   | EXPD            | $    193.24 | Above all weekly EMAs
2026-10-10 04:05:00 | INFO | 🟡 WAIT       | EXR             | $    134.65 | EMAs converging, no breakout yet
2026-10-10 04:05:02 | INFO | 🟢 HOLD_ADD   | XOM             | $    168.94 | Above all weekly EMAs
2026-10-10 04:05:05 | INFO | 🟢 HOLD_ADD   | FFIV            | $    479.83 | Above all weekly EMAs
2026-10-10 04:05:07 | INFO | 🟢 HOLD_ADD   | FDS             | $    287.18 | Above all weekly EMAs
2026-10-10 04:05:09 | INFO | 🔴 EXIT       | FICO            | $    667.58 | Below 40W EMA
2026-10-10 04:05:11 | INFO | 🟢 HOLD_ADD   | FAST            | $     50.75 | Above all weekly EMAs
2026-10-10 04:05:13 | INFO | 🔴 EXIT       | FRT             | $    106.16 | Broke support with EMAs converging
2026-10-10 04:05:16 | INFO | 🔴 EXIT       | FDX             | $    291.71 | Below 40W EMA
2026-10-10 04:05:18 | WARNING | FDXF: Insufficient data for analysis
2026-10-10 04:05:20 | INFO | 🟡 WAIT       | FERG            | $    220.04 | EMAs converging, no breakout yet
2026-10-10 04:05:22 | INFO | 🔴 EXIT       | FIS             | $     34.04 | Below 40W EMA
2026-10-10 04:05:24 | INFO | 🔴 EXIT       | FITB            | $     50.64 | Below 40W EMA
2026-10-10 04:05:27 | INFO | 🔴 EXIT       | FSLR            | $    177.82 | Below 40W EMA
2026-10-10 04:05:29 | INFO | 🟡 WAIT       | FE              | $     45.00 | EMAs converging, no breakout yet
2026-10-10 04:05:31 | INFO | 🔴 EXIT       | FISV            | $     45.63 | Below 40W EMA
2026-10-10 04:05:33 | INFO | 🟢 HOLD_ADD   | FLEX            | $    119.83 | Above all weekly EMAs
2026-10-10 04:05:36 | INFO | 🟡 WAIT       | F               | $     12.17 | EMAs converging, no breakout yet
2026-10-10 04:05:38 | INFO | 🟢 HOLD_ADD   | FTNT            | $    194.75 | Above all weekly EMAs
2026-10-10 04:05:40 | INFO | 🟡 WAIT       | FTV             | $     57.26 | EMAs converging, no breakout yet
2026-10-10 04:05:42 | INFO | 🟡 WAIT       | FOXA            | $     62.41 | EMAs converging, no breakout yet
2026-10-10 04:05:44 | INFO | 🟡 WAIT       | FOX             | $     55.89 | EMAs converging, no breakout yet
2026-10-10 04:05:47 | INFO | 🟠 CAUTIOUS   | BEN             | $     32.00 | Below 20W EMA
2026-10-10 04:05:49 | INFO | 🟢 HOLD_ADD   | FCX             | $     73.69 | Above all weekly EMAs
2026-10-10 04:05:51 | INFO | 🟠 CAUTIOUS   | GRMN            | $    268.36 | Below 20W EMA
2026-10-10 04:05:53 | INFO | 🟢 HOLD_ADD   | IT              | $    191.15 | Above all weekly EMAs
2026-10-10 04:05:56 | INFO | 🟡 WAIT       | GE              | $    308.20 | EMAs converging, no breakout yet
2026-10-10 04:05:58 | INFO | 🔴 EXIT       | GEHC            | $     65.74 | Below 40W EMA
2026-10-10 04:06:00 | INFO | 🟢 HOLD_ADD   | GEV             | $   1004.73 | Above all weekly EMAs
2026-10-10 04:06:02 | INFO | 🟡 WAIT       | GEN             | $     23.25 | EMAs converging, no breakout yet
2026-10-10 04:06:04 | INFO | 🟡 WAIT       | GNRC            | $    224.94 | EMAs converging, no breakout yet
2026-10-10 04:06:07 | INFO | 🟡 WAIT       | GD              | $    331.27 | EMAs converging, no breakout yet
2026-10-10 04:06:09 | INFO | 🔴 EXIT       | GIS             | $     32.29 | Below 40W EMA
2026-10-10 04:06:11 | INFO | 🟣 FADING     | GM              | $     82.73 | Below 10W EMA - momentum fading
2026-10-10 04:06:13 | INFO | 🟣 FADING     | GPC             | $    127.02 | Below 10W EMA - momentum fading
2026-10-10 04:06:16 | INFO | 🟢 HOLD_ADD   | GILD            | $    151.17 | Above all weekly EMAs
2026-10-10 04:06:18 | INFO | 🟣 FADING     | GPN             | $     82.20 | Below 10W EMA - momentum fading
2026-10-10 04:06:20 | INFO | 🟠 CAUTIOUS   | GL              | $    164.17 | Below 20W EMA
2026-10-10 04:06:22 | INFO | 🟢 HOLD_ADD   | GDDY            | $    104.35 | Above all weekly EMAs
2026-10-10 04:06:25 | INFO | 🔴 EXIT       | GS              | $    895.32 | Below 40W EMA
2026-10-10 04:06:27 | INFO | 🟡 WAIT       | HAL             | $     32.55 | EMAs converging, no breakout yet
2026-10-10 04:06:29 | INFO | 🟡 WAIT       | HIG             | $    129.11 | EMAs converging, no breakout yet
2026-10-10 04:06:31 | INFO | 🟢 HOLD_ADD   | HAS             | $     93.32 | Above all weekly EMAs
2026-10-10 04:06:34 | INFO | 🟡 WAIT       | HCA             | $    451.09 | EMAs converging, no breakout yet
2026-10-10 04:06:36 | INFO | 🔴 EXIT       | DOC             | $     18.80 | Below 40W EMA
2026-10-10 04:06:38 | INFO | 🟠 CAUTIOUS   | HSIC            | $     84.01 | Below 20W EMA
2026-10-10 04:06:40 | INFO | 🔴 EXIT       | HSY             | $    162.74 | Below 40W EMA
2026-10-10 04:06:43 | INFO | 🟢 HOLD_ADD   | HPE             | $     73.46 | Above all weekly EMAs
2026-10-10 04:06:45 | INFO | 🟡 WAIT       | HLT             | $    326.56 | EMAs converging, no breakout yet
2026-10-10 04:06:47 | INFO | 🔴 EXIT       | HD              | $    290.74 | Below 40W EMA
2026-10-10 04:06:49 | WARNING | HONA: Insufficient data for analysis
2026-10-10 04:06:51 | INFO | 🔴 EXIT       | HON             | $    207.73 | Below 40W EMA
2026-10-10 04:06:54 | INFO | 🔴 EXIT       | HRL             | $     19.19 | Below 40W EMA
2026-10-10 04:06:56 | INFO | 🟢 HOLD_ADD   | HST             | $     22.65 | Above all weekly EMAs
2026-10-10 04:06:58 | INFO | 🔴 EXIT       | HWM             | $    225.26 | Below 40W EMA
2026-10-10 04:07:00 | INFO | 🟣 FADING     | HPQ             | $     30.20 | Below 10W EMA - momentum fading
2026-10-10 04:07:03 | INFO | 🟡 WAIT       | HUBB            | $    474.11 | EMAs converging, no breakout yet
2026-10-10 04:07:05 | INFO | 🟢 HOLD_ADD   | HUM             | $    431.87 | Above all weekly EMAs
2026-10-10 04:07:07 | INFO | 🟡 WAIT       | HBAN            | $     15.32 | EMAs converging, no breakout yet
2026-10-10 04:07:09 | INFO | 🔴 EXIT       | HII             | $    264.80 | Below 40W EMA
2026-10-10 04:07:12 | INFO | 🔴 EXIT       | IBM             | $    227.13 | Below 40W EMA
2026-10-10 04:07:14 | INFO | 🟢 HOLD_ADD   | IEX             | $    234.29 | Above all weekly EMAs
2026-10-10 04:07:16 | INFO | 🔴 EXIT       | IDXX            | $    518.00 | Below 40W EMA
2026-10-10 04:07:18 | INFO | 🟡 WAIT       | ITW             | $    264.13 | EMAs converging, no breakout yet
2026-10-10 04:07:20 | INFO | 🟢 HOLD_ADD   | ILMN            | $    278.17 | Above all weekly EMAs
2026-10-10 04:07:23 | INFO | 🟠 CAUTIOUS   | INCY            | $    112.79 | Below 20W EMA
2026-10-10 04:07:25 | INFO | 🔴 EXIT       | IR              | $     78.75 | Below 40W EMA
2026-10-10 04:07:27 | INFO | 🔴 EXIT       | PODD            | $    135.28 | Below 40W EMA
2026-10-10 04:07:29 | INFO | 🟣 FADING     | INTC            | $    104.70 | Below 10W EMA - momentum fading
2026-10-10 04:07:31 | INFO | 🟠 CAUTIOUS   | IBKR            | $     87.87 | Below 20W EMA
2026-10-10 04:07:34 | INFO | 🟡 WAIT       | ICE             | $    156.19 | EMAs converging, no breakout yet
2026-10-10 04:07:36 | INFO | 🟢 HOLD_ADD   | IFF             | $     84.55 | Above all weekly EMAs
2026-10-10 04:07:38 | INFO | 🔴 EXIT       | IP              | $     32.12 | Below 40W EMA
2026-10-10 04:07:40 | INFO | 🔴 EXIT       | INTU            | $    302.75 | Below 40W EMA
2026-10-10 04:07:43 | INFO | 🔴 EXIT       | ISRG            | $    423.96 | Below 40W EMA
2026-10-10 04:07:45 | INFO | 🟠 CAUTIOUS   | IVZ             | $     29.51 | Below 20W EMA
2026-10-10 04:07:47 | INFO | 🔴 EXIT       | INVH            | $     26.79 | Broke support with EMAs converging
2026-10-10 04:07:49 | INFO | 🟢 HOLD_ADD   | IQV             | $    259.88 | Above all weekly EMAs
2026-10-10 04:07:51 | INFO | 🟠 CAUTIOUS   | IRM             | $    114.51 | Below 20W EMA
2026-10-10 04:07:54 | INFO | 🔴 EXIT       | JBHT            | $    229.26 | Below 40W EMA
2026-10-10 04:07:56 | INFO | 🟠 CAUTIOUS   | JBL             | $    306.28 | Below 20W EMA
2026-10-10 04:07:58 | INFO | 🟡 WAIT       | JKHY            | $    149.31 | EMAs converging, no breakout yet
2026-10-10 04:08:00 | INFO | 🟣 FADING     | J               | $    139.15 | Below 10W EMA - momentum fading
2026-10-10 04:08:02 | INFO | 🟣 FADING     | JNJ             | $    261.44 | Below 10W EMA - momentum fading
2026-10-10 04:08:05 | INFO | 🟢 HOLD_ADD   | JCI             | $    157.44 | Above all weekly EMAs
2026-10-10 04:08:07 | INFO | 🟠 CAUTIOUS   | JPM             | $    332.99 | Below 20W EMA
2026-10-10 04:08:09 | INFO | 🟡 WAIT       | KVUE            | $     17.70 | EMAs converging, no breakout yet
2026-10-10 04:08:11 | INFO | 🟢 HOLD_ADD   | KDP             | $     31.76 | Above all weekly EMAs
2026-10-10 04:08:14 | INFO | 🟡 WAIT       | KEY             | $     19.97 | EMAs converging, no breakout yet
2026-10-10 04:08:16 | INFO | 🟢 HOLD_ADD   | KEYS            | $    382.75 | Above all weekly EMAs
2026-10-10 04:08:18 | INFO | 🟡 WAIT       | KMB             | $     97.59 | EMAs converging, no breakout yet
2026-10-10 04:08:20 | INFO | 🔴 EXIT       | KIM             | $     22.16 | Broke support with EMAs converging
2026-10-10 04:08:23 | INFO | 🟡 WAIT       | KMI             | $     32.49 | EMAs converging, no breakout yet
2026-10-10 04:08:25 | INFO | 🔴 EXIT       | KKR             | $     90.95 | Below 40W EMA
2026-10-10 04:08:27 | INFO | 🟢 HOLD_ADD   | KLAC            | $    195.57 | Above all weekly EMAs
2026-10-10 04:08:29 | INFO | 🟡 WAIT       | KHC             | $     22.27 | EMAs converging, no breakout yet
2026-10-10 04:08:31 | INFO | 🟢 HOLD_ADD   | KR              | $     61.64 | Above all weekly EMAs
2026-10-10 04:08:34 | INFO | 🔴 EXIT       | LHX             | $    236.97 | Below 40W EMA
2026-10-10 04:08:36 | INFO | 🟢 HOLD_ADD   | LH              | $    312.15 | Above all weekly EMAs
2026-10-10 04:08:38 | INFO | 🟢 HOLD_ADD   | LRCX            | $    318.84 | Above all weekly EMAs
2026-10-10 04:08:40 | INFO | 🔴 EXIT       | LVS             | $     36.17 | Below 40W EMA
2026-10-10 04:08:43 | INFO | 🔴 EXIT       | LDOS            | $    121.68 | Below 40W EMA
2026-10-10 04:08:45 | INFO | 🔴 EXIT       | LEN             | $     76.69 | Below 40W EMA
2026-10-10 04:08:47 | INFO | 🔴 EXIT       | LII             | $    356.44 | Below 40W EMA
2026-10-10 04:08:49 | INFO | 🟢 HOLD_ADD   | LLY             | $   1179.27 | Above all weekly EMAs
2026-10-10 04:08:52 | INFO | 🟡 WAIT       | LIN             | $    483.73 | EMAs converging, no breakout yet
2026-10-10 04:08:54 | INFO | 🟠 CAUTIOUS   | LYV             | $    170.33 | Below 20W EMA
2026-10-10 04:08:56 | INFO | 🟡 WAIT       | LMT             | $    509.59 | EMAs converging, no breakout yet
2026-10-10 04:08:58 | INFO | 🟡 WAIT       | L               | $    106.69 | EMAs converging, no breakout yet
2026-10-10 04:09:01 | INFO | 🔴 EXIT       | LOW             | $    186.00 | Below 40W EMA
2026-10-10 04:09:03 | INFO | 🔴 EXIT       | LULU            | $     94.50 | Below 40W EMA
2026-10-10 04:09:05 | INFO | 🟢 HOLD_ADD   | LITE            | $   1103.35 | Above all weekly EMAs
2026-10-10 04:09:07 | INFO | 🟡 WAIT       | LYB             | $     60.03 | EMAs converging, no breakout yet
2026-10-10 04:09:10 | INFO | 🔴 EXIT       | MTB             | $    217.49 | Below 40W EMA
2026-10-10 04:09:12 | INFO | 🟢 HOLD_ADD   | MPC             | $    455.03 | Above all weekly EMAs
2026-10-10 04:09:14 | INFO | 🟡 WAIT       | MAR             | $    365.88 | EMAs converging, no breakout yet
2026-10-10 04:09:16 | INFO | 🟡 WAIT       | MRSH            | $    175.76 | EMAs converging, no breakout yet
2026-10-10 04:09:19 | INFO | 🔴 EXIT       | MLM             | $    478.35 | Below 40W EMA
2026-10-10 04:09:21 | INFO | 🟢 HOLD_ADD   | MRVL            | $    275.28 | Above all weekly EMAs
2026-10-10 04:09:23 | INFO | 🟡 WAIT       | MAS             | $     68.75 | EMAs converging, no breakout yet
2026-10-10 04:09:25 | INFO | 🟢 HOLD_ADD   | MA              | $    589.14 | Above all weekly EMAs
2026-10-10 04:09:28 | INFO | 🔴 EXIT       | MKC             | $     44.81 | Below 40W EMA
2026-10-10 04:09:30 | INFO | 🔴 EXIT       | MCD             | $    235.23 | Below 40W EMA
2026-10-10 04:09:32 | INFO | 🟢 HOLD_ADD   | MCK             | $    938.84 | Above all weekly EMAs
2026-10-10 04:09:34 | INFO | 🟡 WAIT       | MDT             | $     88.48 | EMAs converging, no breakout yet
2026-10-10 04:09:37 | INFO | 🟢 HOLD_ADD   | MRK             | $    145.60 | Above all weekly EMAs
2026-10-10 04:09:39 | INFO | 🟢 HOLD_ADD   | META            | $    718.67 | Above all weekly EMAs
2026-10-10 04:09:41 | INFO | 🟢 HOLD_ADD   | MET             | $     98.33 | Above all weekly EMAs
2026-10-10 04:09:43 | INFO | 🟢 HOLD_ADD   | MTD             | $   1549.99 | Above all weekly EMAs
2026-10-10 04:09:45 | INFO | 🔴 EXIT       | MGM             | $     29.27 | Below 40W EMA
2026-10-10 04:09:48 | INFO | 🟡 WAIT       | MCHP            | $     75.55 | EMAs converging, no breakout yet
2026-10-10 04:09:50 | INFO | 🟢 HOLD_ADD   | MU              | $   1029.00 | Above all weekly EMAs
2026-10-10 04:09:52 | INFO | 🟢 HOLD_ADD   | MSFT            | $    535.07 | Above all weekly EMAs
2026-10-10 04:09:54 | INFO | 🔴 EXIT       | MAA             | $    116.86 | Below 40W EMA
2026-10-10 04:09:56 | INFO | 🟢 HOLD_ADD   | MRNA            | $    225.00 | Above all weekly EMAs
2026-10-10 04:09:59 | INFO | 🟡 WAIT       | MDLZ            | $     60.41 | EMAs converging, no breakout yet
2026-10-10 04:10:01 | INFO | 🟢 HOLD_ADD   | MPWR            | $   1386.29 | Above all weekly EMAs
2026-10-10 04:10:03 | INFO | 🟠 CAUTIOUS   | MNST            | $     43.64 | Below 20W EMA
2026-10-10 04:10:05 | INFO | 🟡 WAIT       | MCO             | $    464.23 | EMAs converging, no breakout yet
2026-10-10 04:10:08 | INFO | 🔴 EXIT       | MS              | $    190.02 | Below 40W EMA
2026-10-10 04:10:10 | INFO | 🔴 EXIT       | MOS             | $     18.74 | Below 40W EMA
2026-10-10 04:10:12 | INFO | 🟠 CAUTIOUS   | MSI             | $    444.18 | Below 20W EMA
2026-10-10 04:10:14 | INFO | 🟡 WAIT       | MSCI            | $    565.12 | EMAs converging, no breakout yet
2026-10-10 04:10:17 | INFO | 🟡 WAIT       | NDAQ            | $     93.65 | EMAs converging, no breakout yet
2026-10-10 04:10:19 | INFO | 🟢 HOLD_ADD   | NTAP            | $    237.15 | Above all weekly EMAs
2026-10-10 04:10:21 | INFO | 🔴 EXIT       | NFLX            | $     70.30 | Below 40W EMA
2026-10-10 04:10:23 | INFO | 🟣 FADING     | NEM             | $    117.84 | Below 10W EMA - momentum fading
2026-10-10 04:10:25 | INFO | 🟢 HOLD_ADD   | NWSA            | $     29.12 | Above all weekly EMAs
2026-10-10 04:10:28 | INFO | 🟣 FADING     | NWS             | $     32.01 | Below 10W EMA - momentum fading
2026-10-10 04:10:30 | INFO | 🔴 EXIT       | NEE             | $     77.38 | Below 40W EMA
2026-10-10 04:10:32 | INFO | 🔴 EXIT       | NKE             | $     34.71 | Below 40W EMA
2026-10-10 04:10:34 | INFO | 🔴 EXIT       | NI              | $     40.76 | Below 40W EMA
2026-10-10 04:10:37 | INFO | 🟢 HOLD_ADD   | NDSN            | $    328.17 | Above all weekly EMAs
2026-10-10 04:10:39 | INFO | 🟠 CAUTIOUS   | NSC             | $    317.79 | Below 20W EMA
2026-10-10 04:10:41 | INFO | 🟠 CAUTIOUS   | NTRS            | $    168.21 | Below 20W EMA
2026-10-10 04:10:47 | INFO | 🔴 EXIT       | NOC             | $    480.72 | Below 40W EMA
2026-10-10 04:10:49 | INFO | 🔴 EXIT       | NCLH            | $     15.57 | Below 40W EMA
2026-10-10 04:10:51 | INFO | 🔴 EXIT       | NRG             | $    107.97 | Below 40W EMA
2026-10-10 04:10:53 | INFO | 🟢 HOLD_ADD   | NUE             | $    250.33 | Above all weekly EMAs
2026-10-10 04:10:56 | INFO | 🟢 HOLD_ADD   | NVDA            | $    229.28 | Above all weekly EMAs
2026-10-10 04:10:58 | INFO | 🔴 EXIT       | NVR             | $   5899.16 | Below 40W EMA
2026-10-10 04:11:00 | INFO | 🟡 WAIT       | NXPI            | $    227.52 | EMAs converging, no breakout yet
2026-10-10 04:11:02 | INFO | 🔴 EXIT       | ORLY            | $     86.45 | Below 40W EMA
2026-10-10 04:11:04 | INFO | 🟢 HOLD_ADD   | OXY             | $     60.11 | Above all weekly EMAs
2026-10-10 04:11:07 | INFO | 🔴 EXIT       | ODFL            | $    181.97 | Below 40W EMA
2026-10-10 04:11:09 | INFO | 🟡 WAIT       | OMC             | $     76.48 | EMAs converging, no breakout yet
2026-10-10 04:11:11 | INFO | 🔴 EXIT       | ON              | $     77.53 | Below 40W EMA
2026-10-10 04:11:13 | INFO | 🟠 CAUTIOUS   | OKE             | $     89.80 | Below 20W EMA
2026-10-10 04:11:16 | INFO | 🔴 EXIT       | ORCL            | $    141.40 | Below 40W EMA
2026-10-10 04:11:18 | INFO | 🔴 EXIT       | OTIS            | $     65.95 | Below 40W EMA
2026-10-10 04:11:20 | INFO | 🟡 WAIT       | PCAR            | $    108.04 | EMAs converging, no breakout yet
2026-10-10 04:11:22 | INFO | 🟠 CAUTIOUS   | PKG             | $    230.51 | Below 20W EMA
2026-10-10 04:11:24 | INFO | 🟢 HOLD_ADD   | PLTR            | $    209.05 | Above all weekly EMAs
2026-10-10 04:11:27 | INFO | 🟢 HOLD_ADD   | PANW            | $    418.78 | Above all weekly EMAs
2026-10-10 04:11:29 | INFO | 🟣 FADING     | PH              | $    962.56 | Below 10W EMA - momentum fading
2026-10-10 04:11:31 | INFO | 🟡 WAIT       | PAYX            | $    103.98 | EMAs converging, no breakout yet
2026-10-10 04:11:33 | INFO | 🟡 WAIT       | PYPL            | $     55.53 | EMAs converging, no breakout yet
2026-10-10 04:11:36 | INFO | 🔴 EXIT       | PNR             | $     52.47 | Below 40W EMA
2026-10-10 04:11:38 | INFO | 🔴 EXIT       | PEP             | $    125.97 | Below 40W EMA
2026-10-10 04:11:40 | INFO | 🟢 HOLD_ADD   | PFE             | $     28.28 | Above all weekly EMAs
2026-10-10 04:11:43 | INFO | 🔴 EXIT       | PCG             | $     13.13 | Below 40W EMA
2026-10-10 04:11:45 | INFO | 🟢 HOLD_ADD   | PM              | $    201.19 | Above all weekly EMAs
2026-10-10 04:11:47 | INFO | 🟢 HOLD_ADD   | PSX             | $    278.18 | Above all weekly EMAs
2026-10-10 04:11:49 | INFO | 🟡 WAIT       | PNW             | $     98.92 | EMAs converging, no breakout yet
2026-10-10 04:11:51 | INFO | 🔴 EXIT       | PNC             | $    219.21 | Below 40W EMA
2026-10-10 04:11:54 | INFO | 🟡 WAIT       | PPG             | $    103.96 | EMAs converging, no breakout yet
2026-10-10 04:11:56 | INFO | 🟡 WAIT       | PPL             | $     34.25 | EMAs converging, no breakout yet
2026-10-10 04:11:58 | INFO | 🟠 CAUTIOUS   | PFG             | $    107.24 | Below 20W EMA
2026-10-10 04:12:00 | INFO | 🟡 WAIT       | PG              | $    151.23 | EMAs converging, no breakout yet
2026-10-10 04:12:03 | INFO | 🟡 WAIT       | PGR             | $    217.43 | EMAs converging, no breakout yet
2026-10-10 04:12:05 | INFO | 🔴 EXIT       | PLD             | $    129.49 | Broke support with EMAs converging
2026-10-10 04:12:07 | INFO | 🟠 CAUTIOUS   | PRU             | $    113.09 | Below 20W EMA
2026-10-10 04:12:09 | INFO | 🔴 EXIT       | PEG             | $     72.28 | Below 40W EMA
2026-10-10 04:12:12 | INFO | 🟢 HOLD_ADD   | PTC             | $    194.45 | Above all weekly EMAs
2026-10-10 04:12:14 | INFO | 🟡 WAIT       | PSA             | $    289.86 | EMAs converging, no breakout yet
2026-10-10 04:12:16 | INFO | 🟡 WAIT       | PHM             | $    112.12 | EMAs converging, no breakout yet
2026-10-10 04:12:18 | INFO | 🟢 HOLD_ADD   | PWR             | $    705.94 | Above all weekly EMAs
2026-10-10 04:12:21 | INFO | 🟠 CAUTIOUS   | QCOM            | $    175.50 | Below 20W EMA
2026-10-10 04:12:23 | INFO | 🟣 FADING     | DGX             | $    230.97 | Below 10W EMA - momentum fading
2026-10-10 04:12:25 | INFO | 🟠 CAUTIOUS   | Q               | $    126.60 | Below 20W EMA
2026-10-10 04:12:27 | INFO | 🟡 WAIT       | RL              | $    371.28 | EMAs converging, no breakout yet
2026-10-10 04:12:30 | INFO | 🟡 WAIT       | RJF             | $    158.38 | EMAs converging, no breakout yet
2026-10-10 04:12:32 | INFO | 🔴 EXIT       | RDDT            | $    159.91 | Below 40W EMA
2026-10-10 04:12:34 | INFO | 🟡 WAIT       | RTX             | $    185.97 | EMAs converging, no breakout yet
2026-10-10 04:12:36 | INFO | 🔴 EXIT       | O               | $     54.18 | Broke support with EMAs converging
2026-10-10 04:12:38 | INFO | 🔴 EXIT       | REG             | $     72.05 | Broke support with EMAs converging
2026-10-10 04:12:41 | INFO | 🟣 FADING     | REGN            | $    746.54 | Below 10W EMA - momentum fading
2026-10-10 04:12:43 | INFO | 🟡 WAIT       | RF              | $     27.03 | EMAs converging, no breakout yet
2026-10-10 04:12:45 | INFO | 🟡 WAIT       | RSG             | $    216.88 | EMAs converging, no breakout yet
2026-10-10 04:12:47 | INFO | 🟡 WAIT       | RMD             | $    230.05 | EMAs converging, no breakout yet
2026-10-10 04:12:50 | INFO | 🟢 HOLD_ADD   | RVTY            | $    154.18 | Above all weekly EMAs
2026-10-10 04:12:52 | INFO | 🟣 FADING     | HOOD            | $    109.02 | Below 10W EMA - momentum fading
2026-10-10 04:12:54 | INFO | 🟠 CAUTIOUS   | ROK             | $    432.59 | Below 20W EMA
2026-10-10 04:12:56 | INFO | 🔴 EXIT       | ROL             | $     31.98 | Below 40W EMA
2026-10-10 04:12:58 | INFO | 🟡 WAIT       | ROP             | $    364.09 | EMAs converging, no breakout yet
2026-10-10 04:13:01 | INFO | 🟠 CAUTIOUS   | ROST            | $    222.41 | Below 20W EMA
2026-10-10 04:13:03 | INFO | 🟡 WAIT       | RCL             | $    282.26 | EMAs converging, no breakout yet
2026-10-10 04:13:05 | INFO | 🟡 WAIT       | SPGI            | $    407.82 | EMAs converging, no breakout yet
2026-10-10 04:13:07 | INFO | 🟢 HOLD_ADD   | CRM             | $    229.13 | Above all weekly EMAs
2026-10-10 04:13:10 | INFO | 🟣 FADING     | SNDK            | $   1581.82 | Below 10W EMA - momentum fading
2026-10-10 04:13:12 | INFO | 🔴 EXIT       | SBAC            | $    182.49 | Below 40W EMA
2026-10-10 04:13:14 | INFO | 🔴 EXIT       | SLB             | $     48.95 | Below 40W EMA
2026-10-10 04:13:16 | INFO | 🟠 CAUTIOUS   | STX             | $    783.00 | Below 20W EMA
2026-10-10 04:13:18 | INFO | 🔴 EXIT       | SRE             | $     81.34 | Below 40W EMA
2026-10-10 04:13:21 | INFO | 🟢 HOLD_ADD   | NOW             | $    140.86 | Above all weekly EMAs
2026-10-10 04:13:23 | INFO | 🟡 WAIT       | SHW             | $    319.36 | EMAs converging, no breakout yet
2026-10-10 04:13:25 | INFO | 🔴 EXIT       | SPG             | $    199.42 | Below 40W EMA
2026-10-10 04:13:27 | INFO | 🔴 EXIT       | SKYD            | $      9.16 | Below 40W EMA
2026-10-10 04:13:30 | INFO | 🟣 FADING     | SWKS            | $     76.35 | Below 10W EMA - momentum fading
2026-10-10 04:13:32 | INFO | 🟣 FADING     | SJM             | $    119.83 | Below 10W EMA - momentum fading
2026-10-10 04:13:34 | INFO | 🟡 WAIT       | SW              | $     41.29 | EMAs converging, no breakout yet
2026-10-10 04:13:36 | INFO | 🟡 WAIT       | SNA             | $    360.37 | EMAs converging, no breakout yet
2026-10-10 04:13:38 | INFO | 🟢 HOLD_ADD   | SOLV            | $     87.29 | Above all weekly EMAs
2026-10-10 04:13:41 | INFO | 🔴 EXIT       | SO              | $     86.17 | Below 40W EMA
2026-10-10 04:13:43 | INFO | 🟡 WAIT       | LUV             | $     41.66 | EMAs converging, no breakout yet
2026-10-10 04:13:45 | INFO | 🟠 CAUTIOUS   | SWK             | $     88.57 | Below 20W EMA
2026-10-10 04:13:47 | INFO | 🔴 EXIT       | SBUX            | $     90.75 | Broke support with EMAs converging
2026-10-10 04:13:50 | INFO | 🟣 FADING     | STT             | $    174.96 | Below 10W EMA - momentum fading
2026-10-10 04:13:52 | INFO | 🟢 HOLD_ADD   | STLD            | $    238.38 | Above all weekly EMAs
2026-10-10 04:13:54 | INFO | 🔴 EXIT       | STE             | $    214.40 | Below 40W EMA
2026-10-10 04:13:56 | INFO | 🔴 EXIT       | SYK             | $    277.33 | Below 40W EMA
2026-10-10 04:13:59 | INFO | 🟢 HOLD_ADD   | SMCI            | $     41.85 | Above all weekly EMAs
2026-10-10 04:14:01 | INFO | 🟡 WAIT       | SYF             | $     72.80 | EMAs converging, no breakout yet
2026-10-10 04:14:03 | INFO | 🟡 WAIT       | SNPS            | $    509.99 | EMAs converging, no breakout yet
2026-10-10 04:14:05 | INFO | 🟡 WAIT       | SYY             | $     78.14 | EMAs converging, no breakout yet
2026-10-10 04:14:08 | INFO | 🔴 EXIT       | TMUS            | $    148.58 | Below 40W EMA
2026-10-10 04:14:10 | INFO | 🟡 WAIT       | TROW            | $    105.16 | EMAs converging, no breakout yet
2026-10-10 04:14:12 | INFO | 🔴 EXIT       | TTWO            | $    213.44 | Below 40W EMA
2026-10-10 04:14:14 | INFO | 🔴 EXIT       | TPR             | $    116.24 | Below 40W EMA
2026-10-10 04:14:16 | INFO | 🟢 HOLD_ADD   | TRGP            | $    286.70 | Above all weekly EMAs
2026-10-10 04:14:19 | INFO | 🟣 FADING     | TGT             | $    153.64 | Below 10W EMA - momentum fading
2026-10-10 04:14:21 | INFO | 🟡 WAIT       | TEL             | $    218.29 | EMAs converging, no breakout yet
2026-10-10 04:14:23 | INFO | 🟡 WAIT       | TDY             | $    613.66 | EMAs converging, no breakout yet
2026-10-10 04:14:25 | INFO | 🟢 HOLD_ADD   | TER             | $    402.68 | Above all weekly EMAs
2026-10-10 04:14:27 | INFO | 🟡 WAIT       | TSLA            | $    382.70 | EMAs converging, no breakout yet
2026-10-10 04:14:30 | INFO | 🟢 HOLD_ADD   | TXN             | $    283.74 | Above all weekly EMAs
2026-10-10 04:14:32 | INFO | 🔴 EXIT       | TPL             | $    360.98 | Below 40W EMA
2026-10-10 04:14:34 | INFO | 🔴 EXIT       | TXT             | $     74.16 | Below 40W EMA
2026-10-10 04:14:36 | INFO | 🟢 HOLD_ADD   | TMO             | $    658.02 | Above all weekly EMAs
2026-10-10 04:14:39 | INFO | 🔴 EXIT       | TJX             | $    138.76 | Below 40W EMA
2026-10-10 04:14:41 | INFO | 🟡 WAIT       | TKO             | $    178.01 | EMAs converging, no breakout yet
2026-10-10 04:14:43 | INFO | 🔴 EXIT       | TSCO            | $     33.70 | Below 40W EMA
2026-10-10 04:14:45 | INFO | 🟡 WAIT       | TT              | $    476.98 | EMAs converging, no breakout yet
2026-10-10 04:14:47 | INFO | 🔴 EXIT       | TDG             | $   1107.99 | Below 40W EMA
2026-10-10 04:14:50 | INFO | 🟢 HOLD_ADD   | TRV             | $    368.75 | Above all weekly EMAs
2026-10-10 04:14:52 | INFO | 🔴 EXIT       | TRMB            | $     60.09 | Below 40W EMA
2026-10-10 04:14:54 | INFO | 🟡 WAIT       | TFC             | $     46.11 | EMAs converging, no breakout yet
2026-10-10 04:14:56 | INFO | 🟢 HOLD_ADD   | TWLO            | $    289.47 | Above all weekly EMAs
2026-10-10 04:14:59 | INFO | 🔴 EXIT       | TYL             | $    329.55 | Below 40W EMA
2026-10-10 04:15:01 | INFO | 🔴 EXIT       | TSN             | $     53.43 | Below 40W EMA
2026-10-10 04:15:03 | INFO | 🟠 CAUTIOUS   | USB             | $     57.08 | Below 20W EMA
2026-10-10 04:15:05 | INFO | 🔴 EXIT       | UBER            | $     71.51 | Below 40W EMA
2026-10-10 04:15:07 | INFO | 🔴 EXIT       | UDR             | $     34.12 | Below 40W EMA
2026-10-10 04:15:10 | INFO | 🟡 WAIT       | ULTA            | $    570.37 | EMAs converging, no breakout yet
2026-10-10 04:15:12 | INFO | 🟠 CAUTIOUS   | UNP             | $    278.34 | Below 20W EMA
2026-10-10 04:15:14 | INFO | 🔴 EXIT       | UAL             | $    107.46 | Below 40W EMA
2026-10-10 04:15:16 | INFO | 🟡 WAIT       | UPS             | $     94.57 | EMAs converging, no breakout yet
2026-10-10 04:15:18 | INFO | 🟢 HOLD_ADD   | URI             | $   1056.37 | Above all weekly EMAs
2026-10-10 04:15:21 | INFO | 🟠 CAUTIOUS   | UNH             | $    379.30 | Below 20W EMA
2026-10-10 04:15:23 | INFO | 🟡 WAIT       | UHS             | $    177.35 | EMAs converging, no breakout yet
2026-10-10 04:15:25 | INFO | 🟢 HOLD_ADD   | VLO             | $    433.75 | Above all weekly EMAs
2026-10-10 04:15:27 | INFO | 🟢 HOLD_ADD   | VEEV            | $    296.13 | Above all weekly EMAs
2026-10-10 04:15:30 | INFO | 🔴 EXIT       | VTR             | $     82.04 | Below 40W EMA
2026-10-10 04:15:32 | INFO | 🟡 WAIT       | VLTO            | $     96.93 | EMAs converging, no breakout yet
2026-10-10 04:15:34 | INFO | 🟢 HOLD_ADD   | VRSN            | $    303.74 | Above all weekly EMAs
2026-10-10 04:15:36 | INFO | 🔴 EXIT       | VRSK            | $    177.63 | Below 40W EMA
2026-10-10 04:15:39 | INFO | 🟡 WAIT       | VZ              | $     41.65 | EMAs converging, no breakout yet
2026-10-10 04:15:41 | INFO | 🟣 FADING     | VRTX            | $    510.08 | Below 10W EMA - momentum fading
2026-10-10 04:15:43 | INFO | 🔴 EXIT       | VRT             | $    242.78 | Below 40W EMA
2026-10-10 04:15:45 | INFO | 🟢 HOLD_ADD   | VTRS            | $     17.64 | Above all weekly EMAs
2026-10-10 04:15:47 | INFO | 🔴 EXIT       | VICI            | $     22.88 | Below 40W EMA
2026-10-10 04:15:50 | INFO | 🟢 HOLD_ADD   | V               | $    385.45 | Above all weekly EMAs
2026-10-10 04:15:52 | INFO | 🟢 HOLD_ADD   | VST             | $    161.48 | Above all weekly EMAs
2026-10-10 04:15:54 | INFO | 🔴 EXIT       | VMRK            | $     61.16 | Broke support with EMAs converging
2026-10-10 04:15:56 | INFO | 🔴 EXIT       | VMC             | $    244.58 | Below 40W EMA
2026-10-10 04:15:58 | WARNING | VYLR: Insufficient data for analysis
2026-10-10 04:16:01 | INFO | 🟡 WAIT       | WRB             | $     71.91 | EMAs converging, no breakout yet
2026-10-10 04:16:03 | INFO | 🟣 FADING     | GWW             | $   1289.79 | Below 10W EMA - momentum fading
2026-10-10 04:16:05 | INFO | 🟢 HOLD_ADD   | WAB             | $    285.43 | Above all weekly EMAs
2026-10-10 04:16:07 | INFO | 🔴 EXIT       | WMT             | $    111.35 | Below 40W EMA
2026-10-10 04:16:10 | INFO | 🟡 WAIT       | DIS             | $    108.05 | EMAs converging, no breakout yet
2026-10-10 04:16:12 | INFO | 🟡 WAIT       | WM              | $    208.83 | EMAs converging, no breakout yet
2026-10-10 04:16:14 | INFO | 🟢 HOLD_ADD   | WAT             | $    433.77 | Above all weekly EMAs
2026-10-10 04:16:16 | INFO | 🟡 WAIT       | WEC             | $    103.74 | EMAs converging, no breakout yet
2026-10-10 04:16:18 | INFO | 🟡 WAIT       | WFC             | $     83.55 | EMAs converging, no breakout yet
2026-10-10 04:16:21 | INFO | 🟠 CAUTIOUS   | WELL            | $    225.47 | Below 20W EMA
2026-10-10 04:16:23 | INFO | 🟢 HOLD_ADD   | WST             | $    366.00 | Above all weekly EMAs
2026-10-10 04:16:25 | INFO | 🔴 EXIT       | WDC             | $    397.28 | Below 40W EMA
2026-10-10 04:16:27 | INFO | 🔴 EXIT       | WY              | $     19.10 | Below 40W EMA
2026-10-10 04:16:30 | INFO | 🟢 HOLD_ADD   | WSM             | $    241.78 | Above all weekly EMAs
2026-10-10 04:16:32 | INFO | 🟡 WAIT       | WMB             | $     72.67 | EMAs converging, no breakout yet
2026-10-10 04:16:34 | INFO | 🟡 WAIT       | WTW             | $    296.26 | EMAs converging, no breakout yet
2026-10-10 04:16:36 | INFO | 🟢 HOLD_ADD   | WDAY            | $    186.59 | Above all weekly EMAs
2026-10-10 04:16:39 | INFO | 🔴 EXIT       | WYNN            | $     75.15 | Below 40W EMA
2026-10-10 04:16:41 | INFO | 🟡 WAIT       | XEL             | $     73.78 | EMAs converging, no breakout yet
2026-10-10 04:16:43 | INFO | 🔴 EXIT       | XYL             | $    102.71 | Below 40W EMA
2026-10-10 04:16:45 | INFO | 🔴 EXIT       | YUM             | $    144.82 | Below 40W EMA
2026-10-10 04:16:47 | INFO | 🟢 HOLD_ADD   | ZBRA            | $    387.18 | Above all weekly EMAs
2026-10-10 04:16:50 | INFO | 🟡 WAIT       | ZBH             | $     89.14 | EMAs converging, no breakout yet
2026-10-10 04:16:52 | INFO | 🔴 EXIT       | ZTS             | $     74.81 | Below 40W EMA
2026-10-10 04:16:52 | INFO | ==================================================
2026-10-10 04:16:52 | INFO | SCAN COMPLETE
2026-10-10 04:16:52 | INFO | Total: 500 | Errors: 3
2026-10-10 04:16:52 | INFO | EXIT: 157
2026-10-10 04:16:52 | INFO | BULLISH: 1
2026-10-10 04:16:52 | INFO | WAIT: 145
2026-10-10 04:16:52 | INFO | CAUTIOUS: 41
2026-10-10 04:16:52 | INFO | FADING: 27
2026-10-10 04:16:52 | INFO | HOLD_ADD: 129
2026-10-10 04:16:52 | INFO | 
Checking for previous log to generate Actionable Report...
2026-10-10 04:16:52 | INFO | Comparing current run against previous run: 2026-10-03_USA.log
2026-10-10 04:16:52 | INFO | Action report generated at: /home/runner/work/ema-tracker/ema-tracker/actions/2026-10-10_USA-ACTIONS.csv
