2026-07-18 01:48:09 | INFO | Fetching NIFTY 500 stocks from NSE API
2026-07-18 01:48:09 | INFO | Fetching NIFTY 500 stocks list from NSE archives CSV: https://archives.nseindia.com/content/indices/ind_nifty500list.csv
2026-07-18 01:48:10 | WARNING | NSE archives CSV returned status code 503 for NIFTY 500
2026-07-18 01:48:10 | INFO | NSE fetch start for NIFTY 500
2026-07-18 01:48:10 | WARNING | NSE homepage cookie request returned status 403 for NIFTY 500
2026-07-18 01:48:21 | WARNING | NSE fetch exception for NIFTY 500: HTTPSConnectionPool(host='www.nseindia.com', port=443): Read timed out. (read timeout=10)
2026-07-18 01:48:21 | WARNING | NIFTY 500 fetch failed, using fallback list (100 stocks)
2026-07-18 01:48:23 | INFO | 🟡 WAIT       | ETERNAL         | ₹    286.60 | EMAs converging, no breakout yet
2026-07-18 01:48:25 | INFO | 🟢 HOLD_ADD   | MOTHERSON       | ₹    144.17 | Above all weekly EMAs
2026-07-18 01:48:27 | INFO | 🔴 EXIT       | TATASTEEL       | ₹    185.89 | Below 40W EMA
2026-07-18 01:48:29 | INFO | 🟡 WAIT       | DMART           | ₹   3951.90 | EMAs converging, no breakout yet
2026-07-18 01:48:32 | INFO | 🟢 HOLD_ADD   | TORNTPHARM      | ₹   4763.00 | Above all weekly EMAs
2026-07-18 01:48:34 | INFO | 🟡 WAIT       | ONGC            | ₹    247.29 | EMAs converging, no breakout yet
2026-07-18 01:48:36 | INFO | 🟡 WAIT       | M&M             | ₹   3179.20 | EMAs converging, no breakout yet
2026-07-18 01:48:38 | INFO | 🟢 HOLD_ADD   | BAJAJ-AUTO      | ₹  10443.00 | Above all weekly EMAs
2026-07-18 01:48:40 | INFO | 🟢 HOLD_ADD   | NAUKRI          | ₹   1187.25 | Above all weekly EMAs
2026-07-18 01:48:42 | INFO | 🟡 WAIT       | TECHM           | ₹   1572.90 | EMAs converging, no breakout yet
2026-07-18 01:48:45 | INFO | 🟡 WAIT       | POWERGRID       | ₹    283.55 | EMAs converging, no breakout yet
2026-07-18 01:48:47 | INFO | 🟡 WAIT       | LT              | ₹   3814.50 | EMAs converging, no breakout yet
2026-07-18 01:48:49 | INFO | 🟢 HOLD_ADD   | EICHERMOT       | ₹   7563.50 | Above all weekly EMAs
2026-07-18 01:48:51 | INFO | 🟡 WAIT       | NTPC            | ₹    341.85 | EMAs converging, no breakout yet
2026-07-18 01:48:53 | INFO | 🔴 EXIT       | TCS             | ₹   2269.00 | Below 40W EMA
2026-07-18 01:48:55 | INFO | 🟡 WAIT       | MAXHEALTH       | ₹   1089.90 | EMAs converging, no breakout yet
2026-07-18 01:48:58 | INFO | 🟢 HOLD_ADD   | GRASIM          | ₹   3109.70 | Above all weekly EMAs
2026-07-18 01:49:00 | INFO | 🔴 EXIT       | VEDL            | ₹    253.05 | Below 40W EMA
2026-07-18 01:49:02 | INFO | 🟡 WAIT       | MARUTI          | ₹  13803.00 | EMAs converging, no breakout yet
2026-07-18 01:49:04 | INFO | 🔴 EXIT       | IOC             | ₹    141.69 | Below 40W EMA
2026-07-18 01:49:06 | INFO | 🟢 HOLD_ADD   | AXISBANK        | ₹   1328.50 | Above all weekly EMAs
2026-07-18 01:49:08 | INFO | 🟢 HOLD_ADD   | NESTLEIND       | ₹   1427.20 | Above all weekly EMAs
2026-07-18 01:49:11 | INFO | 🟢 HOLD_ADD   | TITAN           | ₹   4638.10 | Above all weekly EMAs
2026-07-18 01:49:13 | INFO | 🟡 WAIT       | INDHOTEL        | ₹    727.90 | EMAs converging, no breakout yet
2026-07-18 01:49:15 | INFO | 🔴 EXIT       | ICICIGI         | ₹   1612.20 | Below 40W EMA
2026-07-18 01:49:17 | INFO | 🟢 HOLD_ADD   | DIVISLAB        | ₹   7247.50 | Above all weekly EMAs
2026-07-18 01:49:19 | INFO | 🟢 HOLD_ADD   | ABB             | ₹   7506.00 | Above all weekly EMAs
2026-07-18 01:49:21 | INFO | 🔴 EXIT       | HINDUNILVR      | ₹   2143.80 | Below 40W EMA
2026-07-18 01:49:24 | INFO | 🔴 EXIT       | BAJAJHFL        | ₹     86.34 | Below 40W EMA
2026-07-18 01:49:26 | INFO | ✅ BULLISH    | ICICIBANK       | ₹   1444.30 | Resistance breakout with EMAs converging
2026-07-18 01:49:28 | INFO | 🔴 EXIT       | BRITANNIA       | ₹   5412.50 | Below 40W EMA
2026-07-18 01:49:30 | INFO | 🔴 EXIT       | WIPRO           | ₹    176.00 | Below 40W EMA
2026-07-18 01:49:32 | INFO | 🔴 EXIT       | JIOFIN          | ₹    242.98 | Below 40W EMA
2026-07-18 01:49:34 | INFO | 🟠 CAUTIOUS   | HINDALCO        | ₹    944.15 | Below 20W EMA
2026-07-18 01:49:36 | INFO | 🟡 WAIT       | HAL             | ₹   4500.70 | EMAs converging, no breakout yet
2026-07-18 01:49:39 | INFO | 🟡 WAIT       | GAIL            | ₹    171.20 | EMAs converging, no breakout yet
2026-07-18 01:49:41 | INFO | 🟢 HOLD_ADD   | LODHA           | ₹   1188.75 | Above all weekly EMAs
2026-07-18 01:49:43 | INFO | 🔴 EXIT       | TMPV            | ₹    335.60 | Below 40W EMA
2026-07-18 01:49:45 | INFO | 🟣 FADING     | JSWENERGY       | ₹    541.20 | Below 10W EMA - momentum fading
2026-07-18 01:49:47 | INFO | 🟡 WAIT       | TATAPOWER       | ₹    377.25 | EMAs converging, no breakout yet
2026-07-18 01:49:49 | INFO | 🔴 EXIT       | HYUNDAI         | ₹   1993.30 | Below 40W EMA
2026-07-18 01:49:51 | INFO | 🟢 HOLD_ADD   | SOLARINDS       | ₹  18467.00 | Above all weekly EMAs
2026-07-18 01:49:54 | INFO | 🔴 EXIT       | GODREJCP        | ₹   1071.90 | Below 40W EMA
2026-07-18 01:49:56 | INFO | 🔴 EXIT       | LTM             | ₹   4075.60 | Below 40W EMA
2026-07-18 01:49:58 | INFO | 🟡 WAIT       | UNITDSPR        | ₹   1375.80 | EMAs converging, no breakout yet
2026-07-18 01:50:00 | INFO | 🟢 HOLD_ADD   | DLF             | ₹    667.80 | Above all weekly EMAs
2026-07-18 01:50:02 | INFO | 🟢 HOLD_ADD   | SIEMENS         | ₹   3658.80 | Above all weekly EMAs
2026-07-18 01:50:04 | INFO | 🔴 EXIT       | TRENT           | ₹   2842.40 | Below 40W EMA
2026-07-18 01:50:07 | INFO | 🔴 EXIT       | IRFC            | ₹     88.41 | Below 40W EMA
2026-07-18 01:50:09 | INFO | 🟢 HOLD_ADD   | SUNPHARMA       | ₹   1932.60 | Above all weekly EMAs
2026-07-18 01:50:11 | INFO | 🟢 HOLD_ADD   | APOLLOHOSP      | ₹   8826.00 | Above all weekly EMAs
2026-07-18 01:50:13 | INFO | 🟡 WAIT       | INDIGO          | ₹   5248.50 | EMAs converging, no breakout yet
2026-07-18 01:50:15 | INFO | 🔴 EXIT       | HAVELLS         | ₹   1187.30 | Below 40W EMA
2026-07-18 01:50:17 | INFO | 🟡 WAIT       | KOTAKBANK       | ₹    389.95 | EMAs converging, no breakout yet
2026-07-18 01:50:19 | INFO | 🟡 WAIT       | BAJAJFINSV      | ₹   1854.00 | EMAs converging, no breakout yet
2026-07-18 01:50:22 | INFO | 🟣 FADING     | JSWSTEEL        | ₹   1237.30 | Below 10W EMA - momentum fading
2026-07-18 01:50:24 | INFO | 🟡 WAIT       | SBILIFE         | ₹   1829.40 | EMAs converging, no breakout yet
2026-07-18 01:50:26 | INFO | 🔴 EXIT       | JINDALSTEL      | ₹   1025.00 | Broke support with EMAs converging
2026-07-18 01:50:28 | INFO | 🟡 WAIT       | CIPLA           | ₹   1418.70 | EMAs converging, no breakout yet
2026-07-18 01:50:30 | INFO | 🔴 EXIT       | INFY            | ₹   1096.50 | Below 40W EMA
2026-07-18 01:50:32 | INFO | 🟡 WAIT       | TVSMOTOR        | ₹   3618.20 | EMAs converging, no breakout yet
2026-07-18 01:50:35 | INFO | 🟡 WAIT       | BEL             | ₹    409.45 | EMAs converging, no breakout yet
2026-07-18 01:50:37 | INFO | 🟢 HOLD_ADD   | BOSCHLTD        | ₹  40855.00 | Above all weekly EMAs
2026-07-18 01:50:39 | INFO | 🟡 WAIT       | VBL             | ₹    463.35 | EMAs converging, no breakout yet
2026-07-18 01:50:41 | INFO | 🟡 WAIT       | PNB             | ₹    105.77 | EMAs converging, no breakout yet
2026-07-18 01:50:43 | INFO | 🟢 HOLD_ADD   | SBIN            | ₹   1044.30 | Above all weekly EMAs
2026-07-18 01:50:45 | INFO | 🟡 WAIT       | BANKBARODA      | ₹    246.80 | EMAs converging, no breakout yet
2026-07-18 01:50:47 | INFO | 🟠 CAUTIOUS   | COALINDIA       | ₹    427.65 | Below 20W EMA
2026-07-18 01:50:50 | INFO | 🔴 EXIT       | RELIANCE        | ₹   1327.20 | Below 40W EMA
2026-07-18 01:50:52 | INFO | 🟡 WAIT       | LICI            | ₹    433.10 | EMAs converging, no breakout yet
2026-07-18 01:50:54 | INFO | 🟡 WAIT       | PFC             | ₹    404.85 | EMAs converging, no breakout yet
2026-07-18 01:50:56 | INFO | 🟡 WAIT       | BAJAJHLDNG      | ₹  10398.00 | EMAs converging, no breakout yet
2026-07-18 01:50:58 | INFO | 🔴 EXIT       | ITC             | ₹    280.70 | Below 40W EMA
2026-07-18 01:51:00 | INFO | 🟡 WAIT       | ULTRACEMCO      | ₹  11727.00 | EMAs converging, no breakout yet
2026-07-18 01:51:03 | INFO | 🟣 FADING     | ENRIN           | ₹   3385.50 | Below 10W EMA - momentum fading
2026-07-18 01:51:05 | INFO | 🔴 EXIT       | HDFCBANK        | ₹    819.60 | Below 40W EMA
2026-07-18 01:51:07 | INFO | 🔴 EXIT       | HDFCLIFE        | ₹    563.65 | Below 40W EMA
2026-07-18 01:51:09 | INFO | 🟢 HOLD_ADD   | ADANIGREEN      | ₹   1513.90 | Above all weekly EMAs
2026-07-18 01:51:11 | INFO | 🟡 WAIT       | CANBK           | ₹    125.01 | EMAs converging, no breakout yet
2026-07-18 01:51:13 | INFO | 🔴 EXIT       | AMBUJACEM       | ₹    438.50 | Below 40W EMA
2026-07-18 01:51:15 | INFO | 🟢 HOLD_ADD   | ADANIPORTS      | ₹   1837.40 | Above all weekly EMAs
2026-07-18 01:51:18 | INFO | 🟢 HOLD_ADD   | ASIANPAINT      | ₹   2689.00 | Above all weekly EMAs
2026-07-18 01:51:20 | INFO | 🟢 HOLD_ADD   | PIDILITIND      | ₹   1566.10 | Above all weekly EMAs
2026-07-18 01:51:22 | INFO | 🟡 WAIT       | BPCL            | ₹    315.55 | EMAs converging, no breakout yet
2026-07-18 01:51:24 | INFO | 🟢 HOLD_ADD   | ADANIENT        | ₹   3160.70 | Above all weekly EMAs
2026-07-18 01:51:26 | INFO | 🟡 WAIT       | RECLTD          | ₹    355.10 | EMAs converging, no breakout yet
2026-07-18 01:51:28 | INFO | 🟡 WAIT       | TATACONSUM      | ₹   1088.60 | EMAs converging, no breakout yet
2026-07-18 01:51:31 | INFO | 🟡 WAIT       | BHARTIARTL      | ₹   1908.80 | EMAs converging, no breakout yet
2026-07-18 01:51:33 | INFO | 🟢 HOLD_ADD   | SHRIRAMFIN      | ₹   1034.90 | Above all weekly EMAs
2026-07-18 01:51:35 | INFO | 🟢 HOLD_ADD   | CGPOWER         | ₹    905.00 | Above all weekly EMAs
2026-07-18 01:51:37 | INFO | 🟡 WAIT       | DRREDDY         | ₹   1211.20 | EMAs converging, no breakout yet
2026-07-18 01:51:39 | INFO | 🟡 WAIT       | MAZDOCK         | ₹   2342.80 | EMAs converging, no breakout yet
2026-07-18 01:51:41 | INFO | 🟣 FADING     | ADANIPOWER      | ₹    214.45 | Below 10W EMA - momentum fading
2026-07-18 01:51:43 | INFO | 🟢 HOLD_ADD   | ADANIENSOL      | ₹   1722.60 | Above all weekly EMAs
2026-07-18 01:51:46 | INFO | 🟢 HOLD_ADD   | BAJFINANCE      | ₹   1056.30 | Above all weekly EMAs
2026-07-18 01:51:48 | INFO | 🟡 WAIT       | HINDZINC        | ₹    518.35 | EMAs converging, no breakout yet
2026-07-18 01:51:50 | INFO | 🔴 EXIT       | HCLTECH         | ₹   1203.90 | Below 40W EMA
2026-07-18 01:51:52 | INFO | 🟡 WAIT       | SHREECEM        | ₹  26515.00 | EMAs converging, no breakout yet
2026-07-18 01:51:54 | INFO | 🟢 HOLD_ADD   | CHOLAFIN        | ₹   1804.90 | Above all weekly EMAs
2026-07-18 01:51:56 | INFO | 🟢 HOLD_ADD   | ZYDUSLIFE       | ₹   1143.70 | Above all weekly EMAs
2026-07-18 01:51:56 | INFO | ==================================================
2026-07-18 01:51:56 | INFO | SCAN COMPLETE
2026-07-18 01:51:56 | INFO | Total: 100 | Errors: 0
2026-07-18 01:51:56 | INFO | EXIT: 25
2026-07-18 01:51:56 | INFO | BULLISH: 1
2026-07-18 01:51:56 | INFO | WAIT: 38
2026-07-18 01:51:56 | INFO | CAUTIOUS: 2
2026-07-18 01:51:56 | INFO | FADING: 4
2026-07-18 01:51:56 | INFO | HOLD_ADD: 30
2026-07-18 01:51:56 | INFO | 
Checking for previous log to generate Actionable Report...
2026-07-18 01:51:56 | INFO | Comparing current run against previous run: 2026-07-11_INDIA.log
2026-07-18 01:51:56 | INFO | Action report generated at: /home/runner/work/ema-tracker/ema-tracker/actions/2026-07-18_INDIA-ACTIONS.csv
