2026-08-29 05:18:13 | INFO | Fetching S&P 500 stocks from Wikipedia
2026-08-29 05:18:13 | INFO | S&P 500 source: Wikipedia live list (503 stocks)
2026-08-29 05:18:16 | INFO | 🟢 HOLD_ADD   | MMM             | $    174.34 | Above all weekly EMAs
2026-08-29 05:18:18 | INFO | 🔴 EXIT       | AOS             | $     60.38 | Below 40W EMA
2026-08-29 05:18:20 | INFO | 🟡 WAIT       | ABT             | $    112.47 | EMAs converging, no breakout yet
2026-08-29 05:18:22 | INFO | 🟢 HOLD_ADD   | ABBV            | $    255.48 | Above all weekly EMAs
2026-08-29 05:18:25 | INFO | 🔴 EXIT       | ACN             | $    189.61 | Below 40W EMA
2026-08-29 05:18:27 | INFO | 🟢 HOLD_ADD   | ADBE            | $    291.52 | Above all weekly EMAs
2026-08-29 05:18:29 | INFO | 🟣 FADING     | AMD             | $    465.58 | Below 10W EMA - momentum fading
2026-08-29 05:18:31 | INFO | 🟢 HOLD_ADD   | AES             | $     14.73 | Above all weekly EMAs
2026-08-29 05:18:33 | INFO | 🟠 CAUTIOUS   | AFL             | $    116.52 | Below 20W EMA
2026-08-29 05:18:35 | INFO | 🟢 HOLD_ADD   | A               | $    153.84 | Above all weekly EMAs
2026-08-29 05:18:38 | INFO | 🟢 HOLD_ADD   | APD             | $    308.09 | Above all weekly EMAs
2026-08-29 05:18:40 | INFO | 🟢 HOLD_ADD   | ABNB            | $    189.43 | Above all weekly EMAs
2026-08-29 05:18:42 | INFO | 🔴 EXIT       | AKAM            | $    107.47 | Below 40W EMA
2026-08-29 05:18:44 | INFO | 🔴 EXIT       | ALB             | $    137.36 | Below 40W EMA
2026-08-29 05:18:46 | INFO | 🔴 EXIT       | ARE             | $     51.57 | Below 40W EMA
2026-08-29 05:18:48 | INFO | 🟡 WAIT       | ALGN            | $    157.58 | EMAs converging, no breakout yet
2026-08-29 05:18:51 | INFO | 🟡 WAIT       | ALLE            | $    157.48 | EMAs converging, no breakout yet
2026-08-29 05:18:53 | INFO | 🟡 WAIT       | LNT             | $     68.03 | EMAs converging, no breakout yet
2026-08-29 05:18:55 | INFO | 🟢 HOLD_ADD   | ALL             | $    260.58 | Above all weekly EMAs
2026-08-29 05:18:57 | INFO | 🟣 FADING     | GOOGL           | $    346.59 | Below 10W EMA - momentum fading
2026-08-29 05:18:59 | INFO | 🟠 CAUTIOUS   | GOOG            | $    342.88 | Below 20W EMA
2026-08-29 05:19:01 | INFO | 🟣 FADING     | MO              | $     68.65 | Below 10W EMA - momentum fading
2026-08-29 05:19:04 | INFO | 🟢 HOLD_ADD   | AMZN            | $    266.43 | Above all weekly EMAs
2026-08-29 05:19:06 | INFO | 🟢 HOLD_ADD   | AMCR            | $     46.67 | Above all weekly EMAs
2026-08-29 05:19:08 | INFO | 🟡 WAIT       | AEE             | $    106.12 | EMAs converging, no breakout yet
2026-08-29 05:19:10 | INFO | 🔴 EXIT       | AEP             | $    122.31 | Broke support with EMAs converging
2026-08-29 05:19:12 | INFO | 🟡 WAIT       | AXP             | $    333.20 | EMAs converging, no breakout yet
2026-08-29 05:19:15 | INFO | 🟡 WAIT       | AIG             | $     76.93 | EMAs converging, no breakout yet
2026-08-29 05:19:17 | INFO | 🟡 WAIT       | AMT             | $    176.23 | EMAs converging, no breakout yet
2026-08-29 05:19:19 | INFO | 🟡 WAIT       | AWK             | $    138.30 | EMAs converging, no breakout yet
2026-08-29 05:19:21 | INFO | 🟢 HOLD_ADD   | AMP             | $    559.32 | Above all weekly EMAs
2026-08-29 05:19:23 | INFO | 🟣 FADING     | AME             | $    236.25 | Below 10W EMA - momentum fading
2026-08-29 05:19:26 | INFO | 🟢 HOLD_ADD   | AMGN            | $    432.42 | Above all weekly EMAs
2026-08-29 05:19:28 | INFO | 🟣 FADING     | APH             | $    157.74 | Below 10W EMA - momentum fading
2026-08-29 05:19:30 | INFO | 🟠 CAUTIOUS   | ADI             | $    361.78 | Below 20W EMA
2026-08-29 05:19:32 | INFO | 🟡 WAIT       | AON             | $    355.40 | EMAs converging, no breakout yet
2026-08-29 05:19:34 | INFO | 🟢 HOLD_ADD   | APA             | $     42.54 | Above all weekly EMAs
2026-08-29 05:19:36 | INFO | 🟡 WAIT       | APO             | $    135.04 | EMAs converging, no breakout yet
2026-08-29 05:19:39 | INFO | 🟢 HOLD_ADD   | AAPL            | $    319.70 | Above all weekly EMAs
2026-08-29 05:19:41 | INFO | 🟠 CAUTIOUS   | AMAT            | $    461.67 | Below 20W EMA
2026-08-29 05:19:43 | INFO | 🔴 EXIT       | APP             | $    317.76 | Below 40W EMA
2026-08-29 05:19:45 | INFO | 🔴 EXIT       | APTV            | $     45.75 | Below 40W EMA
2026-08-29 05:19:47 | INFO | 🟡 WAIT       | ACGL            | $     98.84 | EMAs converging, no breakout yet
2026-08-29 05:19:49 | INFO | 🟢 HOLD_ADD   | ADM             | $     81.54 | Above all weekly EMAs
2026-08-29 05:19:52 | INFO | 🟡 WAIT       | ARES            | $    142.53 | EMAs converging, no breakout yet
2026-08-29 05:19:54 | INFO | 🟢 HOLD_ADD   | ANET            | $    195.38 | Above all weekly EMAs
2026-08-29 05:19:56 | INFO | 🟢 HOLD_ADD   | AJG             | $    267.56 | Above all weekly EMAs
2026-08-29 05:19:58 | INFO | 🟢 HOLD_ADD   | AIZ             | $    285.65 | Above all weekly EMAs
2026-08-29 05:20:00 | INFO | 🟡 WAIT       | T               | $     26.01 | EMAs converging, no breakout yet
2026-08-29 05:20:03 | INFO | 🟡 WAIT       | ATO             | $    166.65 | EMAs converging, no breakout yet
2026-08-29 05:20:05 | INFO | 🟢 HOLD_ADD   | ADSK            | $    260.66 | Above all weekly EMAs
2026-08-29 05:20:07 | INFO | 🟢 HOLD_ADD   | ADP             | $    287.48 | Above all weekly EMAs
2026-08-29 05:20:09 | INFO | 🔴 EXIT       | AZO             | $   2961.96 | Below 40W EMA
2026-08-29 05:20:11 | INFO | 🟡 WAIT       | AVY             | $    177.75 | EMAs converging, no breakout yet
2026-08-29 05:20:13 | INFO | 🟢 HOLD_ADD   | AXON            | $    600.73 | Above all weekly EMAs
2026-08-29 05:20:16 | INFO | 🟢 HOLD_ADD   | BKR             | $     62.41 | Above all weekly EMAs
2026-08-29 05:20:18 | INFO | 🟢 HOLD_ADD   | BALL            | $     63.77 | Above all weekly EMAs
2026-08-29 05:20:20 | INFO | 🟢 HOLD_ADD   | BAC             | $     62.32 | Above all weekly EMAs
2026-08-29 05:20:22 | INFO | 🟢 HOLD_ADD   | BAX             | $     26.13 | Above all weekly EMAs
2026-08-29 05:20:24 | INFO | 🟢 HOLD_ADD   | BDX             | $    189.52 | Above all weekly EMAs
2026-08-29 05:20:26 | INFO | 🟡 WAIT       | BRK-B           | $    505.00 | EMAs converging, no breakout yet
2026-08-29 05:20:29 | INFO | 🟢 HOLD_ADD   | BBY             | $     82.44 | Above all weekly EMAs
2026-08-29 05:20:31 | INFO | 🟢 HOLD_ADD   | TECH            | $     72.35 | Above all weekly EMAs
2026-08-29 05:20:33 | INFO | 🟢 HOLD_ADD   | BIIB            | $    218.50 | Above all weekly EMAs
2026-08-29 05:20:35 | INFO | 🟢 HOLD_ADD   | BLK             | $   1164.48 | Above all weekly EMAs
2026-08-29 05:20:37 | INFO | 🟢 HOLD_ADD   | BX              | $    142.39 | Above all weekly EMAs
2026-08-29 05:20:39 | INFO | 🟢 HOLD_ADD   | XYZ             | $     83.57 | Above all weekly EMAs
2026-08-29 05:20:42 | INFO | 🟢 HOLD_ADD   | BNY             | $    162.50 | Above all weekly EMAs
2026-08-29 05:20:44 | INFO | 🟡 WAIT       | BA              | $    209.82 | EMAs converging, no breakout yet
2026-08-29 05:20:46 | INFO | 🟢 HOLD_ADD   | BKNG            | $    205.63 | Above all weekly EMAs
2026-08-29 05:20:48 | INFO | 🔴 EXIT       | BSX             | $     46.84 | Below 40W EMA
2026-08-29 05:20:50 | INFO | 🟢 HOLD_ADD   | BMY             | $     66.58 | Above all weekly EMAs
2026-08-29 05:20:52 | INFO | 🟠 CAUTIOUS   | AVGO            | $    368.79 | Below 20W EMA
2026-08-29 05:20:55 | INFO | 🟢 HOLD_ADD   | BR              | $    183.64 | Above all weekly EMAs
2026-08-29 05:20:57 | INFO | 🟢 HOLD_ADD   | BRO             | $     73.31 | Above all weekly EMAs
2026-08-29 05:20:59 | INFO | 🟡 WAIT       | BF-B            | $     27.22 | EMAs converging, no breakout yet
2026-08-29 05:21:01 | INFO | 🔴 EXIT       | BLDR            | $     67.72 | Below 40W EMA
2026-08-29 05:21:03 | INFO | 🟢 HOLD_ADD   | BG              | $    115.48 | Above all weekly EMAs
2026-08-29 05:21:05 | INFO | 🟢 HOLD_ADD   | BXP             | $     69.32 | Above all weekly EMAs
2026-08-29 05:21:08 | INFO | 🔴 EXIT       | CHRW            | $    150.39 | Below 40W EMA
2026-08-29 05:21:10 | INFO | 🟡 WAIT       | CDNS            | $    340.39 | EMAs converging, no breakout yet
2026-08-29 05:21:12 | INFO | 🟡 WAIT       | CPT             | $    106.35 | EMAs converging, no breakout yet
2026-08-29 05:21:14 | INFO | 🟢 HOLD_ADD   | COF             | $    215.67 | Above all weekly EMAs
2026-08-29 05:21:16 | INFO | 🟢 HOLD_ADD   | CAH             | $    234.55 | Above all weekly EMAs
2026-08-29 05:21:19 | INFO | 🟡 WAIT       | CCL             | $     24.76 | EMAs converging, no breakout yet
2026-08-29 05:21:21 | INFO | 🟡 WAIT       | CARR            | $     58.79 | EMAs converging, no breakout yet
2026-08-29 05:21:23 | INFO | 🟡 WAIT       | CVNA            | $     74.04 | EMAs converging, no breakout yet
2026-08-29 05:21:25 | INFO | 🟠 CAUTIOUS   | CASY            | $    755.47 | Below 20W EMA
2026-08-29 05:21:27 | INFO | 🟠 CAUTIOUS   | CAT             | $    800.25 | Below 20W EMA
2026-08-29 05:21:29 | INFO | 🟢 HOLD_ADD   | CBOE            | $    310.45 | Above all weekly EMAs
2026-08-29 05:21:32 | INFO | 🟡 WAIT       | CBRE            | $    150.82 | EMAs converging, no breakout yet
2026-08-29 05:21:34 | INFO | 🟡 WAIT       | CDW             | $    147.69 | EMAs converging, no breakout yet
2026-08-29 05:21:36 | INFO | 🟡 WAIT       | COR             | $    322.03 | EMAs converging, no breakout yet
2026-08-29 05:21:38 | INFO | 🟢 HOLD_ADD   | CNC             | $     64.75 | Above all weekly EMAs
2026-08-29 05:21:40 | INFO | 🟡 WAIT       | CNP             | $     39.24 | EMAs converging, no breakout yet
2026-08-29 05:21:42 | INFO | 🟢 HOLD_ADD   | CF              | $    125.79 | Above all weekly EMAs
2026-08-29 05:21:45 | INFO | 🟢 HOLD_ADD   | CRL             | $    291.50 | Above all weekly EMAs
2026-08-29 05:21:47 | INFO | 🟢 HOLD_ADD   | SCHW            | $    110.16 | Above all weekly EMAs
2026-08-29 05:21:49 | INFO | 🔴 EXIT       | CHTR            | $    153.62 | Below 40W EMA
2026-08-29 05:21:51 | INFO | 🟢 HOLD_ADD   | CVX             | $    201.86 | Above all weekly EMAs
2026-08-29 05:21:53 | INFO | 🟢 HOLD_ADD   | CMG             | $     38.03 | Above all weekly EMAs
2026-08-29 05:21:55 | INFO | 🟣 FADING     | CB              | $    339.92 | Below 10W EMA - momentum fading
2026-08-29 05:21:58 | INFO | 🟢 HOLD_ADD   | CHD             | $    101.26 | Above all weekly EMAs
2026-08-29 05:22:00 | INFO | 🟠 CAUTIOUS   | CIEN            | $    378.44 | Below 20W EMA
2026-08-29 05:22:02 | INFO | 🟡 WAIT       | CI              | $    278.88 | EMAs converging, no breakout yet
2026-08-29 05:22:04 | INFO | 🟣 FADING     | CINF            | $    171.97 | Below 10W EMA - momentum fading
2026-08-29 05:22:06 | INFO | 🟢 HOLD_ADD   | CTAS            | $    204.18 | Above all weekly EMAs
2026-08-29 05:22:08 | INFO | 🟣 FADING     | CSCO            | $    109.93 | Below 10W EMA - momentum fading
2026-08-29 05:22:11 | INFO | 🟣 FADING     | C               | $    132.90 | Below 10W EMA - momentum fading
2026-08-29 05:22:13 | INFO | 🟣 FADING     | CFG             | $     69.71 | Below 10W EMA - momentum fading
2026-08-29 05:22:15 | INFO | 🔴 EXIT       | CLX             | $    102.53 | Below 40W EMA
2026-08-29 05:22:17 | INFO | 🟡 WAIT       | CME             | $    285.80 | EMAs converging, no breakout yet
2026-08-29 05:22:19 | INFO | 🟡 WAIT       | CMS             | $     68.21 | EMAs converging, no breakout yet
2026-08-29 05:22:22 | INFO | 🟢 HOLD_ADD   | KO              | $     89.66 | Above all weekly EMAs
2026-08-29 05:22:24 | INFO | 🟢 HOLD_ADD   | CTSH            | $     64.04 | Above all weekly EMAs
2026-08-29 05:22:26 | INFO | 🟠 CAUTIOUS   | COHR            | $    279.20 | Below 20W EMA
2026-08-29 05:22:28 | INFO | 🔴 EXIT       | COIN            | $    178.64 | Below 40W EMA
2026-08-29 05:22:30 | INFO | 🟣 FADING     | CL              | $     90.75 | Below 10W EMA - momentum fading
2026-08-29 05:22:32 | INFO | 🟢 HOLD_ADD   | CMCSA           | $     27.06 | Above all weekly EMAs
2026-08-29 05:22:35 | INFO | 🟠 CAUTIOUS   | FIX             | $   1518.73 | Below 20W EMA
2026-08-29 05:22:37 | INFO | 🟢 HOLD_ADD   | COP             | $    130.35 | Above all weekly EMAs
2026-08-29 05:22:39 | INFO | 🟡 WAIT       | ED              | $    107.49 | EMAs converging, no breakout yet
2026-08-29 05:22:41 | INFO | 🔴 EXIT       | STZ             | $    130.69 | Below 40W EMA
2026-08-29 05:22:43 | INFO | 🔴 EXIT       | CEG             | $    276.75 | Below 40W EMA
2026-08-29 05:22:46 | INFO | 🟡 WAIT       | COO             | $     71.17 | EMAs converging, no breakout yet
2026-08-29 05:22:48 | INFO | 🔴 EXIT       | CPRT            | $     32.99 | Below 40W EMA
2026-08-29 05:22:50 | INFO | 🟠 CAUTIOUS   | GLW             | $    148.98 | Below 20W EMA
2026-08-29 05:22:52 | INFO | 🟢 HOLD_ADD   | CPAY            | $    407.88 | Above all weekly EMAs
2026-08-29 05:22:54 | INFO | 🟢 HOLD_ADD   | CTVA            | $     83.90 | Above all weekly EMAs
2026-08-29 05:22:56 | INFO | 🔴 EXIT       | CSGP            | $     32.22 | Below 40W EMA
2026-08-29 05:22:59 | INFO | 🟡 WAIT       | COST            | $    945.47 | EMAs converging, no breakout yet
2026-08-29 05:23:01 | INFO | 🔴 EXIT       | CRH             | $     95.86 | Below 40W EMA
2026-08-29 05:23:03 | INFO | 🟢 HOLD_ADD   | CRWD            | $    218.40 | Above all weekly EMAs
2026-08-29 05:23:05 | INFO | 🔴 EXIT       | CCI             | $     76.14 | Below 40W EMA
2026-08-29 05:23:07 | INFO | 🟢 HOLD_ADD   | CSX             | $     51.28 | Above all weekly EMAs
2026-08-29 05:23:09 | INFO | 🔴 EXIT       | CMI             | $    564.85 | Below 40W EMA
2026-08-29 05:23:12 | INFO | 🟠 CAUTIOUS   | CVS             | $     93.06 | Below 20W EMA
2026-08-29 05:23:14 | INFO | 🟡 WAIT       | DHR             | $    216.07 | EMAs converging, no breakout yet
2026-08-29 05:23:16 | INFO | 🟢 HOLD_ADD   | DRI             | $    215.63 | Above all weekly EMAs
2026-08-29 05:23:18 | INFO | 🟣 FADING     | DDOG            | $    236.98 | Below 10W EMA - momentum fading
2026-08-29 05:23:20 | INFO | 🟠 CAUTIOUS   | DVA             | $    180.68 | Below 20W EMA
2026-08-29 05:23:22 | INFO | 🔴 EXIT       | DECK            | $     87.76 | Below 40W EMA
2026-08-29 05:23:25 | INFO | 🟢 HOLD_ADD   | DE              | $    630.33 | Above all weekly EMAs
2026-08-29 05:23:27 | INFO | 🟢 HOLD_ADD   | DELL            | $    456.24 | Above all weekly EMAs
2026-08-29 05:23:29 | INFO | 🟠 CAUTIOUS   | DAL             | $     80.07 | Below 20W EMA
2026-08-29 05:23:31 | INFO | 🟢 HOLD_ADD   | DVN             | $     47.35 | Above all weekly EMAs
2026-08-29 05:23:33 | INFO | 🟢 HOLD_ADD   | DXCM            | $     90.82 | Above all weekly EMAs
2026-08-29 05:23:35 | INFO | 🟢 HOLD_ADD   | FANG            | $    197.67 | Above all weekly EMAs
2026-08-29 05:23:38 | INFO | 🟠 CAUTIOUS   | DLR             | $    185.47 | Below 20W EMA
2026-08-29 05:23:40 | INFO | 🟡 WAIT       | DG              | $    122.89 | EMAs converging, no breakout yet
2026-08-29 05:23:42 | INFO | 🟢 HOLD_ADD   | DLTR            | $    128.26 | Above all weekly EMAs
2026-08-29 05:23:44 | INFO | 🟠 CAUTIOUS   | D               | $     65.55 | Below 20W EMA
2026-08-29 05:23:46 | INFO | 🔴 EXIT       | DPZ             | $    350.00 | Below 40W EMA
2026-08-29 05:23:48 | INFO | 🟢 HOLD_ADD   | DASH            | $    236.74 | Above all weekly EMAs
2026-08-29 05:23:51 | INFO | 🟡 WAIT       | DOV             | $    198.68 | EMAs converging, no breakout yet
2026-08-29 05:23:53 | INFO | 🟡 WAIT       | DOW             | $     30.51 | EMAs converging, no breakout yet
2026-08-29 05:23:55 | INFO | 🟡 WAIT       | DHI             | $    147.39 | EMAs converging, no breakout yet
2026-08-29 05:23:57 | INFO | 🟡 WAIT       | DTE             | $    135.86 | EMAs converging, no breakout yet
2026-08-29 05:23:59 | INFO | 🟡 WAIT       | DUK             | $    120.25 | EMAs converging, no breakout yet
2026-08-29 05:24:02 | INFO | 🟠 CAUTIOUS   | DD              | $    136.98 | Below 20W EMA
2026-08-29 05:24:04 | INFO | 🟠 CAUTIOUS   | ETN             | $    402.78 | Below 20W EMA
2026-08-29 05:24:06 | INFO | 🟠 CAUTIOUS   | EBAY            | $    105.62 | Below 20W EMA
2026-08-29 05:24:08 | INFO | 🔴 EXIT       | ECHO            | $     86.84 | Below 40W EMA
2026-08-29 05:24:10 | INFO | 🟡 WAIT       | ECL             | $    286.75 | EMAs converging, no breakout yet
2026-08-29 05:24:12 | INFO | 🟠 CAUTIOUS   | EIX             | $     70.17 | Below 20W EMA
2026-08-29 05:24:15 | INFO | 🟢 HOLD_ADD   | EW              | $     90.21 | Above all weekly EMAs
2026-08-29 05:24:17 | INFO | 🟢 HOLD_ADD   | ELV             | $    394.43 | Above all weekly EMAs
2026-08-29 05:24:19 | INFO | 🔴 EXIT       | EME             | $    740.17 | Below 40W EMA
2026-08-29 05:24:21 | INFO | 🟢 HOLD_ADD   | EMR             | $    155.18 | Above all weekly EMAs
2026-08-29 05:24:23 | INFO | 🟠 CAUTIOUS   | ETR             | $    105.75 | Below 20W EMA
2026-08-29 05:24:26 | INFO | 🟢 HOLD_ADD   | EOG             | $    143.35 | Above all weekly EMAs
2026-08-29 05:24:28 | INFO | 🟡 WAIT       | EQT             | $     54.57 | EMAs converging, no breakout yet
2026-08-29 05:24:30 | INFO | 🟢 HOLD_ADD   | EFX             | $    194.35 | Above all weekly EMAs
2026-08-29 05:24:32 | INFO | 🟣 FADING     | EQIX            | $   1044.41 | Below 10W EMA - momentum fading
2026-08-29 05:24:34 | INFO | 🟢 HOLD_ADD   | ERIE            | $    260.40 | Above all weekly EMAs
2026-08-29 05:24:37 | INFO | 🟣 FADING     | ESS             | $    284.03 | Below 10W EMA - momentum fading
2026-08-29 05:24:39 | INFO | ✅ BULLISH    | EL              | $    103.39 | Resistance breakout with EMAs converging
2026-08-29 05:24:41 | INFO | 🟢 HOLD_ADD   | EG              | $    377.61 | Above all weekly EMAs
2026-08-29 05:24:43 | INFO | 🟠 CAUTIOUS   | EVRG            | $     80.65 | Below 20W EMA
2026-08-29 05:24:45 | INFO | 🟠 CAUTIOUS   | ES              | $     70.84 | Below 20W EMA
2026-08-29 05:24:48 | INFO | 🟡 WAIT       | EXC             | $     43.93 | EMAs converging, no breakout yet
2026-08-29 05:24:50 | INFO | 🟢 HOLD_ADD   | EXE             | $     98.16 | Above all weekly EMAs
2026-08-29 05:24:52 | INFO | 🟢 HOLD_ADD   | EXPE            | $    329.44 | Above all weekly EMAs
2026-08-29 05:24:54 | INFO | 🟢 HOLD_ADD   | EXPD            | $    190.97 | Above all weekly EMAs
2026-08-29 05:24:56 | INFO | 🟡 WAIT       | EXR             | $    142.91 | EMAs converging, no breakout yet
2026-08-29 05:24:58 | INFO | 🟢 HOLD_ADD   | XOM             | $    156.71 | Above all weekly EMAs
2026-08-29 05:25:01 | INFO | 🟢 HOLD_ADD   | FFIV            | $    394.24 | Above all weekly EMAs
2026-08-29 05:25:03 | INFO | 🟢 HOLD_ADD   | FDS             | $    308.98 | Above all weekly EMAs
2026-08-29 05:25:05 | INFO | 🔴 EXIT       | FICO            | $   1153.57 | Below 40W EMA
2026-08-29 05:25:07 | INFO | 🟢 HOLD_ADD   | FAST            | $     49.78 | Above all weekly EMAs
2026-08-29 05:25:09 | INFO | 🟠 CAUTIOUS   | FRT             | $    116.75 | Below 20W EMA
2026-08-29 05:25:12 | INFO | 🟢 HOLD_ADD   | FDX             | $    330.88 | Above all weekly EMAs
2026-08-29 05:25:14 | WARNING | FDXF: Insufficient data for analysis
2026-08-29 05:25:16 | INFO | 🟡 WAIT       | FERG            | $    228.49 | EMAs converging, no breakout yet
2026-08-29 05:25:18 | INFO | 🔴 EXIT       | FIS             | $     41.44 | Below 40W EMA
2026-08-29 05:25:20 | INFO | 🟣 FADING     | FITB            | $     54.54 | Below 10W EMA - momentum fading
2026-08-29 05:25:22 | INFO | 🟡 WAIT       | FSLR            | $    204.46 | EMAs converging, no breakout yet
2026-08-29 05:25:24 | INFO | 🟡 WAIT       | FE              | $     45.88 | EMAs converging, no breakout yet
2026-08-29 05:25:27 | INFO | 🔴 EXIT       | FISV            | $     53.18 | Below 40W EMA
2026-08-29 05:25:29 | INFO | 🟠 CAUTIOUS   | FLEX            | $    110.50 | Below 20W EMA
2026-08-29 05:25:31 | INFO | 🟣 FADING     | F               | $     13.88 | Below 10W EMA - momentum fading
2026-08-29 05:25:33 | INFO | 🟢 HOLD_ADD   | FTNT            | $    166.00 | Above all weekly EMAs
2026-08-29 05:25:35 | INFO | 🟠 CAUTIOUS   | FTV             | $     59.69 | Below 20W EMA
2026-08-29 05:25:37 | INFO | 🟡 WAIT       | FOXA            | $     68.42 | EMAs converging, no breakout yet
2026-08-29 05:25:40 | INFO | 🟡 WAIT       | FOX             | $     61.32 | EMAs converging, no breakout yet
2026-08-29 05:25:42 | INFO | 🟢 HOLD_ADD   | BEN             | $     34.65 | Above all weekly EMAs
2026-08-29 05:25:44 | INFO | 🟢 HOLD_ADD   | FCX             | $     76.45 | Above all weekly EMAs
2026-08-29 05:25:46 | INFO | 🟢 HOLD_ADD   | GRMN            | $    285.19 | Above all weekly EMAs
2026-08-29 05:25:48 | INFO | 🟢 HOLD_ADD   | IT              | $    198.39 | Above all weekly EMAs
2026-08-29 05:25:50 | INFO | 🟣 FADING     | GE              | $    342.58 | Below 10W EMA - momentum fading
2026-08-29 05:25:53 | INFO | 🟡 WAIT       | GEHC            | $     71.72 | EMAs converging, no breakout yet
2026-08-29 05:25:55 | INFO | 🟠 CAUTIOUS   | GEV             | $    911.93 | Below 20W EMA
2026-08-29 05:25:57 | INFO | 🟢 HOLD_ADD   | GEN             | $     31.02 | Above all weekly EMAs
2026-08-29 05:25:59 | INFO | 🔴 EXIT       | GNRC            | $    183.80 | Below 40W EMA
2026-08-29 05:26:01 | INFO | 🟢 HOLD_ADD   | GD              | $    379.32 | Above all weekly EMAs
2026-08-29 05:26:04 | INFO | 🟢 HOLD_ADD   | GIS             | $     41.55 | Above all weekly EMAs
2026-08-29 05:26:06 | INFO | 🟢 HOLD_ADD   | GM              | $     86.27 | Above all weekly EMAs
2026-08-29 05:26:08 | INFO | 🟢 HOLD_ADD   | GPC             | $    137.51 | Above all weekly EMAs
2026-08-29 05:26:10 | INFO | 🟢 HOLD_ADD   | GILD            | $    145.68 | Above all weekly EMAs
2026-08-29 05:26:13 | INFO | 🟢 HOLD_ADD   | GPN             | $     91.82 | Above all weekly EMAs
2026-08-29 05:26:15 | INFO | 🟣 FADING     | GL              | $    172.79 | Below 10W EMA - momentum fading
2026-08-29 05:26:17 | INFO | 🔴 EXIT       | GDDY            | $     97.70 | Below 40W EMA
2026-08-29 05:26:19 | INFO | 🟢 HOLD_ADD   | GS              | $   1033.99 | Above all weekly EMAs
2026-08-29 05:26:21 | INFO | 🟢 HOLD_ADD   | HAL             | $     36.18 | Above all weekly EMAs
2026-08-29 05:26:24 | INFO | 🟡 WAIT       | HIG             | $    138.55 | EMAs converging, no breakout yet
2026-08-29 05:26:26 | INFO | 🟢 HOLD_ADD   | HAS             | $     94.23 | Above all weekly EMAs
2026-08-29 05:26:28 | INFO | 🔴 EXIT       | HCA             | $    417.82 | Below 40W EMA
2026-08-29 05:26:30 | INFO | 🟣 FADING     | DOC             | $     20.96 | Below 10W EMA - momentum fading
2026-08-29 05:26:32 | INFO | 🟢 HOLD_ADD   | HSIC            | $     89.52 | Above all weekly EMAs
2026-08-29 05:26:34 | INFO | 🟡 WAIT       | HSY             | $    179.05 | EMAs converging, no breakout yet
2026-08-29 05:26:37 | INFO | 🟢 HOLD_ADD   | HPE             | $     52.31 | Above all weekly EMAs
2026-08-29 05:26:39 | INFO | 🟠 CAUTIOUS   | HLT             | $    321.85 | Below 20W EMA
2026-08-29 05:26:41 | INFO | 🟡 WAIT       | HD              | $    330.19 | EMAs converging, no breakout yet
2026-08-29 05:26:43 | WARNING | HONA: Insufficient data for analysis
2026-08-29 05:26:45 | INFO | 🟡 WAIT       | HON             | $    217.43 | EMAs converging, no breakout yet
2026-08-29 05:26:48 | INFO | 🟡 WAIT       | HRL             | $     21.57 | EMAs converging, no breakout yet
2026-08-29 05:26:50 | INFO | 🟠 CAUTIOUS   | HST             | $     22.28 | Below 20W EMA
2026-08-29 05:26:52 | INFO | 🟠 CAUTIOUS   | HWM             | $    264.85 | Below 20W EMA
2026-08-29 05:26:54 | INFO | 🟢 HOLD_ADD   | HPQ             | $     30.52 | Above all weekly EMAs
2026-08-29 05:26:56 | INFO | 🟡 WAIT       | HUBB            | $    459.66 | EMAs converging, no breakout yet
2026-08-29 05:26:59 | INFO | 🟢 HOLD_ADD   | HUM             | $    385.54 | Above all weekly EMAs
2026-08-29 05:27:01 | INFO | 🟠 CAUTIOUS   | HBAN            | $     16.92 | Below 20W EMA
2026-08-29 05:27:03 | INFO | 🔴 EXIT       | HII             | $    294.21 | Below 40W EMA
2026-08-29 05:27:05 | INFO | 🔴 EXIT       | IBM             | $    235.59 | Below 40W EMA
2026-08-29 05:27:07 | INFO | 🟢 HOLD_ADD   | IEX             | $    230.28 | Above all weekly EMAs
2026-08-29 05:27:10 | INFO | 🔴 EXIT       | IDXX            | $    554.99 | Below 40W EMA
2026-08-29 05:27:12 | INFO | 🟢 HOLD_ADD   | ITW             | $    280.10 | Above all weekly EMAs
2026-08-29 05:27:14 | INFO | 🟢 HOLD_ADD   | INCY            | $    124.37 | Above all weekly EMAs
2026-08-29 05:27:16 | INFO | 🟡 WAIT       | IR              | $     78.58 | EMAs converging, no breakout yet
2026-08-29 05:27:18 | INFO | 🔴 EXIT       | PODD            | $    145.13 | Below 40W EMA
2026-08-29 05:27:20 | INFO | 🟠 CAUTIOUS   | INTC            | $     89.47 | Below 20W EMA
2026-08-29 05:27:22 | INFO | 🟢 HOLD_ADD   | IBKR            | $     95.84 | Above all weekly EMAs
2026-08-29 05:27:25 | INFO | ✅ BULLISH    | ICE             | $    162.33 | Resistance breakout with EMAs converging
2026-08-29 05:27:27 | INFO | 🟢 HOLD_ADD   | IFF             | $     87.95 | Above all weekly EMAs
2026-08-29 05:27:29 | INFO | 🟡 WAIT       | IP              | $     39.31 | EMAs converging, no breakout yet
2026-08-29 05:27:31 | INFO | 🔴 EXIT       | INTU            | $    358.06 | Below 40W EMA
2026-08-29 05:27:33 | INFO | 🔴 EXIT       | ISRG            | $    372.60 | Below 40W EMA
2026-08-29 05:27:36 | INFO | 🟢 HOLD_ADD   | IVZ             | $     32.86 | Above all weekly EMAs
2026-08-29 05:27:38 | INFO | 🟣 FADING     | INVH            | $     29.24 | Below 10W EMA - momentum fading
2026-08-29 05:27:40 | INFO | 🟢 HOLD_ADD   | IQV             | $    261.75 | Above all weekly EMAs
2026-08-29 05:27:42 | INFO | 🟠 CAUTIOUS   | IRM             | $    117.40 | Below 20W EMA
2026-08-29 05:27:44 | INFO | 🟠 CAUTIOUS   | JBHT            | $    261.03 | Below 20W EMA
2026-08-29 05:27:46 | INFO | 🟠 CAUTIOUS   | JBL             | $    301.45 | Below 20W EMA
2026-08-29 05:27:49 | INFO | ✅ BULLISH    | JKHY            | $    169.73 | Resistance breakout with EMAs converging
2026-08-29 05:27:51 | INFO | 🟢 HOLD_ADD   | J               | $    151.98 | Above all weekly EMAs
2026-08-29 05:27:53 | INFO | 🟢 HOLD_ADD   | JNJ             | $    268.04 | Above all weekly EMAs
2026-08-29 05:27:55 | INFO | 🟠 CAUTIOUS   | JCI             | $    139.59 | Below 20W EMA
2026-08-29 05:27:57 | INFO | 🟢 HOLD_ADD   | JPM             | $    357.62 | Above all weekly EMAs
2026-08-29 05:28:00 | INFO | 🟢 HOLD_ADD   | KVUE            | $     19.17 | Above all weekly EMAs
2026-08-29 05:28:02 | INFO | 🟢 HOLD_ADD   | KDP             | $     32.18 | Above all weekly EMAs
2026-08-29 05:28:04 | INFO | 🟠 CAUTIOUS   | KEY             | $     21.91 | Below 20W EMA
2026-08-29 05:28:06 | INFO | 🟠 CAUTIOUS   | KEYS            | $    319.97 | Below 20W EMA
2026-08-29 05:28:08 | INFO | 🟡 WAIT       | KMB             | $    109.55 | EMAs converging, no breakout yet
2026-08-29 05:28:11 | INFO | 🟠 CAUTIOUS   | KIM             | $     23.78 | Below 20W EMA
2026-08-29 05:28:13 | INFO | 🟠 CAUTIOUS   | KMI             | $     31.56 | Below 20W EMA
2026-08-29 05:28:15 | INFO | 🟢 HOLD_ADD   | KKR             | $    108.68 | Above all weekly EMAs
2026-08-29 05:28:17 | INFO | 🟠 CAUTIOUS   | KLAC            | $    175.54 | Below 20W EMA
2026-08-29 05:28:19 | INFO | 🟢 HOLD_ADD   | KHC             | $     25.70 | Above all weekly EMAs
2026-08-29 05:28:21 | INFO | 🔴 EXIT       | KR              | $     57.72 | Below 40W EMA
2026-08-29 05:28:24 | INFO | 🔴 EXIT       | LHX             | $    262.82 | Below 40W EMA
2026-08-29 05:28:26 | INFO | 🟢 HOLD_ADD   | LH              | $    335.11 | Above all weekly EMAs
2026-08-29 05:28:28 | INFO | 🟠 CAUTIOUS   | LRCX            | $    301.90 | Below 20W EMA
2026-08-29 05:28:30 | INFO | 🔴 EXIT       | LVS             | $     45.04 | Below 40W EMA
2026-08-29 05:28:32 | INFO | 🔴 EXIT       | LDOS            | $    140.66 | Below 40W EMA
2026-08-29 05:28:34 | INFO | 🔴 EXIT       | LEN             | $     86.33 | Below 40W EMA
2026-08-29 05:28:37 | INFO | 🔴 EXIT       | LII             | $    393.39 | Below 40W EMA
2026-08-29 05:28:39 | INFO | 🟢 HOLD_ADD   | LLY             | $   1174.61 | Above all weekly EMAs
2026-08-29 05:28:41 | INFO | 🟡 WAIT       | LIN             | $    489.51 | EMAs converging, no breakout yet
2026-08-29 05:28:43 | INFO | 🟢 HOLD_ADD   | LYV             | $    181.65 | Above all weekly EMAs
2026-08-29 05:28:45 | INFO | 🟢 HOLD_ADD   | LMT             | $    563.85 | Above all weekly EMAs
2026-08-29 05:28:48 | INFO | 🟠 CAUTIOUS   | L               | $    109.72 | Below 20W EMA
2026-08-29 05:28:50 | INFO | 🔴 EXIT       | LOW             | $    208.05 | Below 40W EMA
2026-08-29 05:28:52 | INFO | 🔴 EXIT       | LULU            | $    120.81 | Below 40W EMA
2026-08-29 05:28:54 | INFO | 🟢 HOLD_ADD   | LITE            | $    895.00 | Above all weekly EMAs
2026-08-29 05:28:56 | INFO | 🟡 WAIT       | LYB             | $     63.67 | EMAs converging, no breakout yet
2026-08-29 05:28:59 | INFO | 🟣 FADING     | MTB             | $    237.29 | Below 10W EMA - momentum fading
2026-08-29 05:29:01 | INFO | 🟢 HOLD_ADD   | MPC             | $    368.83 | Above all weekly EMAs
2026-08-29 05:29:03 | INFO | 🟠 CAUTIOUS   | MAR             | $    351.08 | Below 20W EMA
2026-08-29 05:29:05 | INFO | 🟡 WAIT       | MRSH            | $    192.64 | EMAs converging, no breakout yet
2026-08-29 05:29:07 | INFO | 🔴 EXIT       | MLM             | $    531.05 | Below 40W EMA
2026-08-29 05:29:09 | INFO | 🟣 FADING     | MRVL            | $    216.62 | Below 10W EMA - momentum fading
2026-08-29 05:29:12 | INFO | 🟣 FADING     | MAS             | $     73.25 | Below 10W EMA - momentum fading
2026-08-29 05:29:14 | INFO | 🟢 HOLD_ADD   | MA              | $    595.30 | Above all weekly EMAs
2026-08-29 05:29:16 | INFO | 🔴 EXIT       | MKC             | $     55.33 | Below 40W EMA
2026-08-29 05:29:18 | INFO | 🔴 EXIT       | MCD             | $    265.00 | Below 40W EMA
2026-08-29 05:29:20 | INFO | 🟢 HOLD_ADD   | MCK             | $    893.39 | Above all weekly EMAs
2026-08-29 05:29:23 | INFO | 🟡 WAIT       | MDT             | $     91.23 | EMAs converging, no breakout yet
2026-08-29 05:29:25 | INFO | 🟢 HOLD_ADD   | MRK             | $    148.35 | Above all weekly EMAs
2026-08-29 05:29:27 | INFO | 🔴 EXIT       | META            | $    578.02 | Below 40W EMA
2026-08-29 05:29:29 | INFO | 🟢 HOLD_ADD   | MET             | $     96.51 | Above all weekly EMAs
2026-08-29 05:29:31 | INFO | 🟢 HOLD_ADD   | MTD             | $   1398.58 | Above all weekly EMAs
2026-08-29 05:29:34 | INFO | 🟠 CAUTIOUS   | MGM             | $     42.28 | Below 20W EMA
2026-08-29 05:29:36 | INFO | 🔴 EXIT       | MCHP            | $     72.93 | Below 40W EMA
2026-08-29 05:29:38 | INFO | 🟢 HOLD_ADD   | MU              | $    932.86 | Above all weekly EMAs
2026-08-29 05:29:40 | INFO | 🟢 HOLD_ADD   | MSFT            | $    513.53 | Above all weekly EMAs
2026-08-29 05:29:42 | INFO | 🟡 WAIT       | MAA             | $    129.61 | EMAs converging, no breakout yet
2026-08-29 05:29:44 | INFO | 🟢 HOLD_ADD   | MRNA            | $    137.99 | Above all weekly EMAs
2026-08-29 05:29:47 | INFO | 🔴 EXIT       | TAP             | $     41.46 | Below 40W EMA
2026-08-29 05:29:49 | INFO | 🟢 HOLD_ADD   | MDLZ            | $     62.36 | Above all weekly EMAs
2026-08-29 05:29:51 | INFO | 🔴 EXIT       | MPWR            | $   1256.26 | Below 40W EMA
2026-08-29 05:29:53 | INFO | 🔴 EXIT       | MNST            | $     46.86 | Below 40W EMA
2026-08-29 05:29:55 | INFO | 🟡 WAIT       | MCO             | $    514.95 | EMAs converging, no breakout yet
2026-08-29 05:29:57 | INFO | 🟢 HOLD_ADD   | MS              | $    214.77 | Above all weekly EMAs
2026-08-29 05:30:00 | INFO | 🔴 EXIT       | MOS             | $     23.60 | Below 40W EMA
2026-08-29 05:30:02 | INFO | 🟢 HOLD_ADD   | MSI             | $    486.00 | Above all weekly EMAs
2026-08-29 05:30:04 | INFO | 🟡 WAIT       | MSCI            | $    570.76 | EMAs converging, no breakout yet
2026-08-29 05:30:06 | INFO | 🟢 HOLD_ADD   | NDAQ            | $     99.31 | Above all weekly EMAs
2026-08-29 05:30:08 | INFO | 🟢 HOLD_ADD   | NTAP            | $    187.02 | Above all weekly EMAs
2026-08-29 05:30:10 | INFO | 🔴 EXIT       | NFLX            | $     81.72 | Below 40W EMA
2026-08-29 05:30:13 | INFO | 🟢 HOLD_ADD   | NEM             | $    127.98 | Above all weekly EMAs
2026-08-29 05:30:15 | INFO | 🟢 HOLD_ADD   | NWSA            | $     30.97 | Above all weekly EMAs
2026-08-29 05:30:17 | INFO | 🟢 HOLD_ADD   | NWS             | $     34.85 | Above all weekly EMAs
2026-08-29 05:30:19 | INFO | 🔴 EXIT       | NEE             | $     81.84 | Broke support with EMAs converging
2026-08-29 05:30:21 | INFO | 🔴 EXIT       | NKE             | $     39.60 | Below 40W EMA
2026-08-29 05:30:24 | INFO | 🔴 EXIT       | NI              | $     40.57 | Broke support with EMAs converging
2026-08-29 05:30:26 | INFO | 🟢 HOLD_ADD   | NDSN            | $    324.59 | Above all weekly EMAs
2026-08-29 05:30:28 | INFO | 🟢 HOLD_ADD   | NSC             | $    348.68 | Above all weekly EMAs
2026-08-29 05:30:30 | INFO | 🟢 HOLD_ADD   | NTRS            | $    186.79 | Above all weekly EMAs
2026-08-29 05:30:32 | INFO | 🔴 EXIT       | NOC             | $    545.57 | Below 40W EMA
2026-08-29 05:30:34 | INFO | 🔴 EXIT       | NCLH            | $     16.65 | Below 40W EMA
2026-08-29 05:30:37 | INFO | 🔴 EXIT       | NRG             | $    111.12 | Below 40W EMA
2026-08-29 05:30:39 | INFO | 🟢 HOLD_ADD   | NUE             | $    250.50 | Above all weekly EMAs
2026-08-29 05:30:41 | INFO | 🟢 HOLD_ADD   | NVDA            | $    217.55 | Above all weekly EMAs
2026-08-29 05:30:43 | INFO | 🔴 EXIT       | NVR             | $   6396.27 | Below 40W EMA
2026-08-29 05:30:45 | INFO | 🟡 WAIT       | NXPI            | $    223.58 | EMAs converging, no breakout yet
2026-08-29 05:30:47 | INFO | 🟡 WAIT       | ORLY            | $     88.50 | EMAs converging, no breakout yet
2026-08-29 05:30:50 | INFO | 🟢 HOLD_ADD   | OXY             | $     59.10 | Above all weekly EMAs
2026-08-29 05:30:52 | INFO | 🔴 EXIT       | ODFL            | $    198.63 | Below 40W EMA
2026-08-29 05:30:54 | INFO | 🟢 HOLD_ADD   | OMC             | $     88.28 | Above all weekly EMAs
2026-08-29 05:30:56 | INFO | 🔴 EXIT       | ON              | $     72.61 | Below 40W EMA
2026-08-29 05:30:58 | INFO | 🟢 HOLD_ADD   | OKE             | $     94.76 | Above all weekly EMAs
2026-08-29 05:31:01 | INFO | 🔴 EXIT       | ORCL            | $    150.85 | Below 40W EMA
2026-08-29 05:31:03 | INFO | 🔴 EXIT       | OTIS            | $     71.74 | Below 40W EMA
2026-08-29 05:31:05 | INFO | 🟣 FADING     | PCAR            | $    125.34 | Below 10W EMA - momentum fading
2026-08-29 05:31:07 | INFO | 🟣 FADING     | PKG             | $    240.39 | Below 10W EMA - momentum fading
2026-08-29 05:31:09 | INFO | 🟢 HOLD_ADD   | PLTR            | $    186.29 | Above all weekly EMAs
2026-08-29 05:31:11 | INFO | 🟢 HOLD_ADD   | PANW            | $    371.59 | Above all weekly EMAs
2026-08-29 05:31:14 | INFO | 🟢 HOLD_ADD   | PSKY            | $     10.88 | Above all weekly EMAs
2026-08-29 05:31:16 | INFO | 🟢 HOLD_ADD   | PH              | $    995.02 | Above all weekly EMAs
2026-08-29 05:31:18 | INFO | 🟢 HOLD_ADD   | PAYX            | $    127.04 | Above all weekly EMAs
2026-08-29 05:31:20 | INFO | 🟣 FADING     | PYPL            | $     53.66 | Below 10W EMA - momentum fading
2026-08-29 05:31:22 | INFO | 🔴 EXIT       | PNR             | $     61.67 | Below 40W EMA
2026-08-29 05:31:25 | INFO | 🟡 WAIT       | PEP             | $    141.07 | EMAs converging, no breakout yet
2026-08-29 05:31:27 | INFO | 🟢 HOLD_ADD   | PFE             | $     27.96 | Above all weekly EMAs
2026-08-29 05:31:29 | INFO | 🟡 WAIT       | PCG             | $     16.60 | EMAs converging, no breakout yet
2026-08-29 05:31:31 | INFO | 🟢 HOLD_ADD   | PM              | $    191.89 | Above all weekly EMAs
2026-08-29 05:31:33 | INFO | 🟢 HOLD_ADD   | PSX             | $    244.01 | Above all weekly EMAs
2026-08-29 05:31:36 | INFO | 🔴 EXIT       | PNW             | $     97.64 | Below 40W EMA
2026-08-29 05:31:38 | INFO | 🟣 FADING     | PNC             | $    242.22 | Below 10W EMA - momentum fading
2026-08-29 05:31:40 | INFO | 🟡 WAIT       | PPG             | $    114.22 | EMAs converging, no breakout yet
2026-08-29 05:31:42 | INFO | 🔴 EXIT       | PPL             | $     34.20 | Broke support with EMAs converging
2026-08-29 05:31:44 | INFO | 🟢 HOLD_ADD   | PFG             | $    111.41 | Above all weekly EMAs
2026-08-29 05:31:47 | INFO | 🟡 WAIT       | PG              | $    143.78 | EMAs converging, no breakout yet
2026-08-29 05:31:49 | INFO | 🟡 WAIT       | PGR             | $    218.64 | EMAs converging, no breakout yet
2026-08-29 05:31:51 | INFO | 🟠 CAUTIOUS   | PLD             | $    140.70 | Below 20W EMA
2026-08-29 05:31:53 | INFO | 🟢 HOLD_ADD   | PRU             | $    119.79 | Above all weekly EMAs
2026-08-29 05:31:55 | INFO | 🔴 EXIT       | PEG             | $     73.19 | Below 40W EMA
2026-08-29 05:31:57 | INFO | 🟢 HOLD_ADD   | PTC             | $    157.15 | Above all weekly EMAs
2026-08-29 05:32:00 | INFO | 🟣 FADING     | PSA             | $    313.51 | Below 10W EMA - momentum fading
2026-08-29 05:32:02 | INFO | 🟡 WAIT       | PHM             | $    128.55 | EMAs converging, no breakout yet
2026-08-29 05:32:04 | INFO | 🟠 CAUTIOUS   | PWR             | $    602.70 | Below 20W EMA
2026-08-29 05:32:06 | INFO | 🟡 WAIT       | QCOM            | $    164.19 | EMAs converging, no breakout yet
2026-08-29 05:32:08 | INFO | 🟢 HOLD_ADD   | DGX             | $    242.76 | Above all weekly EMAs
2026-08-29 05:32:10 | WARNING | Q: Insufficient data for analysis
2026-08-29 05:32:13 | INFO | 🔴 EXIT       | RL              | $    354.04 | Below 40W EMA
2026-08-29 05:32:15 | INFO | 🟢 HOLD_ADD   | RJF             | $    179.36 | Above all weekly EMAs
2026-08-29 05:32:17 | INFO | 🟡 WAIT       | RDDT            | $    153.00 | EMAs converging, no breakout yet
2026-08-29 05:32:19 | INFO | 🟢 HOLD_ADD   | RTX             | $    211.71 | Above all weekly EMAs
2026-08-29 05:32:21 | INFO | 🟡 WAIT       | O               | $     61.98 | EMAs converging, no breakout yet
2026-08-29 05:32:24 | INFO | 🟡 WAIT       | REG             | $     75.52 | EMAs converging, no breakout yet
2026-08-29 05:32:26 | INFO | 🟢 HOLD_ADD   | REGN            | $    794.19 | Above all weekly EMAs
2026-08-29 05:32:28 | INFO | 🟣 FADING     | RF              | $     30.33 | Below 10W EMA - momentum fading
2026-08-29 05:32:30 | INFO | 🟡 WAIT       | RSG             | $    222.11 | EMAs converging, no breakout yet
2026-08-29 05:32:32 | INFO | 🟢 HOLD_ADD   | RMD             | $    240.33 | Above all weekly EMAs
2026-08-29 05:32:34 | INFO | 🟢 HOLD_ADD   | RVTY            | $    128.80 | Above all weekly EMAs
2026-08-29 05:32:37 | INFO | 🟢 HOLD_ADD   | HOOD            | $    104.26 | Above all weekly EMAs
2026-08-29 05:32:39 | INFO | 🟠 CAUTIOUS   | ROK             | $    430.86 | Below 20W EMA
2026-08-29 05:32:41 | INFO | 🔴 EXIT       | ROL             | $     36.38 | Below 40W EMA
2026-08-29 05:32:43 | INFO | 🟢 HOLD_ADD   | ROP             | $    426.20 | Above all weekly EMAs
2026-08-29 05:32:45 | INFO | 🟠 CAUTIOUS   | ROST            | $    228.55 | Below 20W EMA
2026-08-29 05:32:47 | INFO | 🟡 WAIT       | RCL             | $    279.41 | EMAs converging, no breakout yet
2026-08-29 05:32:50 | INFO | 🟡 WAIT       | SPGI            | $    442.89 | EMAs converging, no breakout yet
2026-08-29 05:32:52 | INFO | 🟢 HOLD_ADD   | CRM             | $    256.00 | Above all weekly EMAs
2026-08-29 05:32:54 | INFO | 🟣 FADING     | SNDK            | $   1484.98 | Below 10W EMA - momentum fading
2026-08-29 05:32:56 | INFO | 🔴 EXIT       | SBAC            | $    190.95 | Below 40W EMA
2026-08-29 05:32:58 | INFO | 🟢 HOLD_ADD   | SLB             | $     57.33 | Above all weekly EMAs
2026-08-29 05:33:00 | INFO | 🟣 FADING     | STX             | $    829.76 | Below 10W EMA - momentum fading
2026-08-29 05:33:03 | INFO | 🟡 WAIT       | SRE             | $     84.31 | EMAs converging, no breakout yet
2026-08-29 05:33:05 | INFO | 🟢 HOLD_ADD   | NOW             | $    144.71 | Above all weekly EMAs
2026-08-29 05:33:07 | INFO | 🟡 WAIT       | SHW             | $    344.86 | EMAs converging, no breakout yet
2026-08-29 05:33:09 | INFO | 🟣 FADING     | SPG             | $    214.56 | Below 10W EMA - momentum fading
2026-08-29 05:33:11 | INFO | 🟡 WAIT       | SWKS            | $     65.79 | EMAs converging, no breakout yet
2026-08-29 05:33:13 | INFO | 🟢 HOLD_ADD   | SJM             | $    132.34 | Above all weekly EMAs
2026-08-29 05:33:16 | INFO | 🟢 HOLD_ADD   | SW              | $     48.29 | Above all weekly EMAs
2026-08-29 05:33:18 | INFO | 🟣 FADING     | SNA             | $    391.86 | Below 10W EMA - momentum fading
2026-08-29 05:33:20 | INFO | 🟢 HOLD_ADD   | SOLV            | $     91.12 | Above all weekly EMAs
2026-08-29 05:33:22 | INFO | 🔴 EXIT       | SO              | $     88.25 | Broke support with EMAs converging
2026-08-29 05:33:24 | INFO | 🔴 EXIT       | LUV             | $     39.64 | Below 40W EMA
2026-08-29 05:33:27 | INFO | 🟢 HOLD_ADD   | SWK             | $     97.80 | Above all weekly EMAs
2026-08-29 05:33:29 | INFO | 🟢 HOLD_ADD   | SBUX            | $    107.85 | Above all weekly EMAs
2026-08-29 05:33:31 | INFO | 🟢 HOLD_ADD   | STT             | $    193.33 | Above all weekly EMAs
2026-08-29 05:33:33 | INFO | 🟣 FADING     | STLD            | $    234.66 | Below 10W EMA - momentum fading
2026-08-29 05:33:35 | INFO | 🟡 WAIT       | STE             | $    233.78 | EMAs converging, no breakout yet
2026-08-29 05:33:37 | INFO | 🟡 WAIT       | SYK             | $    330.69 | EMAs converging, no breakout yet
2026-08-29 05:33:40 | INFO | 🟡 WAIT       | SMCI            | $     37.08 | EMAs converging, no breakout yet
2026-08-29 05:33:42 | INFO | 🟢 HOLD_ADD   | SYF             | $     78.05 | Above all weekly EMAs
2026-08-29 05:33:44 | INFO | 🔴 EXIT       | SNPS            | $    442.61 | Below 40W EMA
2026-08-29 05:33:46 | INFO | 🟣 FADING     | SYY             | $     81.94 | Below 10W EMA - momentum fading
2026-08-29 05:33:48 | INFO | 🔴 EXIT       | TMUS            | $    181.37 | Below 40W EMA
2026-08-29 05:33:50 | INFO | 🟣 FADING     | TROW            | $    111.24 | Below 10W EMA - momentum fading
2026-08-29 05:33:53 | INFO | 🟣 FADING     | TTWO            | $    235.39 | Below 10W EMA - momentum fading
2026-08-29 05:33:55 | INFO | 🔴 EXIT       | TPR             | $    125.49 | Below 40W EMA
2026-08-29 05:33:57 | INFO | 🟢 HOLD_ADD   | TRGP            | $    287.82 | Above all weekly EMAs
2026-08-29 05:33:59 | INFO | 🟢 HOLD_ADD   | TGT             | $    163.18 | Above all weekly EMAs
2026-08-29 05:34:01 | INFO | 🟡 WAIT       | TEL             | $    202.66 | EMAs converging, no breakout yet
2026-08-29 05:34:03 | INFO | 🟠 CAUTIOUS   | TDY             | $    621.96 | Below 20W EMA
2026-08-29 05:34:06 | INFO | 🟠 CAUTIOUS   | TER             | $    354.97 | Below 20W EMA
2026-08-29 05:34:08 | INFO | 🔴 EXIT       | TSLA            | $    348.75 | Below 40W EMA
2026-08-29 05:34:10 | INFO | 🟠 CAUTIOUS   | TXN             | $    258.64 | Below 20W EMA
2026-08-29 05:34:12 | INFO | 🟡 WAIT       | TPL             | $    364.38 | EMAs converging, no breakout yet
2026-08-29 05:34:14 | INFO | 🔴 EXIT       | TXT             | $     83.04 | Broke support with EMAs converging
2026-08-29 05:34:16 | INFO | 🟢 HOLD_ADD   | TMO             | $    622.18 | Above all weekly EMAs
2026-08-29 05:34:19 | INFO | 🔴 EXIT       | TJX             | $    135.12 | Broke support with EMAs converging
2026-08-29 05:34:21 | INFO | 🟡 WAIT       | TKO             | $    184.64 | EMAs converging, no breakout yet
2026-08-29 05:34:23 | INFO | 🔴 EXIT       | TTD             | $     13.57 | Below 40W EMA
2026-08-29 05:34:25 | INFO | 🔴 EXIT       | TSCO            | $     34.72 | Below 40W EMA
2026-08-29 05:34:27 | INFO | 🔴 EXIT       | TT              | $    448.96 | Below 40W EMA
2026-08-29 05:34:29 | INFO | 🟡 WAIT       | TDG             | $   1185.97 | EMAs converging, no breakout yet
2026-08-29 05:34:32 | INFO | 🟢 HOLD_ADD   | TRV             | $    369.90 | Above all weekly EMAs
2026-08-29 05:34:34 | INFO | 🔴 EXIT       | TRMB            | $     61.01 | Below 40W EMA
2026-08-29 05:34:36 | INFO | 🟣 FADING     | TFC             | $     50.43 | Below 10W EMA - momentum fading
2026-08-29 05:34:38 | INFO | 🟢 HOLD_ADD   | TYL             | $    377.94 | Above all weekly EMAs
2026-08-29 05:34:40 | INFO | 🟡 WAIT       | TSN             | $     55.40 | EMAs converging, no breakout yet
2026-08-29 05:34:43 | INFO | 🟢 HOLD_ADD   | USB             | $     62.47 | Above all weekly EMAs
2026-08-29 05:34:45 | INFO | 🟡 WAIT       | UBER            | $     78.82 | EMAs converging, no breakout yet
2026-08-29 05:34:47 | INFO | 🟡 WAIT       | UDR             | $     37.12 | EMAs converging, no breakout yet
2026-08-29 05:34:49 | INFO | 🟡 WAIT       | ULTA            | $    517.50 | EMAs converging, no breakout yet
2026-08-29 05:34:51 | INFO | 🟢 HOLD_ADD   | UNP             | $    307.41 | Above all weekly EMAs
2026-08-29 05:34:53 | INFO | 🟠 CAUTIOUS   | UAL             | $    110.60 | Below 20W EMA
2026-08-29 05:34:56 | INFO | 🟢 HOLD_ADD   | UPS             | $    105.33 | Above all weekly EMAs
2026-08-29 05:34:58 | INFO | 🟠 CAUTIOUS   | URI             | $   1030.25 | Below 20W EMA
2026-08-29 05:35:00 | INFO | 🟣 FADING     | UNH             | $    392.95 | Below 10W EMA - momentum fading
2026-08-29 05:35:02 | INFO | 🔴 EXIT       | UHS             | $    171.66 | Below 40W EMA
2026-08-29 05:35:04 | INFO | 🟢 HOLD_ADD   | VLO             | $    352.36 | Above all weekly EMAs
2026-08-29 05:35:07 | INFO | 🟢 HOLD_ADD   | VEEV            | $    276.69 | Above all weekly EMAs
2026-08-29 05:35:09 | INFO | 🟣 FADING     | VTR             | $     91.81 | Below 10W EMA - momentum fading
2026-08-29 05:35:11 | INFO | 🟡 WAIT       | VLTO            | $     98.56 | EMAs converging, no breakout yet
2026-08-29 05:35:13 | INFO | 🟢 HOLD_ADD   | VRSN            | $    291.93 | Above all weekly EMAs
2026-08-29 05:35:15 | INFO | 🔴 EXIT       | VRSK            | $    191.77 | Below 40W EMA
2026-08-29 05:35:17 | INFO | 🟢 HOLD_ADD   | VZ              | $     50.10 | Above all weekly EMAs
2026-08-29 05:35:19 | INFO | 🟢 HOLD_ADD   | VRTX            | $    541.69 | Above all weekly EMAs
2026-08-29 05:35:22 | INFO | 🔴 EXIT       | VRT             | $    257.08 | Below 40W EMA
2026-08-29 05:35:24 | INFO | 🟣 FADING     | VTRS            | $     16.34 | Below 10W EMA - momentum fading
2026-08-29 05:35:26 | INFO | 🔴 EXIT       | VICI            | $     25.87 | Below 40W EMA
2026-08-29 05:35:28 | INFO | 🟢 HOLD_ADD   | V               | $    381.60 | Above all weekly EMAs
2026-08-29 05:35:30 | INFO | 🔴 EXIT       | VST             | $    137.09 | Below 40W EMA
2026-08-29 05:35:32 | INFO | 🟠 CAUTIOUS   | VMRK            | $     65.54 | Below 20W EMA
2026-08-29 05:35:35 | INFO | 🟡 WAIT       | VMC             | $    274.51 | EMAs converging, no breakout yet
2026-08-29 05:35:37 | INFO | 🟡 WAIT       | WRB             | $     68.44 | EMAs converging, no breakout yet
2026-08-29 05:35:39 | INFO | 🟣 FADING     | GWW             | $   1306.30 | Below 10W EMA - momentum fading
2026-08-29 05:35:41 | INFO | 🟢 HOLD_ADD   | WAB             | $    292.23 | Above all weekly EMAs
2026-08-29 05:35:43 | INFO | 🔴 EXIT       | WMT             | $    103.09 | Below 40W EMA
2026-08-29 05:35:46 | INFO | 🟡 WAIT       | DIS             | $    108.10 | EMAs converging, no breakout yet
2026-08-29 05:35:48 | INFO | 🟢 HOLD_ADD   | WBD             | $     28.77 | Above all weekly EMAs
2026-08-29 05:35:50 | INFO | 🟡 WAIT       | WM              | $    219.66 | EMAs converging, no breakout yet
2026-08-29 05:35:52 | INFO | 🟢 HOLD_ADD   | WAT             | $    414.69 | Above all weekly EMAs
2026-08-29 05:35:54 | INFO | 🟡 WAIT       | WEC             | $    106.22 | EMAs converging, no breakout yet
2026-08-29 05:35:57 | INFO | 🟢 HOLD_ADD   | WFC             | $     86.69 | Above all weekly EMAs
2026-08-29 05:35:59 | INFO | 🟢 HOLD_ADD   | WELL            | $    238.07 | Above all weekly EMAs
2026-08-29 05:36:01 | INFO | 🟣 FADING     | WST             | $    337.47 | Below 10W EMA - momentum fading
2026-08-29 05:36:03 | INFO | 🟠 CAUTIOUS   | WDC             | $    459.45 | Below 20W EMA
2026-08-29 05:36:05 | INFO | 🟡 WAIT       | WY              | $     23.64 | EMAs converging, no breakout yet
2026-08-29 05:36:08 | INFO | 🟢 HOLD_ADD   | WSM             | $    235.09 | Above all weekly EMAs
2026-08-29 05:36:10 | INFO | 🟢 HOLD_ADD   | WMB             | $     73.73 | Above all weekly EMAs
2026-08-29 05:36:12 | INFO | 🟢 HOLD_ADD   | WTW             | $    343.75 | Above all weekly EMAs
2026-08-29 05:36:14 | INFO | 🟢 HOLD_ADD   | WDAY            | $    204.72 | Above all weekly EMAs
2026-08-29 05:36:16 | INFO | 🔴 EXIT       | WYNN            | $     95.26 | Below 40W EMA
2026-08-29 05:36:18 | INFO | 🟡 WAIT       | XEL             | $     76.45 | EMAs converging, no breakout yet
2026-08-29 05:36:21 | INFO | 🔴 EXIT       | XYL             | $    111.31 | Below 40W EMA
2026-08-29 05:36:23 | INFO | 🟡 WAIT       | YUM             | $    153.86 | EMAs converging, no breakout yet
2026-08-29 05:36:25 | INFO | 🟢 HOLD_ADD   | ZBRA            | $    356.45 | Above all weekly EMAs
2026-08-29 05:36:27 | INFO | 🟢 HOLD_ADD   | ZBH             | $    100.91 | Above all weekly EMAs
2026-08-29 05:36:29 | INFO | 🔴 EXIT       | ZTS             | $     77.34 | Below 40W EMA
2026-08-29 05:36:29 | INFO | ==================================================
2026-08-29 05:36:29 | INFO | SCAN COMPLETE
2026-08-29 05:36:29 | INFO | Total: 500 | Errors: 3
2026-08-29 05:36:29 | INFO | EXIT: 95
2026-08-29 05:36:29 | INFO | BULLISH: 3
2026-08-29 05:36:29 | INFO | WAIT: 105
2026-08-29 05:36:29 | INFO | CAUTIOUS: 56
2026-08-29 05:36:29 | INFO | FADING: 43
2026-08-29 05:36:29 | INFO | HOLD_ADD: 198
2026-08-29 05:36:29 | INFO | 
Checking for previous log to generate Actionable Report...
2026-08-29 05:36:29 | INFO | Comparing current run against previous run: 2026-08-22_USA.log
2026-08-29 05:36:29 | INFO | Action report generated at: /home/runner/work/ema-tracker/ema-tracker/actions/2026-08-29_USA-ACTIONS.csv
