2026-07-25 02:15:38 | INFO | Fetching S&P 500 stocks from Wikipedia
2026-07-25 02:15:38 | INFO | S&P 500 source: Wikipedia live list (503 stocks)
2026-07-25 02:15:41 | INFO | 🟡 WAIT       | MMM             | $    172.62 | EMAs converging, no breakout yet
2026-07-25 02:15:43 | INFO | 🔴 EXIT       | AOS             | $     60.78 | Below 40W EMA
2026-07-25 02:15:45 | INFO | 🔴 EXIT       | ABT             | $    103.06 | Below 40W EMA
2026-07-25 02:15:48 | INFO | 🟢 HOLD_ADD   | ABBV            | $    259.36 | Above all weekly EMAs
2026-07-25 02:15:50 | INFO | 🔴 EXIT       | ACN             | $    146.99 | Below 40W EMA
2026-07-25 02:15:52 | INFO | 🔴 EXIT       | ADBE            | $    225.11 | Below 40W EMA
2026-07-25 02:15:54 | INFO | 🟢 HOLD_ADD   | AMD             | $    521.95 | Above all weekly EMAs
2026-07-25 02:15:56 | INFO | 🟢 HOLD_ADD   | AES             | $     14.84 | Above all weekly EMAs
2026-07-25 02:15:58 | INFO | 🟢 HOLD_ADD   | AFL             | $    125.60 | Above all weekly EMAs
2026-07-25 02:16:00 | INFO | 🟡 WAIT       | A               | $    138.57 | EMAs converging, no breakout yet
2026-07-25 02:16:03 | INFO | 🟢 HOLD_ADD   | APD             | $    297.87 | Above all weekly EMAs
2026-07-25 02:16:05 | INFO | 🟣 FADING     | ABNB            | $    141.10 | Below 10W EMA - momentum fading
2026-07-25 02:16:07 | INFO | 🟠 CAUTIOUS   | AKAM            | $    115.37 | Below 20W EMA
2026-07-25 02:16:09 | INFO | 🔴 EXIT       | ALB             | $    114.85 | Below 40W EMA
2026-07-25 02:16:11 | INFO | 🔴 EXIT       | ARE             | $     50.94 | Below 40W EMA
2026-07-25 02:16:13 | INFO | 🟡 WAIT       | ALGN            | $    167.01 | EMAs converging, no breakout yet
2026-07-25 02:16:16 | INFO | 🟢 HOLD_ADD   | ALLE            | $    153.36 | Above all weekly EMAs
2026-07-25 02:16:18 | INFO | 🟢 HOLD_ADD   | LNT             | $     74.94 | Above all weekly EMAs
2026-07-25 02:16:20 | INFO | 🟢 HOLD_ADD   | ALL             | $    259.97 | Above all weekly EMAs
2026-07-25 02:16:22 | INFO | 🔴 EXIT       | GOOGL           | $    319.74 | Below 40W EMA
2026-07-25 02:16:24 | INFO | 🔴 EXIT       | GOOG            | $    319.09 | Below 40W EMA
2026-07-25 02:16:26 | INFO | 🟢 HOLD_ADD   | MO              | $     72.99 | Above all weekly EMAs
2026-07-25 02:16:28 | INFO | 🔴 EXIT       | AMZN            | $    232.11 | Below 40W EMA
2026-07-25 02:16:31 | INFO | 🟡 WAIT       | AMCR            | $     44.54 | EMAs converging, no breakout yet
2026-07-25 02:16:33 | INFO | 🟢 HOLD_ADD   | AEE             | $    113.78 | Above all weekly EMAs
2026-07-25 02:16:35 | INFO | 🟢 HOLD_ADD   | AEP             | $    135.54 | Above all weekly EMAs
2026-07-25 02:16:37 | INFO | 🟡 WAIT       | AXP             | $    326.17 | EMAs converging, no breakout yet
2026-07-25 02:16:39 | INFO | 🟡 WAIT       | AIG             | $     79.06 | EMAs converging, no breakout yet
2026-07-25 02:16:42 | INFO | 🔴 EXIT       | AMT             | $    166.67 | Below 40W EMA
2026-07-25 02:16:44 | INFO | 🟡 WAIT       | AWK             | $    134.66 | EMAs converging, no breakout yet
2026-07-25 02:16:46 | INFO | 🟡 WAIT       | AMP             | $    528.90 | EMAs converging, no breakout yet
2026-07-25 02:16:48 | INFO | 🟢 HOLD_ADD   | AME             | $    241.97 | Above all weekly EMAs
2026-07-25 02:16:50 | INFO | 🟢 HOLD_ADD   | AMGN            | $    376.04 | Above all weekly EMAs
2026-07-25 02:16:52 | INFO | 🟢 HOLD_ADD   | APH             | $    152.67 | Above all weekly EMAs
2026-07-25 02:16:55 | INFO | 🟠 CAUTIOUS   | ADI             | $    371.86 | Below 20W EMA
2026-07-25 02:16:57 | INFO | 🟡 WAIT       | AON             | $    361.70 | EMAs converging, no breakout yet
2026-07-25 02:16:59 | INFO | 🟢 HOLD_ADD   | APA             | $     36.15 | Above all weekly EMAs
2026-07-25 02:17:01 | INFO | 🟡 WAIT       | APO             | $    122.61 | EMAs converging, no breakout yet
2026-07-25 02:17:03 | INFO | 🟢 HOLD_ADD   | AAPL            | $    333.02 | Above all weekly EMAs
2026-07-25 02:17:05 | INFO | 🟢 HOLD_ADD   | AMAT            | $    536.25 | Above all weekly EMAs
2026-07-25 02:17:07 | INFO | 🟡 WAIT       | APP             | $    391.98 | EMAs converging, no breakout yet
2026-07-25 02:17:10 | INFO | 🔴 EXIT       | APTV            | $     56.55 | Below 40W EMA
2026-07-25 02:17:12 | INFO | 🟢 HOLD_ADD   | ACGL            | $    103.36 | Above all weekly EMAs
2026-07-25 02:17:14 | INFO | 🟢 HOLD_ADD   | ADM             | $     85.92 | Above all weekly EMAs
2026-07-25 02:17:16 | INFO | 🔴 EXIT       | ARES            | $    126.51 | Below 40W EMA
2026-07-25 02:17:18 | INFO | 🟢 HOLD_ADD   | ANET            | $    173.99 | Above all weekly EMAs
2026-07-25 02:17:20 | INFO | 🟢 HOLD_ADD   | AJG             | $    247.77 | Above all weekly EMAs
2026-07-25 02:17:22 | INFO | 🟢 HOLD_ADD   | AIZ             | $    276.94 | Above all weekly EMAs
2026-07-25 02:17:25 | INFO | 🔴 EXIT       | T               | $     24.13 | Below 40W EMA
2026-07-25 02:17:27 | INFO | 🟡 WAIT       | ATO             | $    179.22 | EMAs converging, no breakout yet
2026-07-25 02:17:29 | INFO | 🔴 EXIT       | ADSK            | $    209.75 | Below 40W EMA
2026-07-25 02:17:31 | INFO | 🟡 WAIT       | ADP             | $    250.09 | EMAs converging, no breakout yet
2026-07-25 02:17:33 | INFO | 🔴 EXIT       | AZO             | $   2957.41 | Below 40W EMA
2026-07-25 02:17:35 | INFO | 🟢 HOLD_ADD   | AVB             | $    189.61 | Above all weekly EMAs
2026-07-25 02:17:38 | INFO | 🔴 EXIT       | AVY             | $    160.90 | Below 40W EMA
2026-07-25 02:17:40 | INFO | 🔴 EXIT       | AXON            | $    502.34 | Below 40W EMA
2026-07-25 02:17:42 | INFO | 🟠 CAUTIOUS   | BKR             | $     57.25 | Below 20W EMA
2026-07-25 02:17:44 | INFO | 🟢 HOLD_ADD   | BALL            | $     63.84 | Above all weekly EMAs
2026-07-25 02:17:46 | INFO | 🟢 HOLD_ADD   | BAC             | $     62.05 | Above all weekly EMAs
2026-07-25 02:17:49 | INFO | 🟢 HOLD_ADD   | BAX             | $     22.40 | Above all weekly EMAs
2026-07-25 02:17:51 | INFO | 🟡 WAIT       | BDX             | $    156.36 | EMAs converging, no breakout yet
2026-07-25 02:17:53 | INFO | 🟡 WAIT       | BRK-B           | $    494.93 | EMAs converging, no breakout yet
2026-07-25 02:17:55 | INFO | 🟢 HOLD_ADD   | BBY             | $     85.43 | Above all weekly EMAs
2026-07-25 02:17:57 | INFO | 🟢 HOLD_ADD   | TECH            | $     71.60 | Above all weekly EMAs
2026-07-25 02:17:59 | INFO | 🟢 HOLD_ADD   | BIIB            | $    202.19 | Above all weekly EMAs
2026-07-25 02:18:02 | INFO | 🟡 WAIT       | BLK             | $   1055.67 | EMAs converging, no breakout yet
2026-07-25 02:18:04 | INFO | 🟢 HOLD_ADD   | BX              | $    130.00 | Above all weekly EMAs
2026-07-25 02:18:06 | INFO | 🟢 HOLD_ADD   | XYZ             | $     77.15 | Above all weekly EMAs
2026-07-25 02:18:08 | INFO | 🟢 HOLD_ADD   | BNY             | $    158.91 | Above all weekly EMAs
2026-07-25 02:18:10 | INFO | 🟡 WAIT       | BA              | $    209.52 | EMAs converging, no breakout yet
2026-07-25 02:18:12 | INFO | 🔴 EXIT       | BKNG            | $    177.46 | Below 40W EMA
2026-07-25 02:18:14 | INFO | 🔴 EXIT       | BSX             | $     44.25 | Below 40W EMA
2026-07-25 02:18:17 | INFO | 🟢 HOLD_ADD   | BMY             | $     62.09 | Above all weekly EMAs
2026-07-25 02:18:19 | INFO | 🟣 FADING     | AVGO            | $    381.92 | Below 10W EMA - momentum fading
2026-07-25 02:18:21 | INFO | 🔴 EXIT       | BR              | $    148.92 | Below 40W EMA
2026-07-25 02:18:23 | INFO | 🔴 EXIT       | BRO             | $     67.66 | Below 40W EMA
2026-07-25 02:18:25 | INFO | 🔴 EXIT       | BF-B            | $     26.08 | Below 40W EMA
2026-07-25 02:18:28 | INFO | 🔴 EXIT       | BLDR            | $     72.86 | Below 40W EMA
2026-07-25 02:18:30 | INFO | 🟢 HOLD_ADD   | BG              | $    121.53 | Above all weekly EMAs
2026-07-25 02:18:32 | INFO | 🟢 HOLD_ADD   | BXP             | $     69.11 | Above all weekly EMAs
2026-07-25 02:18:34 | INFO | 🟣 FADING     | CHRW            | $    186.51 | Below 10W EMA - momentum fading
2026-07-25 02:18:36 | INFO | 🔴 EXIT       | CDNS            | $    326.24 | Below 40W EMA
2026-07-25 02:18:38 | INFO | 🟢 HOLD_ADD   | CPT             | $    113.73 | Above all weekly EMAs
2026-07-25 02:18:41 | INFO | 🟡 WAIT       | COF             | $    202.84 | EMAs converging, no breakout yet
2026-07-25 02:18:43 | INFO | 🟢 HOLD_ADD   | CAH             | $    228.03 | Above all weekly EMAs
2026-07-25 02:18:45 | INFO | 🟡 WAIT       | CCL             | $     26.33 | EMAs converging, no breakout yet
2026-07-25 02:18:47 | INFO | 🟢 HOLD_ADD   | CARR            | $     68.88 | Above all weekly EMAs
2026-07-25 02:18:49 | INFO | 🔴 EXIT       | CVNA            | $     60.46 | Below 40W EMA
2026-07-25 02:18:51 | INFO | 🟢 HOLD_ADD   | CASY            | $    861.63 | Above all weekly EMAs
2026-07-25 02:18:54 | INFO | 🟣 FADING     | CAT             | $    888.73 | Below 10W EMA - momentum fading
2026-07-25 02:18:56 | INFO | 🟡 WAIT       | CBOE            | $    285.07 | EMAs converging, no breakout yet
2026-07-25 02:18:58 | INFO | 🔴 EXIT       | CBRE            | $    139.46 | Below 40W EMA
2026-07-25 02:19:00 | INFO | 🔴 EXIT       | CDW             | $    133.82 | Below 40W EMA
2026-07-25 02:19:02 | INFO | 🟢 HOLD_ADD   | COR             | $    309.89 | Above all weekly EMAs
2026-07-25 02:19:04 | INFO | 🟢 HOLD_ADD   | CNC             | $     63.41 | Above all weekly EMAs
2026-07-25 02:19:06 | INFO | 🟢 HOLD_ADD   | CNP             | $     44.56 | Above all weekly EMAs
2026-07-25 02:19:09 | INFO | 🟢 HOLD_ADD   | CF              | $    125.07 | Above all weekly EMAs
2026-07-25 02:19:11 | INFO | 🟢 HOLD_ADD   | CRL             | $    226.58 | Above all weekly EMAs
2026-07-25 02:19:13 | INFO | 🟢 HOLD_ADD   | SCHW            | $    101.97 | Above all weekly EMAs
2026-07-25 02:19:15 | INFO | 🔴 EXIT       | CHTR            | $    123.31 | Below 40W EMA
2026-07-25 02:19:17 | INFO | 🟢 HOLD_ADD   | CVX             | $    194.79 | Above all weekly EMAs
2026-07-25 02:19:19 | INFO | 🔴 EXIT       | CMG             | $     31.79 | Below 40W EMA
2026-07-25 02:19:22 | INFO | 🟢 HOLD_ADD   | CB              | $    359.75 | Above all weekly EMAs
2026-07-25 02:19:24 | INFO | 🟡 WAIT       | CHD             | $     97.64 | EMAs converging, no breakout yet
2026-07-25 02:19:26 | INFO | 🟠 CAUTIOUS   | CIEN            | $    390.96 | Below 20W EMA
2026-07-25 02:19:28 | INFO | 🟡 WAIT       | CI              | $    289.57 | EMAs converging, no breakout yet
2026-07-25 02:19:30 | INFO | 🟢 HOLD_ADD   | CINF            | $    182.81 | Above all weekly EMAs
2026-07-25 02:19:33 | INFO | 🟡 WAIT       | CTAS            | $    205.91 | EMAs converging, no breakout yet
2026-07-25 02:19:35 | INFO | 🟢 HOLD_ADD   | CSCO            | $    114.17 | Above all weekly EMAs
2026-07-25 02:19:37 | INFO | 🟣 FADING     | C               | $    132.19 | Below 10W EMA - momentum fading
2026-07-25 02:19:39 | INFO | 🟢 HOLD_ADD   | CFG             | $     71.88 | Above all weekly EMAs
2026-07-25 02:19:41 | INFO | 🔴 EXIT       | CLX             | $     95.55 | Below 40W EMA
2026-07-25 02:19:43 | INFO | 🔴 EXIT       | CME             | $    255.31 | Below 40W EMA
2026-07-25 02:19:46 | INFO | 🟡 WAIT       | CMS             | $     74.70 | EMAs converging, no breakout yet
2026-07-25 02:19:48 | INFO | 🟢 HOLD_ADD   | KO              | $     82.25 | Above all weekly EMAs
2026-07-25 02:19:50 | INFO | 🔴 EXIT       | CTSH            | $     45.45 | Below 40W EMA
2026-07-25 02:19:52 | INFO | 🟠 CAUTIOUS   | COHR            | $    282.39 | Below 20W EMA
2026-07-25 02:19:54 | INFO | 🔴 EXIT       | COIN            | $    158.29 | Below 40W EMA
2026-07-25 02:19:56 | INFO | 🟢 HOLD_ADD   | CL              | $     90.75 | Above all weekly EMAs
2026-07-25 02:19:59 | INFO | 🔴 EXIT       | CMCSA           | $     22.30 | Below 40W EMA
2026-07-25 02:20:01 | INFO | 🟣 FADING     | FIX             | $   1733.60 | Below 10W EMA - momentum fading
2026-07-25 02:20:03 | INFO | 🟢 HOLD_ADD   | COP             | $    120.26 | Above all weekly EMAs
2026-07-25 02:20:05 | INFO | 🟢 HOLD_ADD   | ED              | $    113.01 | Above all weekly EMAs
2026-07-25 02:20:07 | INFO | 🔴 EXIT       | STZ             | $    130.16 | Below 40W EMA
2026-07-25 02:20:10 | INFO | 🔴 EXIT       | CEG             | $    274.35 | Below 40W EMA
2026-07-25 02:20:12 | INFO | 🔴 EXIT       | COO             | $     70.31 | Below 40W EMA
2026-07-25 02:20:14 | INFO | 🔴 EXIT       | CPRT            | $     27.94 | Below 40W EMA
2026-07-25 02:20:16 | INFO | 🟠 CAUTIOUS   | GLW             | $    146.65 | Below 20W EMA
2026-07-25 02:20:18 | INFO | 🟢 HOLD_ADD   | CPAY            | $    370.58 | Above all weekly EMAs
2026-07-25 02:20:20 | INFO | 🟢 HOLD_ADD   | CTVA            | $     89.25 | Above all weekly EMAs
2026-07-25 02:20:22 | INFO | 🔴 EXIT       | CSGP            | $     27.66 | Below 40W EMA
2026-07-25 02:20:25 | INFO | 🟡 WAIT       | COST            | $    935.03 | EMAs converging, no breakout yet
2026-07-25 02:20:27 | INFO | 🔴 EXIT       | CRH             | $     99.87 | Below 40W EMA
2026-07-25 02:20:29 | INFO | 🟢 HOLD_ADD   | CRWD            | $    183.28 | Above all weekly EMAs
2026-07-25 02:20:31 | INFO | 🔴 EXIT       | CCI             | $     74.90 | Below 40W EMA
2026-07-25 02:20:33 | INFO | 🟢 HOLD_ADD   | CSX             | $     53.23 | Above all weekly EMAs
2026-07-25 02:20:35 | INFO | 🟢 HOLD_ADD   | CMI             | $    664.65 | Above all weekly EMAs
2026-07-25 02:20:38 | INFO | 🟢 HOLD_ADD   | CVS             | $    107.74 | Above all weekly EMAs
2026-07-25 02:20:40 | INFO | 🟡 WAIT       | DHR             | $    191.50 | EMAs converging, no breakout yet
2026-07-25 02:20:42 | INFO | 🟡 WAIT       | DRI             | $    196.31 | EMAs converging, no breakout yet
2026-07-25 02:20:44 | INFO | 🟢 HOLD_ADD   | DDOG            | $    246.86 | Above all weekly EMAs
2026-07-25 02:20:46 | INFO | 🟢 HOLD_ADD   | DVA             | $    235.44 | Above all weekly EMAs
2026-07-25 02:20:48 | INFO | 🟡 WAIT       | DECK            | $     96.04 | EMAs converging, no breakout yet
2026-07-25 02:20:51 | INFO | 🟢 HOLD_ADD   | DE              | $    628.16 | Above all weekly EMAs
2026-07-25 02:20:53 | INFO | 🟢 HOLD_ADD   | DELL            | $    437.50 | Above all weekly EMAs
2026-07-25 02:20:55 | INFO | 🟢 HOLD_ADD   | DAL             | $     85.06 | Above all weekly EMAs
2026-07-25 02:20:57 | INFO | 🟢 HOLD_ADD   | DVN             | $     45.04 | Above all weekly EMAs
2026-07-25 02:20:59 | INFO | 🟡 WAIT       | DXCM            | $     71.54 | EMAs converging, no breakout yet
2026-07-25 02:21:01 | INFO | 🟢 HOLD_ADD   | FANG            | $    204.68 | Above all weekly EMAs
2026-07-25 02:21:04 | INFO | 🟢 HOLD_ADD   | DLR             | $    199.08 | Above all weekly EMAs
2026-07-25 02:21:06 | INFO | 🟡 WAIT       | DG              | $    117.23 | EMAs converging, no breakout yet
2026-07-25 02:21:08 | INFO | 🟢 HOLD_ADD   | DLTR            | $    120.45 | Above all weekly EMAs
2026-07-25 02:21:10 | INFO | 🟢 HOLD_ADD   | D               | $     71.10 | Above all weekly EMAs
2026-07-25 02:21:12 | INFO | 🔴 EXIT       | DPZ             | $    332.97 | Below 40W EMA
2026-07-25 02:21:14 | INFO | 🔴 EXIT       | DASH            | $    172.91 | Below 40W EMA
2026-07-25 02:21:16 | INFO | 🔴 EXIT       | DOV             | $    202.20 | Below 40W EMA
2026-07-25 02:21:19 | INFO | 🟡 WAIT       | DOW             | $     29.84 | EMAs converging, no breakout yet
2026-07-25 02:21:21 | INFO | 🟡 WAIT       | DHI             | $    146.76 | EMAs converging, no breakout yet
2026-07-25 02:21:23 | INFO | 🟢 HOLD_ADD   | DTE             | $    149.46 | Above all weekly EMAs
2026-07-25 02:21:25 | INFO | 🟡 WAIT       | DUK             | $    130.52 | EMAs converging, no breakout yet
2026-07-25 02:21:28 | INFO | 🟠 CAUTIOUS   | DD              | $    137.70 | Below 20W EMA
2026-07-25 02:21:30 | INFO | 🟢 HOLD_ADD   | ETN             | $    404.07 | Above all weekly EMAs
2026-07-25 02:21:32 | INFO | 🟣 FADING     | EBAY            | $    109.39 | Below 10W EMA - momentum fading
2026-07-25 02:21:34 | INFO | 🔴 EXIT       | ECHO            | $     87.88 | Below 40W EMA
2026-07-25 02:21:36 | INFO | 🟡 WAIT       | ECL             | $    268.75 | EMAs converging, no breakout yet
2026-07-25 02:21:38 | INFO | 🟢 HOLD_ADD   | EIX             | $     79.75 | Above all weekly EMAs
2026-07-25 02:21:41 | INFO | 🔴 EXIT       | EW              | $     82.63 | Below 40W EMA
2026-07-25 02:21:43 | INFO | 🟢 HOLD_ADD   | EA              | $    209.06 | Above all weekly EMAs
2026-07-25 02:21:45 | INFO | 🟣 FADING     | ELV             | $    377.68 | Below 10W EMA - momentum fading
2026-07-25 02:21:47 | INFO | 🟠 CAUTIOUS   | EME             | $    744.85 | Below 20W EMA
2026-07-25 02:21:49 | INFO | 🟡 WAIT       | EMR             | $    147.94 | EMAs converging, no breakout yet
2026-07-25 02:21:51 | INFO | 🟢 HOLD_ADD   | ETR             | $    115.95 | Above all weekly EMAs
2026-07-25 02:21:54 | INFO | 🟢 HOLD_ADD   | EOG             | $    146.39 | Above all weekly EMAs
2026-07-25 02:21:56 | INFO | 🔴 EXIT       | EQT             | $     53.03 | Below 40W EMA
2026-07-25 02:21:58 | INFO | 🔴 EXIT       | EFX             | $    172.54 | Below 40W EMA
2026-07-25 02:22:00 | INFO | 🟢 HOLD_ADD   | EQIX            | $   1084.24 | Above all weekly EMAs
2026-07-25 02:22:02 | INFO | 🟢 HOLD_ADD   | EQR             | $     67.86 | Above all weekly EMAs
2026-07-25 02:22:04 | INFO | 🔴 EXIT       | ERIE            | $    223.55 | Below 40W EMA
2026-07-25 02:22:07 | INFO | 🟢 HOLD_ADD   | ESS             | $    293.46 | Above all weekly EMAs
2026-07-25 02:22:09 | INFO | 🔴 EXIT       | EL              | $     80.29 | Below 40W EMA
2026-07-25 02:22:11 | INFO | 🟢 HOLD_ADD   | EG              | $    385.12 | Above all weekly EMAs
2026-07-25 02:22:13 | INFO | 🟢 HOLD_ADD   | EVRG            | $     87.18 | Above all weekly EMAs
2026-07-25 02:22:15 | INFO | 🟢 HOLD_ADD   | ES              | $     74.91 | Above all weekly EMAs
2026-07-25 02:22:18 | INFO | 🟡 WAIT       | EXC             | $     47.53 | EMAs converging, no breakout yet
2026-07-25 02:22:20 | INFO | 🔴 EXIT       | EXE             | $     91.52 | Below 40W EMA
2026-07-25 02:22:22 | INFO | 🟢 HOLD_ADD   | EXPE            | $    259.94 | Above all weekly EMAs
2026-07-25 02:22:24 | INFO | 🟢 HOLD_ADD   | EXPD            | $    175.30 | Above all weekly EMAs
2026-07-25 02:22:26 | INFO | 🟢 HOLD_ADD   | EXR             | $    147.71 | Above all weekly EMAs
2026-07-25 02:22:28 | INFO | 🟢 HOLD_ADD   | XOM             | $    156.94 | Above all weekly EMAs
2026-07-25 02:22:31 | INFO | 🟢 HOLD_ADD   | FFIV            | $    392.21 | Above all weekly EMAs
2026-07-25 02:22:33 | INFO | 🔴 EXIT       | FDS             | $    254.36 | Below 40W EMA
2026-07-25 02:22:35 | INFO | 🔴 EXIT       | FICO            | $   1237.37 | Below 40W EMA
2026-07-25 02:22:37 | INFO | 🟢 HOLD_ADD   | FAST            | $     47.02 | Above all weekly EMAs
2026-07-25 02:22:39 | INFO | 🟢 HOLD_ADD   | FRT             | $    126.08 | Above all weekly EMAs
2026-07-25 02:22:41 | INFO | 🟣 FADING     | FDX             | $    314.96 | Below 10W EMA - momentum fading
2026-07-25 02:22:44 | WARNING | FDXF: Insufficient data for analysis
2026-07-25 02:22:46 | INFO | 🔴 EXIT       | FIS             | $     41.51 | Below 40W EMA
2026-07-25 02:22:48 | INFO | 🟢 HOLD_ADD   | FITB            | $     57.41 | Above all weekly EMAs
2026-07-25 02:22:50 | INFO | 🟡 WAIT       | FSLR            | $    202.82 | EMAs converging, no breakout yet
2026-07-25 02:22:52 | INFO | 🟢 HOLD_ADD   | FE              | $     49.92 | Above all weekly EMAs
2026-07-25 02:22:54 | INFO | 🔴 EXIT       | FISV            | $     51.02 | Below 40W EMA
2026-07-25 02:22:56 | INFO | 🟣 FADING     | FLEX            | $    118.51 | Below 10W EMA - momentum fading
2026-07-25 02:22:59 | INFO | 🟢 HOLD_ADD   | F               | $     14.37 | Above all weekly EMAs
2026-07-25 02:23:01 | INFO | 🟢 HOLD_ADD   | FTNT            | $    152.37 | Above all weekly EMAs
2026-07-25 02:23:03 | INFO | 🟢 HOLD_ADD   | FTV             | $     62.31 | Above all weekly EMAs
2026-07-25 02:23:05 | INFO | 🔴 EXIT       | FOXA            | $     55.31 | Below 40W EMA
2026-07-25 02:23:07 | INFO | 🔴 EXIT       | FOX             | $     49.41 | Below 40W EMA
2026-07-25 02:23:09 | INFO | 🟢 HOLD_ADD   | BEN             | $     32.49 | Above all weekly EMAs
2026-07-25 02:23:11 | INFO | 🟢 HOLD_ADD   | FCX             | $     62.60 | Above all weekly EMAs
2026-07-25 02:23:14 | INFO | 🟢 HOLD_ADD   | GRMN            | $    243.03 | Above all weekly EMAs
2026-07-25 02:23:16 | INFO | 🔴 EXIT       | IT              | $    140.50 | Below 40W EMA
2026-07-25 02:23:18 | INFO | 🟢 HOLD_ADD   | GE              | $    353.73 | Above all weekly EMAs
2026-07-25 02:23:20 | INFO | 🔴 EXIT       | GEHC            | $     60.58 | Below 40W EMA
2026-07-25 02:23:22 | INFO | 🟣 FADING     | GEV             | $   1014.75 | Below 10W EMA - momentum fading
2026-07-25 02:23:24 | INFO | 🟢 HOLD_ADD   | GEN             | $     25.84 | Above all weekly EMAs
2026-07-25 02:23:26 | INFO | 🔴 EXIT       | GNRC            | $    202.01 | Below 40W EMA
2026-07-25 02:23:29 | INFO | 🟢 HOLD_ADD   | GD              | $    386.75 | Above all weekly EMAs
2026-07-25 02:23:31 | INFO | 🔴 EXIT       | GIS             | $     36.03 | Below 40W EMA
2026-07-25 02:23:33 | INFO | 🟢 HOLD_ADD   | GM              | $     82.64 | Above all weekly EMAs
2026-07-25 02:23:35 | INFO | 🟡 WAIT       | GPC             | $    124.21 | EMAs converging, no breakout yet
2026-07-25 02:23:37 | INFO | 🟡 WAIT       | GILD            | $    129.31 | EMAs converging, no breakout yet
2026-07-25 02:23:40 | INFO | 🟡 WAIT       | GPN             | $     80.92 | EMAs converging, no breakout yet
2026-07-25 02:23:42 | INFO | 🟢 HOLD_ADD   | GL              | $    173.48 | Above all weekly EMAs
2026-07-25 02:23:44 | INFO | 🔴 EXIT       | GDDY            | $     93.16 | Below 40W EMA
2026-07-25 02:23:46 | INFO | 🟢 HOLD_ADD   | GS              | $   1061.23 | Above all weekly EMAs
2026-07-25 02:23:48 | INFO | 🔴 EXIT       | HAL             | $     33.36 | Below 40W EMA
2026-07-25 02:23:50 | INFO | 🟡 WAIT       | HIG             | $    140.53 | EMAs converging, no breakout yet
2026-07-25 02:23:53 | INFO | 🟡 WAIT       | HAS             | $     88.79 | EMAs converging, no breakout yet
2026-07-25 02:23:55 | INFO | 🔴 EXIT       | HCA             | $    382.19 | Below 40W EMA
2026-07-25 02:23:57 | INFO | 🟢 HOLD_ADD   | DOC             | $     22.27 | Above all weekly EMAs
2026-07-25 02:23:59 | INFO | 🟢 HOLD_ADD   | HSIC            | $     85.47 | Above all weekly EMAs
2026-07-25 02:24:01 | INFO | 🔴 EXIT       | HSY             | $    174.30 | Below 40W EMA
2026-07-25 02:24:03 | INFO | 🟢 HOLD_ADD   | HPE             | $     47.69 | Above all weekly EMAs
2026-07-25 02:24:06 | INFO | 🟣 FADING     | HLT             | $    324.97 | Below 10W EMA - momentum fading
2026-07-25 02:24:08 | INFO | 🟡 WAIT       | HD              | $    332.98 | EMAs converging, no breakout yet
2026-07-25 02:24:10 | WARNING | HONA: Insufficient data for analysis
2026-07-25 02:24:12 | INFO | 🟡 WAIT       | HON             | $    243.15 | EMAs converging, no breakout yet
2026-07-25 02:24:14 | INFO | 🟡 WAIT       | HRL             | $     25.31 | EMAs converging, no breakout yet
2026-07-25 02:24:17 | INFO | 🟢 HOLD_ADD   | HST             | $     24.50 | Above all weekly EMAs
2026-07-25 02:24:19 | INFO | 🟢 HOLD_ADD   | HWM             | $    289.26 | Above all weekly EMAs
2026-07-25 02:24:21 | INFO | 🟢 HOLD_ADD   | HPQ             | $     25.75 | Above all weekly EMAs
2026-07-25 02:24:23 | INFO | 🟠 CAUTIOUS   | HUBB            | $    486.09 | Below 20W EMA
2026-07-25 02:24:26 | INFO | 🟢 HOLD_ADD   | HUM             | $    389.32 | Above all weekly EMAs
2026-07-25 02:24:28 | INFO | 🟢 HOLD_ADD   | HBAN            | $     17.36 | Above all weekly EMAs
2026-07-25 02:24:30 | INFO | 🔴 EXIT       | HII             | $    287.59 | Below 40W EMA
2026-07-25 02:24:32 | INFO | 🔴 EXIT       | IBM             | $    214.19 | Below 40W EMA
2026-07-25 02:24:34 | INFO | 🟢 HOLD_ADD   | IEX             | $    223.27 | Above all weekly EMAs
2026-07-25 02:24:36 | INFO | 🔴 EXIT       | IDXX            | $    544.32 | Below 40W EMA
2026-07-25 02:24:39 | INFO | 🟡 WAIT       | ITW             | $    283.02 | EMAs converging, no breakout yet
2026-07-25 02:24:41 | INFO | 🟢 HOLD_ADD   | INCY            | $    117.67 | Above all weekly EMAs
2026-07-25 02:24:43 | INFO | 🟡 WAIT       | IR              | $     84.40 | EMAs converging, no breakout yet
2026-07-25 02:24:45 | INFO | 🔴 EXIT       | PODD            | $    163.26 | Below 40W EMA
2026-07-25 02:24:47 | INFO | 🟠 CAUTIOUS   | INTC            | $     92.32 | Below 20W EMA
2026-07-25 02:24:49 | INFO | 🟢 HOLD_ADD   | IBKR            | $     91.74 | Above all weekly EMAs
2026-07-25 02:24:51 | INFO | 🔴 EXIT       | ICE             | $    145.79 | Below 40W EMA
2026-07-25 02:24:54 | INFO | 🟣 FADING     | IFF             | $     75.94 | Below 10W EMA - momentum fading
2026-07-25 02:24:56 | INFO | 🟢 HOLD_ADD   | IP              | $     42.16 | Above all weekly EMAs
2026-07-25 02:24:58 | INFO | 🔴 EXIT       | INTU            | $    296.33 | Below 40W EMA
2026-07-25 02:25:00 | INFO | 🔴 EXIT       | ISRG            | $    337.50 | Below 40W EMA
2026-07-25 02:25:02 | INFO | 🟢 HOLD_ADD   | IVZ             | $     29.93 | Above all weekly EMAs
2026-07-25 02:25:04 | INFO | 🟢 HOLD_ADD   | INVH            | $     29.78 | Above all weekly EMAs
2026-07-25 02:25:06 | INFO | ✅ BULLISH    | IQV             | $    208.05 | Resistance breakout with EMAs converging
2026-07-25 02:25:09 | INFO | 🟢 HOLD_ADD   | IRM             | $    128.31 | Above all weekly EMAs
2026-07-25 02:25:11 | INFO | 🟢 HOLD_ADD   | JBHT            | $    288.30 | Above all weekly EMAs
2026-07-25 02:25:13 | INFO | 🟠 CAUTIOUS   | JBL             | $    312.59 | Below 20W EMA
2026-07-25 02:25:15 | INFO | 🔴 EXIT       | JKHY            | $    150.58 | Below 40W EMA
2026-07-25 02:25:17 | INFO | 🟡 WAIT       | J               | $    134.56 | EMAs converging, no breakout yet
2026-07-25 02:25:20 | INFO | 🟢 HOLD_ADD   | JNJ             | $    263.40 | Above all weekly EMAs
2026-07-25 02:25:22 | INFO | 🟢 HOLD_ADD   | JCI             | $    143.37 | Above all weekly EMAs
2026-07-25 02:25:24 | INFO | 🟢 HOLD_ADD   | JPM             | $    353.21 | Above all weekly EMAs
2026-07-25 02:25:26 | INFO | 🟢 HOLD_ADD   | KVUE            | $     19.28 | Above all weekly EMAs
2026-07-25 02:25:28 | INFO | 🟠 CAUTIOUS   | KDP             | $     29.68 | Below 20W EMA
2026-07-25 02:25:30 | INFO | 🟢 HOLD_ADD   | KEY             | $     22.65 | Above all weekly EMAs
2026-07-25 02:25:32 | INFO | 🟣 FADING     | KEYS            | $    318.67 | Below 10W EMA - momentum fading
2026-07-25 02:25:35 | INFO | 🟡 WAIT       | KMB             | $    109.70 | EMAs converging, no breakout yet
2026-07-25 02:25:37 | INFO | 🟢 HOLD_ADD   | KIM             | $     26.10 | Above all weekly EMAs
2026-07-25 02:25:39 | INFO | 🟢 HOLD_ADD   | KMI             | $     32.86 | Above all weekly EMAs
2026-07-25 02:25:41 | INFO | 🔴 EXIT       | KKR             | $     99.36 | Below 40W EMA
2026-07-25 02:25:43 | INFO | 🟣 FADING     | KLAC            | $    210.52 | Below 10W EMA - momentum fading
2026-07-25 02:25:45 | INFO | 🟡 WAIT       | KHC             | $     25.67 | EMAs converging, no breakout yet
2026-07-25 02:25:48 | INFO | 🔴 EXIT       | KR              | $     56.87 | Below 40W EMA
2026-07-25 02:25:50 | INFO | 🟡 WAIT       | LHX             | $    300.21 | EMAs converging, no breakout yet
2026-07-25 02:25:52 | INFO | 🟢 HOLD_ADD   | LH              | $    296.77 | Above all weekly EMAs
2026-07-25 02:25:54 | INFO | 🟣 FADING     | LRCX            | $    305.21 | Below 10W EMA - momentum fading
2026-07-25 02:25:56 | INFO | 🔴 EXIT       | LVS             | $     46.08 | Below 40W EMA
2026-07-25 02:25:58 | INFO | 🔴 EXIT       | LDOS            | $    112.14 | Below 40W EMA
2026-07-25 02:26:01 | INFO | 🔴 EXIT       | LEN             | $     84.64 | Below 40W EMA
2026-07-25 02:26:03 | INFO | 🟡 WAIT       | LII             | $    541.13 | EMAs converging, no breakout yet
2026-07-25 02:26:05 | INFO | 🟢 HOLD_ADD   | LLY             | $   1196.03 | Above all weekly EMAs
2026-07-25 02:26:07 | INFO | 🟣 FADING     | LIN             | $    512.28 | Below 10W EMA - momentum fading
2026-07-25 02:26:09 | INFO | 🟢 HOLD_ADD   | LYV             | $    177.24 | Above all weekly EMAs
2026-07-25 02:26:12 | INFO | 🟡 WAIT       | LMT             | $    582.60 | EMAs converging, no breakout yet
2026-07-25 02:26:14 | INFO | 🟢 HOLD_ADD   | L               | $    117.90 | Above all weekly EMAs
2026-07-25 02:26:16 | INFO | 🔴 EXIT       | LOW             | $    207.64 | Below 40W EMA
2026-07-25 02:26:18 | INFO | 🔴 EXIT       | LULU            | $    114.28 | Below 40W EMA
2026-07-25 02:26:20 | INFO | 🟠 CAUTIOUS   | LITE            | $    762.99 | Below 20W EMA
2026-07-25 02:26:22 | INFO | 🟡 WAIT       | LYB             | $     60.32 | EMAs converging, no breakout yet
2026-07-25 02:26:25 | INFO | 🟢 HOLD_ADD   | MTB             | $    249.60 | Above all weekly EMAs
2026-07-25 02:26:27 | INFO | 🟢 HOLD_ADD   | MPC             | $    309.24 | Above all weekly EMAs
2026-07-25 02:26:29 | INFO | 🟢 HOLD_ADD   | MAR             | $    374.43 | Above all weekly EMAs
2026-07-25 02:26:31 | INFO | 🟡 WAIT       | MRSH            | $    180.74 | EMAs converging, no breakout yet
2026-07-25 02:26:33 | INFO | 🟡 WAIT       | MLM             | $    559.60 | EMAs converging, no breakout yet
2026-07-25 02:26:35 | INFO | 🟣 FADING     | MRVL            | $    194.23 | Below 10W EMA - momentum fading
2026-07-25 02:26:38 | INFO | 🟢 HOLD_ADD   | MAS             | $     79.27 | Above all weekly EMAs
2026-07-25 02:26:40 | INFO | 🟡 WAIT       | MA              | $    539.66 | EMAs converging, no breakout yet
2026-07-25 02:26:42 | INFO | 🔴 EXIT       | MKC             | $     49.96 | Below 40W EMA
2026-07-25 02:26:44 | INFO | 🔴 EXIT       | MCD             | $    264.76 | Below 40W EMA
2026-07-25 02:26:46 | INFO | 🟡 WAIT       | MCK             | $    840.90 | EMAs converging, no breakout yet
2026-07-25 02:26:49 | INFO | 🔴 EXIT       | MDT             | $     83.21 | Below 40W EMA
2026-07-25 02:26:51 | INFO | 🟢 HOLD_ADD   | MRK             | $    131.07 | Above all weekly EMAs
2026-07-25 02:26:53 | INFO | 🟡 WAIT       | META            | $    595.19 | EMAs converging, no breakout yet
2026-07-25 02:26:55 | INFO | 🟢 HOLD_ADD   | MET             | $     94.83 | Above all weekly EMAs
2026-07-25 02:26:57 | INFO | 🟡 WAIT       | MTD             | $   1327.18 | EMAs converging, no breakout yet
2026-07-25 02:26:59 | INFO | 🟢 HOLD_ADD   | MGM             | $     45.54 | Above all weekly EMAs
2026-07-25 02:27:01 | INFO | 🟠 CAUTIOUS   | MCHP            | $     78.86 | Below 20W EMA
2026-07-25 02:27:04 | INFO | 🟢 HOLD_ADD   | MU              | $    920.95 | Above all weekly EMAs
2026-07-25 02:27:06 | INFO | 🔴 EXIT       | MSFT            | $    381.70 | Below 40W EMA
2026-07-25 02:27:08 | INFO | 🟡 WAIT       | MAA             | $    133.88 | EMAs converging, no breakout yet
2026-07-25 02:27:10 | INFO | 🟠 CAUTIOUS   | MRNA            | $     54.07 | Below 20W EMA
2026-07-25 02:27:12 | INFO | 🔴 EXIT       | TAP             | $     40.95 | Below 40W EMA
2026-07-25 02:27:14 | INFO | 🟡 WAIT       | MDLZ            | $     60.52 | EMAs converging, no breakout yet
2026-07-25 02:27:17 | INFO | 🟠 CAUTIOUS   | MPWR            | $   1333.81 | Below 20W EMA
2026-07-25 02:27:19 | INFO | 🟢 HOLD_ADD   | MNST            | $     93.49 | Above all weekly EMAs
2026-07-25 02:27:21 | INFO | 🟡 WAIT       | MCO             | $    471.50 | EMAs converging, no breakout yet
2026-07-25 02:27:23 | INFO | 🟢 HOLD_ADD   | MS              | $    214.48 | Above all weekly EMAs
2026-07-25 02:27:25 | INFO | 🔴 EXIT       | MOS             | $     22.30 | Below 40W EMA
2026-07-25 02:27:28 | INFO | 🟡 WAIT       | MSI             | $    417.83 | EMAs converging, no breakout yet
2026-07-25 02:27:30 | INFO | 🟡 WAIT       | MSCI            | $    550.79 | EMAs converging, no breakout yet
2026-07-25 02:27:32 | INFO | 🟡 WAIT       | NDAQ            | $     92.09 | EMAs converging, no breakout yet
2026-07-25 02:27:34 | INFO | 🟢 HOLD_ADD   | NTAP            | $    167.74 | Above all weekly EMAs
2026-07-25 02:27:36 | INFO | 🔴 EXIT       | NFLX            | $     70.09 | Below 40W EMA
2026-07-25 02:27:38 | INFO | 🔴 EXIT       | NEM             | $     93.19 | Below 40W EMA
2026-07-25 02:27:40 | INFO | 🟡 WAIT       | NWSA            | $     26.76 | EMAs converging, no breakout yet
2026-07-25 02:27:43 | INFO | 🟡 WAIT       | NWS             | $     30.19 | EMAs converging, no breakout yet
2026-07-25 02:27:45 | INFO | 🟡 WAIT       | NEE             | $     89.78 | EMAs converging, no breakout yet
2026-07-25 02:27:47 | INFO | 🔴 EXIT       | NKE             | $     41.70 | Below 40W EMA
2026-07-25 02:27:49 | INFO | 🟣 FADING     | NI              | $     46.68 | Below 10W EMA - momentum fading
2026-07-25 02:27:51 | INFO | 🟢 HOLD_ADD   | NDSN            | $    295.77 | Above all weekly EMAs
2026-07-25 02:27:54 | INFO | 🟢 HOLD_ADD   | NSC             | $    350.66 | Above all weekly EMAs
2026-07-25 02:27:56 | INFO | 🟢 HOLD_ADD   | NTRS            | $    180.52 | Above all weekly EMAs
2026-07-25 02:27:58 | INFO | 🔴 EXIT       | NOC             | $    542.24 | Below 40W EMA
2026-07-25 02:28:00 | INFO | 🔴 EXIT       | NCLH            | $     19.37 | Below 40W EMA
2026-07-25 02:28:02 | INFO | 🔴 EXIT       | NRG             | $    141.03 | Below 40W EMA
2026-07-25 02:28:05 | INFO | 🟢 HOLD_ADD   | NUE             | $    247.56 | Above all weekly EMAs
2026-07-25 02:28:07 | INFO | 🟢 HOLD_ADD   | NVDA            | $    206.84 | Above all weekly EMAs
2026-07-25 02:28:09 | INFO | 🔴 EXIT       | NVR             | $   6414.67 | Below 40W EMA
2026-07-25 02:28:11 | INFO | 🟣 FADING     | NXPI            | $    269.24 | Below 10W EMA - momentum fading
2026-07-25 02:28:13 | INFO | 🔴 EXIT       | ORLY            | $     87.40 | Below 40W EMA
2026-07-25 02:28:15 | INFO | 🟢 HOLD_ADD   | OXY             | $     57.30 | Above all weekly EMAs
2026-07-25 02:28:18 | INFO | 🟢 HOLD_ADD   | ODFL            | $    232.99 | Above all weekly EMAs
2026-07-25 02:28:20 | INFO | 🟡 WAIT       | OMC             | $     79.66 | EMAs converging, no breakout yet
2026-07-25 02:28:22 | INFO | 🟠 CAUTIOUS   | ON              | $     86.81 | Below 20W EMA
2026-07-25 02:28:24 | INFO | 🟢 HOLD_ADD   | OKE             | $     93.16 | Above all weekly EMAs
2026-07-25 02:28:26 | INFO | 🔴 EXIT       | ORCL            | $    114.99 | Below 40W EMA
2026-07-25 02:28:28 | INFO | 🔴 EXIT       | OTIS            | $     71.93 | Below 40W EMA
2026-07-25 02:28:31 | INFO | 🟢 HOLD_ADD   | PCAR            | $    132.24 | Above all weekly EMAs
2026-07-25 02:28:33 | INFO | 🟢 HOLD_ADD   | PKG             | $    254.39 | Above all weekly EMAs
2026-07-25 02:28:35 | INFO | 🔴 EXIT       | PLTR            | $    122.92 | Below 40W EMA
2026-07-25 02:28:37 | INFO | 🟢 HOLD_ADD   | PANW            | $    323.79 | Above all weekly EMAs
2026-07-25 02:28:39 | INFO | 🔴 EXIT       | PSKY            | $      8.21 | Below 40W EMA
2026-07-25 02:28:41 | INFO | 🟢 HOLD_ADD   | PH              | $    987.54 | Above all weekly EMAs
2026-07-25 02:28:43 | INFO | 🟡 WAIT       | PAYX            | $    113.55 | EMAs converging, no breakout yet
2026-07-25 02:28:45 | INFO | 🟢 HOLD_ADD   | PYPL            | $     56.15 | Above all weekly EMAs
2026-07-25 02:28:48 | INFO | 🔴 EXIT       | PNR             | $     62.88 | Below 40W EMA
2026-07-25 02:28:50 | INFO | 🔴 EXIT       | PEP             | $    136.64 | Broke support with EMAs converging
2026-07-25 02:28:52 | INFO | 🟡 WAIT       | PFE             | $     24.54 | EMAs converging, no breakout yet
2026-07-25 02:28:54 | INFO | 🟡 WAIT       | PCG             | $     17.85 | EMAs converging, no breakout yet
2026-07-25 02:28:57 | INFO | 🟢 HOLD_ADD   | PM              | $    193.00 | Above all weekly EMAs
2026-07-25 02:28:59 | INFO | 🟢 HOLD_ADD   | PSX             | $    206.77 | Above all weekly EMAs
2026-07-25 02:29:01 | INFO | 🟢 HOLD_ADD   | PNW             | $    106.06 | Above all weekly EMAs
2026-07-25 02:29:03 | INFO | 🟢 HOLD_ADD   | PNC             | $    250.99 | Above all weekly EMAs
2026-07-25 02:29:05 | INFO | 🟣 FADING     | PPG             | $    116.00 | Below 10W EMA - momentum fading
2026-07-25 02:29:08 | INFO | 🟡 WAIT       | PPL             | $     36.22 | EMAs converging, no breakout yet
2026-07-25 02:29:10 | INFO | 🟢 HOLD_ADD   | PFG             | $    109.40 | Above all weekly EMAs
2026-07-25 02:29:12 | INFO | 🟡 WAIT       | PG              | $    147.41 | EMAs converging, no breakout yet
2026-07-25 02:29:14 | INFO | 🟡 WAIT       | PGR             | $    213.83 | EMAs converging, no breakout yet
2026-07-25 02:29:16 | INFO | 🟢 HOLD_ADD   | PLD             | $    147.63 | Above all weekly EMAs
2026-07-25 02:29:18 | INFO | 🟢 HOLD_ADD   | PRU             | $    119.96 | Above all weekly EMAs
2026-07-25 02:29:21 | INFO | 🟡 WAIT       | PEG             | $     79.81 | EMAs converging, no breakout yet
2026-07-25 02:29:23 | INFO | 🔴 EXIT       | PTC             | $    118.52 | Below 40W EMA
2026-07-25 02:29:25 | INFO | 🟢 HOLD_ADD   | PSA             | $    322.48 | Above all weekly EMAs
2026-07-25 02:29:27 | INFO | 🟡 WAIT       | PHM             | $    128.75 | EMAs converging, no breakout yet
2026-07-25 02:29:29 | INFO | 🟠 CAUTIOUS   | PWR             | $    625.84 | Below 20W EMA
2026-07-25 02:29:31 | INFO | 🔴 EXIT       | QCOM            | $    166.97 | Below 40W EMA
2026-07-25 02:29:34 | INFO | 🟢 HOLD_ADD   | DGX             | $    227.86 | Above all weekly EMAs
2026-07-25 02:29:36 | WARNING | Q: Insufficient data for analysis
2026-07-25 02:29:38 | INFO | 🟠 CAUTIOUS   | RL              | $    373.58 | Below 20W EMA
2026-07-25 02:29:40 | INFO | 🟡 WAIT       | RJF             | $    169.30 | EMAs converging, no breakout yet
2026-07-25 02:29:42 | INFO | 🟢 HOLD_ADD   | RTX             | $    212.79 | Above all weekly EMAs
2026-07-25 02:29:44 | INFO | 🟢 HOLD_ADD   | O               | $     65.60 | Above all weekly EMAs
2026-07-25 02:29:47 | INFO | 🟢 HOLD_ADD   | REG             | $     82.15 | Above all weekly EMAs
2026-07-25 02:29:49 | INFO | 🔴 EXIT       | REGN            | $    656.01 | Below 40W EMA
2026-07-25 02:29:51 | INFO | 🟢 HOLD_ADD   | RF              | $     30.86 | Above all weekly EMAs
2026-07-25 02:29:53 | INFO | 🟡 WAIT       | RSG             | $    216.91 | EMAs converging, no breakout yet
2026-07-25 02:29:55 | INFO | 🔴 EXIT       | RMD             | $    195.27 | Below 40W EMA
2026-07-25 02:29:58 | INFO | 🟢 HOLD_ADD   | RVTY            | $    110.47 | Above all weekly EMAs
2026-07-25 02:30:00 | INFO | 🟣 FADING     | HOOD            | $     94.91 | Below 10W EMA - momentum fading
2026-07-25 02:30:02 | INFO | 🟢 HOLD_ADD   | ROK             | $    462.16 | Above all weekly EMAs
2026-07-25 02:30:04 | INFO | 🔴 EXIT       | ROL             | $     38.56 | Below 40W EMA
2026-07-25 02:30:06 | INFO | 🔴 EXIT       | ROP             | $    367.34 | Below 40W EMA
2026-07-25 02:30:08 | INFO | 🟢 HOLD_ADD   | ROST            | $    238.89 | Above all weekly EMAs
2026-07-25 02:30:11 | INFO | 🟡 WAIT       | RCL             | $    293.54 | EMAs converging, no breakout yet
2026-07-25 02:30:13 | INFO | 🟡 WAIT       | SPGI            | $    426.40 | EMAs converging, no breakout yet
2026-07-25 02:30:15 | INFO | 🔴 EXIT       | CRM             | $    163.66 | Below 40W EMA
2026-07-25 02:30:17 | INFO | 🟣 FADING     | SNDK            | $   1436.56 | Below 10W EMA - momentum fading
2026-07-25 02:30:19 | INFO | 🔴 EXIT       | SBAC            | $    173.57 | Below 40W EMA
2026-07-25 02:30:21 | INFO | 🟢 HOLD_ADD   | SLB             | $     52.42 | Above all weekly EMAs
2026-07-25 02:30:23 | INFO | 🟢 HOLD_ADD   | STX             | $    851.69 | Above all weekly EMAs
2026-07-25 02:30:26 | INFO | 🟡 WAIT       | SRE             | $     92.98 | EMAs converging, no breakout yet
2026-07-25 02:30:28 | INFO | 🔴 EXIT       | NOW             | $     98.78 | Below 40W EMA
2026-07-25 02:30:30 | INFO | 🟡 WAIT       | SHW             | $    317.51 | EMAs converging, no breakout yet
2026-07-25 02:30:32 | INFO | 🟢 HOLD_ADD   | SPG             | $    229.78 | Above all weekly EMAs
2026-07-25 02:30:34 | INFO | 🟡 WAIT       | SWKS            | $     60.21 | EMAs converging, no breakout yet
2026-07-25 02:30:36 | INFO | 🟢 HOLD_ADD   | SJM             | $    118.32 | Above all weekly EMAs
2026-07-25 02:30:39 | INFO | 🟢 HOLD_ADD   | SW              | $     48.56 | Above all weekly EMAs
2026-07-25 02:30:41 | INFO | 🟢 HOLD_ADD   | SNA             | $    404.12 | Above all weekly EMAs
2026-07-25 02:30:43 | INFO | 🟢 HOLD_ADD   | SOLV            | $     78.01 | Above all weekly EMAs
2026-07-25 02:30:45 | INFO | 🟡 WAIT       | SO              | $     97.25 | EMAs converging, no breakout yet
2026-07-25 02:30:47 | INFO | 🟣 FADING     | LUV             | $     45.08 | Below 10W EMA - momentum fading
2026-07-25 02:30:49 | INFO | 🟢 HOLD_ADD   | SWK             | $     91.26 | Above all weekly EMAs
2026-07-25 02:30:52 | INFO | 🟢 HOLD_ADD   | SBUX            | $    103.25 | Above all weekly EMAs
2026-07-25 02:30:54 | INFO | 🟢 HOLD_ADD   | STT             | $    185.40 | Above all weekly EMAs
2026-07-25 02:30:56 | INFO | 🟢 HOLD_ADD   | STLD            | $    247.11 | Above all weekly EMAs
2026-07-25 02:30:58 | INFO | 🔴 EXIT       | STE             | $    214.07 | Below 40W EMA
2026-07-25 02:31:00 | INFO | 🔴 EXIT       | SYK             | $    330.25 | Below 40W EMA
2026-07-25 02:31:02 | INFO | 🔴 EXIT       | SMCI            | $     30.10 | Below 40W EMA
2026-07-25 02:31:05 | INFO | 🟡 WAIT       | SYF             | $     72.90 | EMAs converging, no breakout yet
2026-07-25 02:31:07 | INFO | 🔴 EXIT       | SNPS            | $    373.47 | Below 40W EMA
2026-07-25 02:31:09 | INFO | 🟢 HOLD_ADD   | SYY             | $     83.11 | Above all weekly EMAs
2026-07-25 02:31:11 | INFO | 🔴 EXIT       | TMUS            | $    180.09 | Below 40W EMA
2026-07-25 02:31:13 | INFO | 🟢 HOLD_ADD   | TROW            | $    116.50 | Above all weekly EMAs
2026-07-25 02:31:15 | INFO | 🟣 FADING     | TTWO            | $    231.65 | Below 10W EMA - momentum fading
2026-07-25 02:31:18 | INFO | 🟢 HOLD_ADD   | TPR             | $    142.60 | Above all weekly EMAs
2026-07-25 02:31:20 | INFO | 🟢 HOLD_ADD   | TRGP            | $    281.33 | Above all weekly EMAs
2026-07-25 02:31:22 | INFO | 🟢 HOLD_ADD   | TGT             | $    136.78 | Above all weekly EMAs
2026-07-25 02:31:24 | INFO | 🟡 WAIT       | TEL             | $    202.94 | EMAs converging, no breakout yet
2026-07-25 02:31:26 | INFO | 🟢 HOLD_ADD   | TDY             | $    655.35 | Above all weekly EMAs
2026-07-25 02:31:28 | INFO | 🟣 FADING     | TER             | $    349.92 | Below 10W EMA - momentum fading
2026-07-25 02:31:31 | INFO | 🔴 EXIT       | TSLA            | $    313.03 | Broke support with EMAs converging
2026-07-25 02:31:33 | INFO | 🟣 FADING     | TXN             | $    279.58 | Below 10W EMA - momentum fading
2026-07-25 02:31:35 | INFO | 🟡 WAIT       | TPL             | $    419.44 | EMAs converging, no breakout yet
2026-07-25 02:31:37 | INFO | 🟡 WAIT       | TXT             | $     95.53 | EMAs converging, no breakout yet
2026-07-25 02:31:39 | INFO | ✅ BULLISH    | TMO             | $    568.26 | Resistance breakout with EMAs converging
2026-07-25 02:31:42 | INFO | 🟡 WAIT       | TJX             | $    154.22 | EMAs converging, no breakout yet
2026-07-25 02:31:44 | INFO | 🟡 WAIT       | TKO             | $    180.62 | EMAs converging, no breakout yet
2026-07-25 02:31:46 | INFO | 🔴 EXIT       | TTD             | $     17.29 | Below 40W EMA
2026-07-25 02:31:48 | INFO | 🔴 EXIT       | TSCO            | $     31.02 | Below 40W EMA
2026-07-25 02:31:50 | INFO | 🟢 HOLD_ADD   | TT              | $    480.99 | Above all weekly EMAs
2026-07-25 02:31:52 | INFO | 🟡 WAIT       | TDG             | $   1236.71 | EMAs converging, no breakout yet
2026-07-25 02:31:55 | INFO | 🟢 HOLD_ADD   | TRV             | $    387.26 | Above all weekly EMAs
2026-07-25 02:31:57 | INFO | 🔴 EXIT       | TRMB            | $     52.91 | Below 40W EMA
2026-07-25 02:31:59 | INFO | 🟢 HOLD_ADD   | TFC             | $     51.76 | Above all weekly EMAs
2026-07-25 02:32:01 | INFO | 🔴 EXIT       | TYL             | $    297.15 | Below 40W EMA
2026-07-25 02:32:03 | INFO | 🟡 WAIT       | TSN             | $     57.45 | EMAs converging, no breakout yet
2026-07-25 02:32:05 | INFO | 🟢 HOLD_ADD   | USB             | $     63.97 | Above all weekly EMAs
2026-07-25 02:32:08 | INFO | 🔴 EXIT       | UBER            | $     65.94 | Below 40W EMA
2026-07-25 02:32:10 | INFO | 🟢 HOLD_ADD   | UDR             | $     39.59 | Above all weekly EMAs
2026-07-25 02:32:12 | INFO | 🔴 EXIT       | ULTA            | $    475.36 | Below 40W EMA
2026-07-25 02:32:14 | INFO | 🟢 HOLD_ADD   | UNP             | $    307.32 | Above all weekly EMAs
2026-07-25 02:32:16 | INFO | 🟢 HOLD_ADD   | UAL             | $    118.27 | Above all weekly EMAs
2026-07-25 02:32:18 | INFO | 🟢 HOLD_ADD   | UPS             | $    114.79 | Above all weekly EMAs
2026-07-25 02:32:20 | INFO | 🟢 HOLD_ADD   | URI             | $   1141.59 | Above all weekly EMAs
2026-07-25 02:32:23 | INFO | 🟢 HOLD_ADD   | UNH             | $    420.74 | Above all weekly EMAs
2026-07-25 02:32:25 | INFO | 🔴 EXIT       | UHS             | $    155.75 | Below 40W EMA
2026-07-25 02:32:27 | INFO | 🟢 HOLD_ADD   | VLO             | $    302.50 | Above all weekly EMAs
2026-07-25 02:32:29 | INFO | 🔴 EXIT       | VEEV            | $    186.24 | Below 40W EMA
2026-07-25 02:32:31 | INFO | 🟢 HOLD_ADD   | VTR             | $    100.53 | Above all weekly EMAs
2026-07-25 02:32:33 | INFO | 🟡 WAIT       | VLTO            | $     92.02 | EMAs converging, no breakout yet
2026-07-25 02:32:36 | INFO | 🟢 HOLD_ADD   | VRSN            | $    280.00 | Above all weekly EMAs
2026-07-25 02:32:38 | INFO | 🔴 EXIT       | VRSK            | $    201.34 | Below 40W EMA
2026-07-25 02:32:40 | INFO | 🟡 WAIT       | VZ              | $     46.38 | EMAs converging, no breakout yet
2026-07-25 02:32:42 | INFO | 🟢 HOLD_ADD   | VRTX            | $    477.36 | Above all weekly EMAs
2026-07-25 02:32:44 | INFO | 🟠 CAUTIOUS   | VRT             | $    290.36 | Below 20W EMA
2026-07-25 02:32:46 | INFO | 🟢 HOLD_ADD   | VTRS            | $     17.24 | Above all weekly EMAs
2026-07-25 02:32:48 | INFO | 🟡 WAIT       | VICI            | $     26.73 | EMAs converging, no breakout yet
2026-07-25 02:32:50 | INFO | 🟢 HOLD_ADD   | V               | $    355.74 | Above all weekly EMAs
2026-07-25 02:32:53 | INFO | 🟡 WAIT       | VST             | $    163.38 | EMAs converging, no breakout yet
2026-07-25 02:32:55 | INFO | 🟡 WAIT       | VMC             | $    279.70 | EMAs converging, no breakout yet
2026-07-25 02:32:57 | INFO | ✅ BULLISH    | WRB             | $     75.46 | Resistance breakout with EMAs converging
2026-07-25 02:32:59 | INFO | 🟢 HOLD_ADD   | GWW             | $   1382.60 | Above all weekly EMAs
2026-07-25 02:33:01 | INFO | 🟢 HOLD_ADD   | WAB             | $    302.50 | Above all weekly EMAs
2026-07-25 02:33:04 | INFO | 🟡 WAIT       | WMT             | $    109.47 | EMAs converging, no breakout yet
2026-07-25 02:33:06 | INFO | 🔴 EXIT       | DIS             | $     94.85 | Below 40W EMA
2026-07-25 02:33:08 | INFO | 🟠 CAUTIOUS   | WBD             | $     25.77 | Below 20W EMA
2026-07-25 02:33:10 | INFO | 🟡 WAIT       | WM              | $    238.75 | EMAs converging, no breakout yet
2026-07-25 02:33:12 | INFO | 🟢 HOLD_ADD   | WAT             | $    374.68 | Above all weekly EMAs
2026-07-25 02:33:15 | INFO | 🟡 WAIT       | WEC             | $    115.77 | EMAs converging, no breakout yet
2026-07-25 02:33:17 | INFO | 🟡 WAIT       | WFC             | $     86.31 | EMAs converging, no breakout yet
2026-07-25 02:33:19 | INFO | 🟢 HOLD_ADD   | WELL            | $    252.07 | Above all weekly EMAs
2026-07-25 02:33:21 | INFO | 🟣 FADING     | WST             | $    328.20 | Below 10W EMA - momentum fading
2026-07-25 02:33:23 | INFO | 🟣 FADING     | WDC             | $    519.80 | Below 10W EMA - momentum fading
2026-07-25 02:33:26 | INFO | 🟡 WAIT       | WY              | $     23.94 | EMAs converging, no breakout yet
2026-07-25 02:33:28 | INFO | 🟢 HOLD_ADD   | WSM             | $    226.74 | Above all weekly EMAs
2026-07-25 02:33:30 | INFO | 🟢 HOLD_ADD   | WMB             | $     74.00 | Above all weekly EMAs
2026-07-25 02:33:32 | INFO | 🟢 HOLD_ADD   | WTW             | $    295.11 | Above all weekly EMAs
2026-07-25 02:33:34 | INFO | 🔴 EXIT       | WDAY            | $    135.34 | Below 40W EMA
2026-07-25 02:33:36 | INFO | 🔴 EXIT       | WYNN            | $     96.92 | Below 40W EMA
2026-07-25 02:33:39 | INFO | 🟢 HOLD_ADD   | XEL             | $     81.67 | Above all weekly EMAs
2026-07-25 02:33:41 | INFO | 🔴 EXIT       | XYL             | $    119.75 | Below 40W EMA
2026-07-25 02:33:43 | INFO | 🟡 WAIT       | YUM             | $    148.92 | EMAs converging, no breakout yet
2026-07-25 02:33:45 | INFO | 🟡 WAIT       | ZBRA            | $    259.92 | EMAs converging, no breakout yet
2026-07-25 02:33:47 | INFO | 🟡 WAIT       | ZBH             | $     91.35 | EMAs converging, no breakout yet
2026-07-25 02:33:49 | INFO | 🔴 EXIT       | ZTS             | $     75.35 | Below 40W EMA
2026-07-25 02:33:49 | INFO | ==================================================
2026-07-25 02:33:49 | INFO | SCAN COMPLETE
2026-07-25 02:33:49 | INFO | Total: 500 | Errors: 3
2026-07-25 02:33:49 | INFO | EXIT: 129
2026-07-25 02:33:49 | INFO | BULLISH: 3
2026-07-25 02:33:49 | INFO | WAIT: 107
2026-07-25 02:33:49 | INFO | CAUTIOUS: 21
2026-07-25 02:33:49 | INFO | FADING: 29
2026-07-25 02:33:49 | INFO | HOLD_ADD: 211
2026-07-25 02:33:49 | INFO | 
Checking for previous log to generate Actionable Report...
2026-07-25 02:33:49 | INFO | Comparing current run against previous run: 2026-07-18_USA.log
2026-07-25 02:33:49 | INFO | Action report generated at: /home/runner/work/ema-tracker/ema-tracker/actions/2026-07-25_USA-ACTIONS.csv
